Command line invocation:
    /Applications/Xcode.app/Contents/Developer/usr/bin/xcodebuild -project hatti.xcodeproj -scheme hatti -sdk iphonesimulator -destination "platform=iOS Simulator,name=iPhone 16,OS=26.0" -configuration Debug ONLY_ACTIVE_ARCH=YES ENABLE_PREVIEWS_BUILD=NO

Build settings from command line:
    ENABLE_PREVIEWS_BUILD = NO
    ONLY_ACTIVE_ARCH = YES
    SDKROOT = iphonesimulator18.5

--- xcodebuild: WARNING: Using the first of multiple matching destinations:
{ platform:iOS Simulator, arch:arm64, id:A7E33869-092A-4CF6-9122-3911E7C42DCC, OS:26.0, name:iPhone 16 }
{ platform:iOS Simulator, arch:x86_64, id:A7E33869-092A-4CF6-9122-3911E7C42DCC, OS:26.0, name:iPhone 16 }
ComputePackagePrebuildTargetDependencyGraph

Prepare packages

CreateBuildRequest

SendProjectDescription

CreateBuildOperation

ComputeTargetDependencyGraph
note: Building targets in dependency order
note: Target dependency graph (1 target)
    Target 'hatti' in project 'hatti' (no dependencies)

GatherProvisioningInputs

CreateBuildDescription

ExecuteExternalTool /Applications/Xcode.app/Contents/Developer/Toolchains/XcodeDefault.xctoolchain/usr/bin/clang -v -E -dM -isysroot /Applications/Xcode.app/Contents/Developer/Platforms/iPhoneSimulator.platform/Developer/SDKs/iPhoneSimulator18.5.sdk -x c -c /dev/null

ExecuteExternalTool /Applications/Xcode.app/Contents/Developer/usr/bin/actool --print-asset-tag-combinations --output-format xml1 /Users/wesleykeetch/Documents/Developer/hatti/hatti/Assets.xcassets

ExecuteExternalTool /Applications/Xcode.app/Contents/Developer/usr/bin/actool --version --output-format xml1

ExecuteExternalTool /Applications/Xcode.app/Contents/Developer/Toolchains/XcodeDefault.xctoolchain/usr/bin/swiftc --version

ExecuteExternalTool /Applications/Xcode.app/Contents/Developer/Toolchains/XcodeDefault.xctoolchain/usr/bin/ld -version_details

Build description signature: 8ef2ce417c08d076bc3378594b73a2f3
Build description path: /Users/wesleykeetch/Library/Developer/Xcode/DerivedData/hatti-bvbyepqcuvplcsgfasreddgzbiti/Build/Intermediates.noindex/XCBuildData/8ef2ce417c08d076bc3378594b73a2f3.xcbuilddata
ClangStatCache /Applications/Xcode.app/Contents/Developer/Toolchains/XcodeDefault.xctoolchain/usr/bin/clang-stat-cache /Applications/Xcode.app/Contents/Developer/Platforms/iPhoneSimulator.platform/Developer/SDKs/iPhoneSimulator18.5.sdk /Users/wesleykeetch/Library/Developer/Xcode/DerivedData/SDKStatCaches.noindex/iphonesimulator18.5-22F76-d5fc8ad4295d2ef488fb7d0f804ce0c4.sdkstatcache
    cd /Users/wesleykeetch/Documents/Developer/hatti/hatti.xcodeproj
    /Applications/Xcode.app/Contents/Developer/Toolchains/XcodeDefault.xctoolchain/usr/bin/clang-stat-cache /Applications/Xcode.app/Contents/Developer/Platforms/iPhoneSimulator.platform/Developer/SDKs/iPhoneSimulator18.5.sdk -o /Users/wesleykeetch/Library/Developer/Xcode/DerivedData/SDKStatCaches.noindex/iphonesimulator18.5-22F76-d5fc8ad4295d2ef488fb7d0f804ce0c4.sdkstatcache

WriteAuxiliaryFile /Users/wesleykeetch/Library/Developer/Xcode/DerivedData/hatti-bvbyepqcuvplcsgfasreddgzbiti/Build/Intermediates.noindex/hatti.build/Debug-iphonesimulator/hatti.build/Objects-normal/arm64/hatti.SwiftConstValuesFileList (in target 'hatti' from project 'hatti')
    cd /Users/wesleykeetch/Documents/Developer/hatti
    write-file /Users/wesleykeetch/Library/Developer/Xcode/DerivedData/hatti-bvbyepqcuvplcsgfasreddgzbiti/Build/Intermediates.noindex/hatti.build/Debug-iphonesimulator/hatti.build/Objects-normal/arm64/hatti.SwiftConstValuesFileList

WriteAuxiliaryFile /Users/wesleykeetch/Library/Developer/Xcode/DerivedData/hatti-bvbyepqcuvplcsgfasreddgzbiti/Build/Intermediates.noindex/hatti.build/Debug-iphonesimulator/hatti.build/Objects-normal/arm64/hatti.LinkFileList (in target 'hatti' from project 'hatti')
    cd /Users/wesleykeetch/Documents/Developer/hatti
    write-file /Users/wesleykeetch/Library/Developer/Xcode/DerivedData/hatti-bvbyepqcuvplcsgfasreddgzbiti/Build/Intermediates.noindex/hatti.build/Debug-iphonesimulator/hatti.build/Objects-normal/arm64/hatti.LinkFileList

WriteAuxiliaryFile /Users/wesleykeetch/Library/Developer/Xcode/DerivedData/hatti-bvbyepqcuvplcsgfasreddgzbiti/Build/Intermediates.noindex/hatti.build/Debug-iphonesimulator/hatti.build/Objects-normal/arm64/hatti.SwiftFileList (in target 'hatti' from project 'hatti')
    cd /Users/wesleykeetch/Documents/Developer/hatti
    write-file /Users/wesleykeetch/Library/Developer/Xcode/DerivedData/hatti-bvbyepqcuvplcsgfasreddgzbiti/Build/Intermediates.noindex/hatti.build/Debug-iphonesimulator/hatti.build/Objects-normal/arm64/hatti.SwiftFileList

ProcessInfoPlistFile /Users/wesleykeetch/Library/Developer/Xcode/DerivedData/hatti-bvbyepqcuvplcsgfasreddgzbiti/Build/Products/Debug-iphonesimulator/hatti.app/Info.plist /Users/wesleykeetch/Documents/Developer/hatti/hatti/Info.plist (in target 'hatti' from project 'hatti')
    cd /Users/wesleykeetch/Documents/Developer/hatti
    builtin-infoPlistUtility /Users/wesleykeetch/Documents/Developer/hatti/hatti/Info.plist -producttype com.apple.product-type.application -genpkginfo /Users/wesleykeetch/Library/Developer/Xcode/DerivedData/hatti-bvbyepqcuvplcsgfasreddgzbiti/Build/Products/Debug-iphonesimulator/hatti.app/PkgInfo -expandbuildsettings -format binary -platform iphonesimulator -additionalcontentfile /Users/wesleykeetch/Library/Developer/Xcode/DerivedData/hatti-bvbyepqcuvplcsgfasreddgzbiti/Build/Intermediates.noindex/hatti.build/Debug-iphonesimulator/hatti.build/assetcatalog_generated_info.plist -o /Users/wesleykeetch/Library/Developer/Xcode/DerivedData/hatti-bvbyepqcuvplcsgfasreddgzbiti/Build/Products/Debug-iphonesimulator/hatti.app/Info.plist

SwiftDriver hatti normal arm64 com.apple.xcode.tools.swift.compiler (in target 'hatti' from project 'hatti')
    cd /Users/wesleykeetch/Documents/Developer/hatti
    builtin-SwiftDriver -- /Applications/Xcode.app/Contents/Developer/Toolchains/XcodeDefault.xctoolchain/usr/bin/swiftc -module-name hatti -Onone -enforce-exclusivity\=checked @/Users/wesleykeetch/Library/Developer/Xcode/DerivedData/hatti-bvbyepqcuvplcsgfasreddgzbiti/Build/Intermediates.noindex/hatti.build/Debug-iphonesimulator/hatti.build/Objects-normal/arm64/hatti.SwiftFileList -DDEBUG -enable-bare-slash-regex -enable-upcoming-feature MemberImportVisibility -enable-experimental-feature DebugDescriptionMacro -sdk /Applications/Xcode.app/Contents/Developer/Platforms/iPhoneSimulator.platform/Developer/SDKs/iPhoneSimulator18.5.sdk -target arm64-apple-ios26.0-simulator -g -module-cache-path /Users/wesleykeetch/Library/Developer/Xcode/DerivedData/ModuleCache.noindex -Xfrontend -serialize-debugging-options -profile-coverage-mapping -profile-generate -enable-testing -index-store-path /Users/wesleykeetch/Library/Developer/Xcode/DerivedData/hatti-bvbyepqcuvplcsgfasreddgzbiti/Index.noindex/DataStore -swift-version 5 -I /Users/wesleykeetch/Library/Developer/Xcode/DerivedData/hatti-bvbyepqcuvplcsgfasreddgzbiti/Build/Products/Debug-iphonesimulator -F /Users/wesleykeetch/Library/Developer/Xcode/DerivedData/hatti-bvbyepqcuvplcsgfasreddgzbiti/Build/Products/Debug-iphonesimulator -emit-localized-strings -emit-localized-strings-path /Users/wesleykeetch/Library/Developer/Xcode/DerivedData/hatti-bvbyepqcuvplcsgfasreddgzbiti/Build/Intermediates.noindex/hatti.build/Debug-iphonesimulator/hatti.build/Objects-normal/arm64 -c -j8 -enable-batch-mode -incremental -Xcc -ivfsstatcache -Xcc /Users/wesleykeetch/Library/Developer/Xcode/DerivedData/SDKStatCaches.noindex/iphonesimulator18.5-22F76-d5fc8ad4295d2ef488fb7d0f804ce0c4.sdkstatcache -output-file-map /Users/wesleykeetch/Library/Developer/Xcode/DerivedData/hatti-bvbyepqcuvplcsgfasreddgzbiti/Build/Intermediates.noindex/hatti.build/Debug-iphonesimulator/hatti.build/Objects-normal/arm64/hatti-OutputFileMap.json -use-frontend-parseable-output -save-temps -no-color-diagnostics -serialize-diagnostics -emit-dependencies -emit-module -emit-module-path /Users/wesleykeetch/Library/Developer/Xcode/DerivedData/hatti-bvbyepqcuvplcsgfasreddgzbiti/Build/Intermediates.noindex/hatti.build/Debug-iphonesimulator/hatti.build/Objects-normal/arm64/hatti.swiftmodule -validate-clang-modules-once -clang-build-session-file /Users/wesleykeetch/Library/Developer/Xcode/DerivedData/ModuleCache.noindex/Session.modulevalidation -Xcc -I/Users/wesleykeetch/Library/Developer/Xcode/DerivedData/hatti-bvbyepqcuvplcsgfasreddgzbiti/Build/Intermediates.noindex/hatti.build/Debug-iphonesimulator/hatti.build/swift-overrides.hmap -emit-const-values -Xfrontend -const-gather-protocols-file -Xfrontend /Users/wesleykeetch/Library/Developer/Xcode/DerivedData/hatti-bvbyepqcuvplcsgfasreddgzbiti/Build/Intermediates.noindex/hatti.build/Debug-iphonesimulator/hatti.build/Objects-normal/arm64/hatti_const_extract_protocols.json -Xcc -iquote -Xcc /Users/wesleykeetch/Library/Developer/Xcode/DerivedData/hatti-bvbyepqcuvplcsgfasreddgzbiti/Build/Intermediates.noindex/hatti.build/Debug-iphonesimulator/hatti.build/hatti-generated-files.hmap -Xcc -I/Users/wesleykeetch/Library/Developer/Xcode/DerivedData/hatti-bvbyepqcuvplcsgfasreddgzbiti/Build/Intermediates.noindex/hatti.build/Debug-iphonesimulator/hatti.build/hatti-own-target-headers.hmap -Xcc -I/Users/wesleykeetch/Library/Developer/Xcode/DerivedData/hatti-bvbyepqcuvplcsgfasreddgzbiti/Build/Intermediates.noindex/hatti.build/Debug-iphonesimulator/hatti.build/hatti-all-target-headers.hmap -Xcc -iquote -Xcc /Users/wesleykeetch/Library/Developer/Xcode/DerivedData/hatti-bvbyepqcuvplcsgfasreddgzbiti/Build/Intermediates.noindex/hatti.build/Debug-iphonesimulator/hatti.build/hatti-project-headers.hmap -Xcc -I/Users/wesleykeetch/Library/Developer/Xcode/DerivedData/hatti-bvbyepqcuvplcsgfasreddgzbiti/Build/Products/Debug-iphonesimulator/include -Xcc -I/Users/wesleykeetch/Library/Developer/Xcode/DerivedData/hatti-bvbyepqcuvplcsgfasreddgzbiti/Build/Intermediates.noindex/hatti.build/Debug-iphonesimulator/hatti.build/DerivedSources-normal/arm64 -Xcc -I/Users/wesleykeetch/Library/Developer/Xcode/DerivedData/hatti-bvbyepqcuvplcsgfasreddgzbiti/Build/Intermediates.noindex/hatti.build/Debug-iphonesimulator/hatti.build/DerivedSources/arm64 -Xcc -I/Users/wesleykeetch/Library/Developer/Xcode/DerivedData/hatti-bvbyepqcuvplcsgfasreddgzbiti/Build/Intermediates.noindex/hatti.build/Debug-iphonesimulator/hatti.build/DerivedSources -Xcc -DDEBUG\=1 -emit-objc-header -emit-objc-header-path /Users/wesleykeetch/Library/Developer/Xcode/DerivedData/hatti-bvbyepqcuvplcsgfasreddgzbiti/Build/Intermediates.noindex/hatti.build/Debug-iphonesimulator/hatti.build/Objects-normal/arm64/hatti-Swift.h -working-directory /Users/wesleykeetch/Documents/Developer/hatti -experimental-emit-module-separately -disable-cmo

SwiftCompile normal arm64 Compiling\ TriggerEngine+SeasonalAnalysis.swift,\ WeatherViewModel.swift,\ TriggerCondition.swift,\ WeatherError.swift,\ LocationPermissionView.swift,\ UserPreferencesOnboardingView.swift,\ NotificationConfig.swift,\ DetailedReminderView.swift,\ LocationPermissionManager.swift /Users/wesleykeetch/Documents/Developer/hatti/hatti/Services/Trigger/TriggerEngine+SeasonalAnalysis.swift /Users/wesleykeetch/Documents/Developer/hatti/hatti/ViewModels/WeatherViewModel.swift /Users/wesleykeetch/Documents/Developer/hatti/hatti/Models/TriggerCondition.swift /Users/wesleykeetch/Documents/Developer/hatti/hatti/Services/Weather/WeatherError.swift /Users/wesleykeetch/Documents/Developer/hatti/hatti/Views/Location/LocationPermissionView.swift /Users/wesleykeetch/Documents/Developer/hatti/hatti/Views/Onboarding/UserPreferencesOnboardingView.swift /Users/wesleykeetch/Documents/Developer/hatti/hatti/Resources/Configuration/NotificationConfig.swift /Users/wesleykeetch/Documents/Developer/hatti/hatti/Views/Reminders/DetailedReminderView.swift /Users/wesleykeetch/Documents/Developer/hatti/hatti/Services/Location/LocationPermissionManager.swift (in target 'hatti' from project 'hatti')

SwiftCompile normal arm64 /Users/wesleykeetch/Documents/Developer/hatti/hatti/Services/Trigger/TriggerEngine+SeasonalAnalysis.swift (in target 'hatti' from project 'hatti')
    cd /Users/wesleykeetch/Documents/Developer/hatti
    

SwiftCompile normal arm64 /Users/wesleykeetch/Documents/Developer/hatti/hatti/ViewModels/WeatherViewModel.swift (in target 'hatti' from project 'hatti')
    cd /Users/wesleykeetch/Documents/Developer/hatti
    

SwiftCompile normal arm64 /Users/wesleykeetch/Documents/Developer/hatti/hatti/Models/TriggerCondition.swift (in target 'hatti' from project 'hatti')
    cd /Users/wesleykeetch/Documents/Developer/hatti
    

SwiftCompile normal arm64 /Users/wesleykeetch/Documents/Developer/hatti/hatti/Services/Weather/WeatherError.swift (in target 'hatti' from project 'hatti')
    cd /Users/wesleykeetch/Documents/Developer/hatti
    

SwiftCompile normal arm64 /Users/wesleykeetch/Documents/Developer/hatti/hatti/Views/Location/LocationPermissionView.swift (in target 'hatti' from project 'hatti')
    cd /Users/wesleykeetch/Documents/Developer/hatti
    

SwiftCompile normal arm64 /Users/wesleykeetch/Documents/Developer/hatti/hatti/Views/Onboarding/UserPreferencesOnboardingView.swift (in target 'hatti' from project 'hatti')
    cd /Users/wesleykeetch/Documents/Developer/hatti
    

SwiftCompile normal arm64 /Users/wesleykeetch/Documents/Developer/hatti/hatti/Resources/Configuration/NotificationConfig.swift (in target 'hatti' from project 'hatti')
    cd /Users/wesleykeetch/Documents/Developer/hatti
    

SwiftCompile normal arm64 /Users/wesleykeetch/Documents/Developer/hatti/hatti/Views/Reminders/DetailedReminderView.swift (in target 'hatti' from project 'hatti')
    cd /Users/wesleykeetch/Documents/Developer/hatti
    

SwiftCompile normal arm64 /Users/wesleykeetch/Documents/Developer/hatti/hatti/Services/Location/LocationPermissionManager.swift (in target 'hatti' from project 'hatti')
    cd /Users/wesleykeetch/Documents/Developer/hatti
    

SwiftCompile normal arm64 Compiling\ LocationPickerView.swift,\ hattiApp.swift,\ UserPreferencesView.swift,\ DataPrivacyViewModel.swift,\ FirstReminderCreationView.swift,\ ReminderCreationComponents.swift,\ LocationManagementViewModel.swift,\ NotificationPreferencesView.swift,\ LocationData.swift /Users/wesleykeetch/Documents/Developer/hatti/hatti/Views/Location/LocationPickerView.swift /Users/wesleykeetch/Documents/Developer/hatti/hatti/hattiApp.swift /Users/wesleykeetch/Documents/Developer/hatti/hatti/Views/Onboarding/UserPreferencesView.swift /Users/wesleykeetch/Documents/Developer/hatti/hatti/ViewModels/Settings/DataPrivacyViewModel.swift /Users/wesleykeetch/Documents/Developer/hatti/hatti/Views/Reminders/FirstReminderCreationView.swift /Users/wesleykeetch/Documents/Developer/hatti/hatti/Views/Components/ReminderCreationComponents.swift /Users/wesleykeetch/Documents/Developer/hatti/hatti/ViewModels/LocationManagementViewModel.swift /Users/wesleykeetch/Documents/Developer/hatti/hatti/Views/Settings/NotificationPreferencesView.swift /Users/wesleykeetch/Documents/Developer/hatti/hatti/Models/LocationData.swift (in target 'hatti' from project 'hatti')

SwiftCompile normal arm64 /Users/wesleykeetch/Documents/Developer/hatti/hatti/Views/Location/LocationPickerView.swift (in target 'hatti' from project 'hatti')
    cd /Users/wesleykeetch/Documents/Developer/hatti
    

SwiftCompile normal arm64 /Users/wesleykeetch/Documents/Developer/hatti/hatti/hattiApp.swift (in target 'hatti' from project 'hatti')
    cd /Users/wesleykeetch/Documents/Developer/hatti
    

SwiftCompile normal arm64 /Users/wesleykeetch/Documents/Developer/hatti/hatti/Views/Onboarding/UserPreferencesView.swift (in target 'hatti' from project 'hatti')
    cd /Users/wesleykeetch/Documents/Developer/hatti
    

SwiftCompile normal arm64 /Users/wesleykeetch/Documents/Developer/hatti/hatti/ViewModels/Settings/DataPrivacyViewModel.swift (in target 'hatti' from project 'hatti')
    cd /Users/wesleykeetch/Documents/Developer/hatti
    

SwiftCompile normal arm64 /Users/wesleykeetch/Documents/Developer/hatti/hatti/Views/Reminders/FirstReminderCreationView.swift (in target 'hatti' from project 'hatti')
    cd /Users/wesleykeetch/Documents/Developer/hatti
    

SwiftCompile normal arm64 /Users/wesleykeetch/Documents/Developer/hatti/hatti/Views/Components/ReminderCreationComponents.swift (in target 'hatti' from project 'hatti')
    cd /Users/wesleykeetch/Documents/Developer/hatti
    

SwiftCompile normal arm64 /Users/wesleykeetch/Documents/Developer/hatti/hatti/ViewModels/LocationManagementViewModel.swift (in target 'hatti' from project 'hatti')
    cd /Users/wesleykeetch/Documents/Developer/hatti
    

SwiftCompile normal arm64 /Users/wesleykeetch/Documents/Developer/hatti/hatti/Views/Settings/NotificationPreferencesView.swift (in target 'hatti' from project 'hatti')
    cd /Users/wesleykeetch/Documents/Developer/hatti
    

SwiftCompile normal arm64 /Users/wesleykeetch/Documents/Developer/hatti/hatti/Models/LocationData.swift (in target 'hatti' from project 'hatti')
    cd /Users/wesleykeetch/Documents/Developer/hatti
    

SwiftCompile normal arm64 Compiling\ WeatherServiceConfiguration.swift,\ ComprehensiveReminderCreationViewModel.swift,\ ReminderManagementView.swift,\ TriggerEngine+ForecastAnalysis.swift,\ ReminderSummaryCard.swift,\ SettingsViewModel.swift,\ SettingsSubViews.swift,\ ReminderLocation.swift,\ BackgroundWeatherManager.swift,\ LocationManagementComponents.swift /Users/wesleykeetch/Documents/Developer/hatti/hatti/Services/Weather/WeatherServiceConfiguration.swift /Users/wesleykeetch/Documents/Developer/hatti/hatti/ViewModels/ComprehensiveReminderCreationViewModel.swift /Users/wesleykeetch/Documents/Developer/hatti/hatti/Views/Reminders/ReminderManagementView.swift /Users/wesleykeetch/Documents/Developer/hatti/hatti/Services/Trigger/TriggerEngine+ForecastAnalysis.swift /Users/wesleykeetch/Documents/Developer/hatti/hatti/Views/Components/ReminderSummaryCard.swift /Users/wesleykeetch/Documents/Developer/hatti/hatti/ViewModels/SettingsViewModel.swift /Users/wesleykeetch/Documents/Developer/hatti/hatti/Views/Settings/SettingsSubViews.swift /Users/wesleykeetch/Documents/Developer/hatti/hatti/Models/ReminderLocation.swift /Users/wesleykeetch/Documents/Developer/hatti/hatti/Services/Weather/BackgroundWeatherManager.swift /Users/wesleykeetch/Documents/Developer/hatti/hatti/Views/Location/LocationManagementComponents.swift (in target 'hatti' from project 'hatti')

SwiftCompile normal arm64 /Users/wesleykeetch/Documents/Developer/hatti/hatti/Services/Weather/WeatherServiceConfiguration.swift (in target 'hatti' from project 'hatti')
    cd /Users/wesleykeetch/Documents/Developer/hatti
    

SwiftCompile normal arm64 /Users/wesleykeetch/Documents/Developer/hatti/hatti/ViewModels/ComprehensiveReminderCreationViewModel.swift (in target 'hatti' from project 'hatti')
    cd /Users/wesleykeetch/Documents/Developer/hatti
    

SwiftCompile normal arm64 /Users/wesleykeetch/Documents/Developer/hatti/hatti/Views/Reminders/ReminderManagementView.swift (in target 'hatti' from project 'hatti')
    cd /Users/wesleykeetch/Documents/Developer/hatti
    

SwiftCompile normal arm64 /Users/wesleykeetch/Documents/Developer/hatti/hatti/Services/Trigger/TriggerEngine+ForecastAnalysis.swift (in target 'hatti' from project 'hatti')
    cd /Users/wesleykeetch/Documents/Developer/hatti
    

SwiftCompile normal arm64 /Users/wesleykeetch/Documents/Developer/hatti/hatti/Views/Components/ReminderSummaryCard.swift (in target 'hatti' from project 'hatti')
    cd /Users/wesleykeetch/Documents/Developer/hatti
    

SwiftCompile normal arm64 /Users/wesleykeetch/Documents/Developer/hatti/hatti/ViewModels/SettingsViewModel.swift (in target 'hatti' from project 'hatti')
    cd /Users/wesleykeetch/Documents/Developer/hatti
    

SwiftCompile normal arm64 /Users/wesleykeetch/Documents/Developer/hatti/hatti/Views/Settings/SettingsSubViews.swift (in target 'hatti' from project 'hatti')
    cd /Users/wesleykeetch/Documents/Developer/hatti
    

SwiftCompile normal arm64 /Users/wesleykeetch/Documents/Developer/hatti/hatti/Models/ReminderLocation.swift (in target 'hatti' from project 'hatti')
    cd /Users/wesleykeetch/Documents/Developer/hatti
    

SwiftCompile normal arm64 /Users/wesleykeetch/Documents/Developer/hatti/hatti/Services/Weather/BackgroundWeatherManager.swift (in target 'hatti' from project 'hatti')
    cd /Users/wesleykeetch/Documents/Developer/hatti
    

SwiftCompile normal arm64 /Users/wesleykeetch/Documents/Developer/hatti/hatti/Views/Location/LocationManagementComponents.swift (in target 'hatti' from project 'hatti')
    cd /Users/wesleykeetch/Documents/Developer/hatti
    

SwiftCompile normal arm64 Compiling\ TriggerEngineManager.swift,\ DashboardView.swift,\ WeatherAlertsView.swift,\ WeatherAlert.swift,\ WeatherService.swift,\ ManualLocationEntryView.swift,\ ButtonStyles.swift,\ WelcomeView.swift,\ GeneratedAssetSymbols.swift /Users/wesleykeetch/Documents/Developer/hatti/hatti/Services/Trigger/TriggerEngineManager.swift /Users/wesleykeetch/Documents/Developer/hatti/hatti/Views/Dashboard/DashboardView.swift /Users/wesleykeetch/Documents/Developer/hatti/hatti/Views/Weather/WeatherAlertsView.swift /Users/wesleykeetch/Documents/Developer/hatti/hatti/Models/WeatherAlert.swift /Users/wesleykeetch/Documents/Developer/hatti/hatti/Services/Weather/WeatherService.swift /Users/wesleykeetch/Documents/Developer/hatti/hatti/Views/Location/ManualLocationEntryView.swift /Users/wesleykeetch/Documents/Developer/hatti/hatti/Utilities/Helpers/ButtonStyles.swift /Users/wesleykeetch/Documents/Developer/hatti/hatti/Views/Onboarding/WelcomeView.swift /Users/wesleykeetch/Library/Developer/Xcode/DerivedData/hatti-bvbyepqcuvplcsgfasreddgzbiti/Build/Intermediates.noindex/hatti.build/Debug-iphonesimulator/hatti.build/DerivedSources/GeneratedAssetSymbols.swift (in target 'hatti' from project 'hatti')
SwiftCompile normal arm64 /Users/wesleykeetch/Documents/Developer/hatti/hatti/Services/Trigger/TriggerEngineManager.swift (in target 'hatti' from project 'hatti')
    cd /Users/wesleykeetch/Documents/Developer/hatti
    

SwiftCompile normal arm64 /Users/wesleykeetch/Documents/Developer/hatti/hatti/Views/Dashboard/DashboardView.swift (in target 'hatti' from project 'hatti')
    cd /Users/wesleykeetch/Documents/Developer/hatti
    

SwiftCompile normal arm64 /Users/wesleykeetch/Documents/Developer/hatti/hatti/Views/Weather/WeatherAlertsView.swift (in target 'hatti' from project 'hatti')
    cd /Users/wesleykeetch/Documents/Developer/hatti
    

SwiftCompile normal arm64 /Users/wesleykeetch/Documents/Developer/hatti/hatti/Models/WeatherAlert.swift (in target 'hatti' from project 'hatti')
    cd /Users/wesleykeetch/Documents/Developer/hatti
    

SwiftCompile normal arm64 /Users/wesleykeetch/Documents/Developer/hatti/hatti/Services/Weather/WeatherService.swift (in target 'hatti' from project 'hatti')
    cd /Users/wesleykeetch/Documents/Developer/hatti
    

SwiftCompile normal arm64 /Users/wesleykeetch/Documents/Developer/hatti/hatti/Views/Location/ManualLocationEntryView.swift (in target 'hatti' from project 'hatti')
    cd /Users/wesleykeetch/Documents/Developer/hatti
    

SwiftCompile normal arm64 /Users/wesleykeetch/Documents/Developer/hatti/hatti/Utilities/Helpers/ButtonStyles.swift (in target 'hatti' from project 'hatti')
    cd /Users/wesleykeetch/Documents/Developer/hatti
    

SwiftCompile normal arm64 /Users/wesleykeetch/Documents/Developer/hatti/hatti/Views/Onboarding/WelcomeView.swift (in target 'hatti' from project 'hatti')
    cd /Users/wesleykeetch/Documents/Developer/hatti
    

SwiftCompile normal arm64 /Users/wesleykeetch/Library/Developer/Xcode/DerivedData/hatti-bvbyepqcuvplcsgfasreddgzbiti/Build/Intermediates.noindex/hatti.build/Debug-iphonesimulator/hatti.build/DerivedSources/GeneratedAssetSymbols.swift (in target 'hatti' from project 'hatti')
    cd /Users/wesleykeetch/Documents/Developer/hatti
    

SwiftEmitModule normal arm64 Emitting\ module\ for\ hatti (in target 'hatti' from project 'hatti')

EmitSwiftModule normal arm64 (in target 'hatti' from project 'hatti')
    cd /Users/wesleykeetch/Documents/Developer/hatti
    
/Users/wesleykeetch/Documents/Developer/hatti/hatti/Services/Trigger/TriggerEngine.swift:19:9: warning: stored property 'condition' of 'Sendable'-conforming struct 'TriggerEvaluationResult' has non-sendable type 'TriggerCondition'; this is an error in the Swift 6 language mode
    let condition: TriggerCondition
        ^
/Users/wesleykeetch/Documents/Developer/hatti/hatti/Models/TriggerCondition.swift:12:13: note: class 'TriggerCondition' does not conform to the 'Sendable' protocol
final class TriggerCondition {
            ^
/Users/wesleykeetch/Documents/Developer/hatti/hatti/Services/Trigger/TriggerEngine.swift:23:9: warning: stored property 'weatherData' of 'Sendable'-conforming struct 'TriggerEvaluationResult' has non-sendable type 'WeatherData?'; this is an error in the Swift 6 language mode
    let weatherData: WeatherData?
        ^
Swift.Optional:1:21: note: generic enum 'Optional' does not conform to the 'Sendable' protocol
@frozen public enum Optional<Wrapped> : ~Copyable where Wrapped : ~Copyable {
                    ^
/Users/wesleykeetch/Documents/Developer/hatti/hatti/Services/Trigger/TriggerEngine.swift:55:9: warning: stored property 'historicalData' of 'Sendable'-conforming struct 'HistoricalWeatherContext' has non-sendable type '[WeatherData]'; this is an error in the Swift 6 language mode
    let historicalData: [WeatherData]
        ^
Swift.Array:1:23: note: generic struct 'Array' does not conform to the 'Sendable' protocol
@frozen public struct Array<Element> : _DestructorSafeContainer {
                      ^
/Users/wesleykeetch/Documents/Developer/hatti/hatti/Services/Trigger/TriggerEngine+Performance.swift:14:1: warning: extension declares a conformance of imported type 'CLLocationCoordinate2D' to imported protocols 'Hashable', 'Equatable'; this will not behave correctly if the owners of 'CoreLocation' introduce this conformance in the future
extension CLLocationCoordinate2D: Hashable {
^
/Users/wesleykeetch/Documents/Developer/hatti/hatti/Services/Trigger/TriggerEngine+Performance.swift:14:1: note: add '@retroactive' to silence this warning
extension CLLocationCoordinate2D: Hashable {
^                                 ~~~~~~~~
                                  @retroactive Hashable

SwiftCompile normal arm64 Compiling\ FirstReminderCreationComponents.swift,\ FirstReminderCreationViewModel.swift,\ DataPrivacyView.swift,\ Item.swift,\ TriggerEngine+TrendAnalysis.swift,\ ContentView.swift,\ TemperatureTrendChart.swift,\ UserPreferences.swift,\ WeatherForecastIntegration.swift /Users/wesleykeetch/Documents/Developer/hatti/hatti/Views/Components/FirstReminderCreationComponents.swift /Users/wesleykeetch/Documents/Developer/hatti/hatti/ViewModels/FirstReminderCreationViewModel.swift /Users/wesleykeetch/Documents/Developer/hatti/hatti/Views/Settings/DataPrivacyView.swift /Users/wesleykeetch/Documents/Developer/hatti/hatti/Models/Item.swift /Users/wesleykeetch/Documents/Developer/hatti/hatti/Services/Trigger/TriggerEngine+TrendAnalysis.swift /Users/wesleykeetch/Documents/Developer/hatti/hatti/Views/Dashboard/ContentView.swift /Users/wesleykeetch/Documents/Developer/hatti/hatti/Views/Weather/TemperatureTrendChart.swift /Users/wesleykeetch/Documents/Developer/hatti/hatti/Models/UserPreferences.swift /Users/wesleykeetch/Documents/Developer/hatti/hatti/Services/Weather/WeatherForecastIntegration.swift (in target 'hatti' from project 'hatti')

SwiftCompile normal arm64 /Users/wesleykeetch/Documents/Developer/hatti/hatti/Views/Components/FirstReminderCreationComponents.swift (in target 'hatti' from project 'hatti')
    cd /Users/wesleykeetch/Documents/Developer/hatti
    

SwiftCompile normal arm64 /Users/wesleykeetch/Documents/Developer/hatti/hatti/ViewModels/FirstReminderCreationViewModel.swift (in target 'hatti' from project 'hatti')
    cd /Users/wesleykeetch/Documents/Developer/hatti
    

SwiftCompile normal arm64 /Users/wesleykeetch/Documents/Developer/hatti/hatti/Views/Settings/DataPrivacyView.swift (in target 'hatti' from project 'hatti')
    cd /Users/wesleykeetch/Documents/Developer/hatti
    

SwiftCompile normal arm64 /Users/wesleykeetch/Documents/Developer/hatti/hatti/Models/Item.swift (in target 'hatti' from project 'hatti')
    cd /Users/wesleykeetch/Documents/Developer/hatti
    

SwiftCompile normal arm64 /Users/wesleykeetch/Documents/Developer/hatti/hatti/Services/Trigger/TriggerEngine+TrendAnalysis.swift (in target 'hatti' from project 'hatti')
    cd /Users/wesleykeetch/Documents/Developer/hatti
    

SwiftCompile normal arm64 /Users/wesleykeetch/Documents/Developer/hatti/hatti/Views/Dashboard/ContentView.swift (in target 'hatti' from project 'hatti')
    cd /Users/wesleykeetch/Documents/Developer/hatti
    

SwiftCompile normal arm64 /Users/wesleykeetch/Documents/Developer/hatti/hatti/Views/Weather/TemperatureTrendChart.swift (in target 'hatti' from project 'hatti')
    cd /Users/wesleykeetch/Documents/Developer/hatti
    

SwiftCompile normal arm64 /Users/wesleykeetch/Documents/Developer/hatti/hatti/Models/UserPreferences.swift (in target 'hatti' from project 'hatti')
    cd /Users/wesleykeetch/Documents/Developer/hatti
    

SwiftCompile normal arm64 /Users/wesleykeetch/Documents/Developer/hatti/hatti/Services/Weather/WeatherForecastIntegration.swift (in target 'hatti' from project 'hatti')
    cd /Users/wesleykeetch/Documents/Developer/hatti
    

SwiftCompile normal arm64 Compiling\ SettingsView.swift,\ SavedLocation.swift,\ WeatherAPI.swift,\ LocationManagementView.swift,\ WeatherTypes.swift,\ NotificationPermissionView.swift,\ ComprehensiveReminderCreationView.swift,\ DetailedReminderComponents.swift,\ DetailedReminderViewModel.swift,\ DataExportOptionsView.swift /Users/wesleykeetch/Documents/Developer/hatti/hatti/Views/Settings/SettingsView.swift /Users/wesleykeetch/Documents/Developer/hatti/hatti/Models/SavedLocation.swift /Users/wesleykeetch/Documents/Developer/hatti/hatti/Services/Weather/WeatherAPI.swift /Users/wesleykeetch/Documents/Developer/hatti/hatti/Views/Location/LocationManagementView.swift /Users/wesleykeetch/Documents/Developer/hatti/hatti/Models/WeatherTypes.swift /Users/wesleykeetch/Documents/Developer/hatti/hatti/Views/Onboarding/NotificationPermissionView.swift /Users/wesleykeetch/Documents/Developer/hatti/hatti/Views/Reminders/ComprehensiveReminderCreationView.swift /Users/wesleykeetch/Documents/Developer/hatti/hatti/Views/Components/DetailedReminderComponents.swift /Users/wesleykeetch/Documents/Developer/hatti/hatti/ViewModels/DetailedReminderViewModel.swift /Users/wesleykeetch/Documents/Developer/hatti/hatti/Views/Settings/DataExportOptionsView.swift (in target 'hatti' from project 'hatti')

SwiftCompile normal arm64 /Users/wesleykeetch/Documents/Developer/hatti/hatti/Views/Settings/SettingsView.swift (in target 'hatti' from project 'hatti')
    cd /Users/wesleykeetch/Documents/Developer/hatti
    

SwiftCompile normal arm64 /Users/wesleykeetch/Documents/Developer/hatti/hatti/Models/SavedLocation.swift (in target 'hatti' from project 'hatti')
    cd /Users/wesleykeetch/Documents/Developer/hatti
    

SwiftCompile normal arm64 /Users/wesleykeetch/Documents/Developer/hatti/hatti/Services/Weather/WeatherAPI.swift (in target 'hatti' from project 'hatti')
    cd /Users/wesleykeetch/Documents/Developer/hatti
    

SwiftCompile normal arm64 /Users/wesleykeetch/Documents/Developer/hatti/hatti/Views/Location/LocationManagementView.swift (in target 'hatti' from project 'hatti')
    cd /Users/wesleykeetch/Documents/Developer/hatti
    

SwiftCompile normal arm64 /Users/wesleykeetch/Documents/Developer/hatti/hatti/Models/WeatherTypes.swift (in target 'hatti' from project 'hatti')
    cd /Users/wesleykeetch/Documents/Developer/hatti
    

SwiftCompile normal arm64 /Users/wesleykeetch/Documents/Developer/hatti/hatti/Views/Onboarding/NotificationPermissionView.swift (in target 'hatti' from project 'hatti')
    cd /Users/wesleykeetch/Documents/Developer/hatti
    

SwiftCompile normal arm64 /Users/wesleykeetch/Documents/Developer/hatti/hatti/Views/Reminders/ComprehensiveReminderCreationView.swift (in target 'hatti' from project 'hatti')
    cd /Users/wesleykeetch/Documents/Developer/hatti
    

SwiftCompile normal arm64 /Users/wesleykeetch/Documents/Developer/hatti/hatti/Views/Components/DetailedReminderComponents.swift (in target 'hatti' from project 'hatti')
    cd /Users/wesleykeetch/Documents/Developer/hatti
    

SwiftCompile normal arm64 /Users/wesleykeetch/Documents/Developer/hatti/hatti/ViewModels/DetailedReminderViewModel.swift (in target 'hatti' from project 'hatti')
    cd /Users/wesleykeetch/Documents/Developer/hatti
    

SwiftCompile normal arm64 /Users/wesleykeetch/Documents/Developer/hatti/hatti/Views/Settings/DataExportOptionsView.swift (in target 'hatti' from project 'hatti')
    cd /Users/wesleykeetch/Documents/Developer/hatti
    

SwiftCompile normal arm64 Compiling\ ComparisonCard.swift,\ NotificationPreferencesViewModel.swift,\ QuickCreateReminderView.swift,\ TriggerEngine.swift,\ ReminderManagementComponents.swift,\ ReminderManagementViewModel.swift,\ PrivacyContactView.swift,\ NotificationTiming.swift,\ WeatherView.swift,\ WeatherData.swift /Users/wesleykeetch/Documents/Developer/hatti/hatti/Views/Components/ComparisonCard.swift /Users/wesleykeetch/Documents/Developer/hatti/hatti/ViewModels/Settings/NotificationPreferencesViewModel.swift /Users/wesleykeetch/Documents/Developer/hatti/hatti/Views/Reminders/QuickCreateReminderView.swift /Users/wesleykeetch/Documents/Developer/hatti/hatti/Services/Trigger/TriggerEngine.swift /Users/wesleykeetch/Documents/Developer/hatti/hatti/Views/Components/ReminderManagementComponents.swift /Users/wesleykeetch/Documents/Developer/hatti/hatti/ViewModels/ReminderManagementViewModel.swift /Users/wesleykeetch/Documents/Developer/hatti/hatti/Views/Settings/PrivacyContactView.swift /Users/wesleykeetch/Documents/Developer/hatti/hatti/Models/NotificationTiming.swift /Users/wesleykeetch/Documents/Developer/hatti/hatti/Views/Weather/WeatherView.swift /Users/wesleykeetch/Documents/Developer/hatti/hatti/Models/WeatherData.swift (in target 'hatti' from project 'hatti')

SwiftCompile normal arm64 /Users/wesleykeetch/Documents/Developer/hatti/hatti/Views/Components/ComparisonCard.swift (in target 'hatti' from project 'hatti')
    cd /Users/wesleykeetch/Documents/Developer/hatti
    

SwiftCompile normal arm64 /Users/wesleykeetch/Documents/Developer/hatti/hatti/ViewModels/Settings/NotificationPreferencesViewModel.swift (in target 'hatti' from project 'hatti')
    cd /Users/wesleykeetch/Documents/Developer/hatti
    

SwiftCompile normal arm64 /Users/wesleykeetch/Documents/Developer/hatti/hatti/Views/Reminders/QuickCreateReminderView.swift (in target 'hatti' from project 'hatti')
    cd /Users/wesleykeetch/Documents/Developer/hatti
    

SwiftCompile normal arm64 /Users/wesleykeetch/Documents/Developer/hatti/hatti/Services/Trigger/TriggerEngine.swift (in target 'hatti' from project 'hatti')
    cd /Users/wesleykeetch/Documents/Developer/hatti
    

SwiftCompile normal arm64 /Users/wesleykeetch/Documents/Developer/hatti/hatti/Views/Components/ReminderManagementComponents.swift (in target 'hatti' from project 'hatti')
    cd /Users/wesleykeetch/Documents/Developer/hatti
    

SwiftCompile normal arm64 /Users/wesleykeetch/Documents/Developer/hatti/hatti/ViewModels/ReminderManagementViewModel.swift (in target 'hatti' from project 'hatti')
    cd /Users/wesleykeetch/Documents/Developer/hatti
    

SwiftCompile normal arm64 /Users/wesleykeetch/Documents/Developer/hatti/hatti/Views/Settings/PrivacyContactView.swift (in target 'hatti' from project 'hatti')
    cd /Users/wesleykeetch/Documents/Developer/hatti
    

SwiftCompile normal arm64 /Users/wesleykeetch/Documents/Developer/hatti/hatti/Models/NotificationTiming.swift (in target 'hatti' from project 'hatti')
    cd /Users/wesleykeetch/Documents/Developer/hatti
    

SwiftCompile normal arm64 /Users/wesleykeetch/Documents/Developer/hatti/hatti/Views/Weather/WeatherView.swift (in target 'hatti' from project 'hatti')
    cd /Users/wesleykeetch/Documents/Developer/hatti
    

SwiftCompile normal arm64 /Users/wesleykeetch/Documents/Developer/hatti/hatti/Models/WeatherData.swift (in target 'hatti' from project 'hatti')
    cd /Users/wesleykeetch/Documents/Developer/hatti
    

SwiftCompile normal arm64 Compiling\ WeatherViewComponents.swift,\ WeatherReminder.swift,\ CelebrationView.swift,\ AllRemindersView.swift,\ OnboardingCoordinator.swift,\ ConditionBuilderView.swift,\ DashboardViewModel.swift,\ TriggerEngine+Performance.swift,\ WelcomeViewComponents.swift,\ UserPreferencesViewModel.swift /Users/wesleykeetch/Documents/Developer/hatti/hatti/Views/Weather/WeatherViewComponents.swift /Users/wesleykeetch/Documents/Developer/hatti/hatti/Models/WeatherReminder.swift /Users/wesleykeetch/Documents/Developer/hatti/hatti/Views/Onboarding/CelebrationView.swift /Users/wesleykeetch/Documents/Developer/hatti/hatti/Views/Reminders/AllRemindersView.swift /Users/wesleykeetch/Documents/Developer/hatti/hatti/Services/Background/OnboardingCoordinator.swift /Users/wesleykeetch/Documents/Developer/hatti/hatti/Views/Components/ConditionBuilderView.swift /Users/wesleykeetch/Documents/Developer/hatti/hatti/ViewModels/DashboardViewModel.swift /Users/wesleykeetch/Documents/Developer/hatti/hatti/Services/Trigger/TriggerEngine+Performance.swift /Users/wesleykeetch/Documents/Developer/hatti/hatti/Views/Components/WelcomeViewComponents.swift /Users/wesleykeetch/Documents/Developer/hatti/hatti/ViewModels/UserPreferencesViewModel.swift (in target 'hatti' from project 'hatti')
Failed frontend command:
/Applications/Xcode.app/Contents/Developer/Toolchains/XcodeDefault.xctoolchain/usr/bin/swift-frontend -frontend -c /Users/wesleykeetch/Documents/Developer/hatti/hatti/Views/Components/ComparisonCard.swift /Users/wesleykeetch/Documents/Developer/hatti/hatti/ViewModels/Settings/NotificationPreferencesViewModel.swift /Users/wesleykeetch/Documents/Developer/hatti/hatti/Views/Reminders/QuickCreateReminderView.swift /Users/wesleykeetch/Documents/Developer/hatti/hatti/Services/Trigger/TriggerEngine.swift /Users/wesleykeetch/Documents/Developer/hatti/hatti/Views/Components/ReminderManagementComponents.swift /Users/wesleykeetch/Documents/Developer/hatti/hatti/ViewModels/ReminderManagementViewModel.swift /Users/wesleykeetch/Documents/Developer/hatti/hatti/Views/Settings/PrivacyContactView.swift /Users/wesleykeetch/Documents/Developer/hatti/hatti/Models/NotificationTiming.swift /Users/wesleykeetch/Documents/Developer/hatti/hatti/Views/Weather/WeatherView.swift /Users/wesleykeetch/Documents/Developer/hatti/hatti/Models/WeatherData.swift /Users/wesleykeetch/Documents/Developer/hatti/hatti/Services/Weather/WeatherServiceConfiguration.swift /Users/wesleykeetch/Documents/Developer/hatti/hatti/ViewModels/ComprehensiveReminderCreationViewModel.swift /Users/wesleykeetch/Documents/Developer/hatti/hatti/Views/Reminders/ReminderManagementView.swift /Users/wesleykeetch/Documents/Developer/hatti/hatti/Services/Trigger/TriggerEngine+ForecastAnalysis.swift /Users/wesleykeetch/Documents/Developer/hatti/hatti/Views/Components/ReminderSummaryCard.swift /Users/wesleykeetch/Documents/Developer/hatti/hatti/ViewModels/SettingsViewModel.swift /Users/wesleykeetch/Documents/Developer/hatti/hatti/Views/Settings/SettingsSubViews.swift /Users/wesleykeetch/Documents/Developer/hatti/hatti/Models/ReminderLocation.swift /Users/wesleykeetch/Documents/Developer/hatti/hatti/Services/Weather/BackgroundWeatherManager.swift /Users/wesleykeetch/Documents/Developer/hatti/hatti/Views/Location/LocationManagementComponents.swift -primary-file /Users/wesleykeetch/Documents/Developer/hatti/hatti/Views/Weather/WeatherViewComponents.swift -primary-file /Users/wesleykeetch/Documents/Developer/hatti/hatti/Models/WeatherReminder.swift -primary-file /Users/wesleykeetch/Documents/Developer/hatti/hatti/Views/Onboarding/CelebrationView.swift -primary-file /Users/wesleykeetch/Documents/Developer/hatti/hatti/Views/Reminders/AllRemindersView.swift -primary-file /Users/wesleykeetch/Documents/Developer/hatti/hatti/Services/Background/OnboardingCoordinator.swift -primary-file /Users/wesleykeetch/Documents/Developer/hatti/hatti/Views/Components/ConditionBuilderView.swift -primary-file /Users/wesleykeetch/Documents/Developer/hatti/hatti/ViewModels/DashboardViewModel.swift -primary-file /Users/wesleykeetch/Documents/Developer/hatti/hatti/Services/Trigger/TriggerEngine+Performance.swift -primary-file /Users/wesleykeetch/Documents/Developer/hatti/hatti/Views/Components/WelcomeViewComponents.swift -primary-file /Users/wesleykeetch/Documents/Developer/hatti/hatti/ViewModels/UserPreferencesViewModel.swift /Users/wesleykeetch/Documents/Developer/hatti/hatti/Views/Settings/SettingsView.swift /Users/wesleykeetch/Documents/Developer/hatti/hatti/Models/SavedLocation.swift /Users/wesleykeetch/Documents/Developer/hatti/hatti/Services/Weather/WeatherAPI.swift /Users/wesleykeetch/Documents/Developer/hatti/hatti/Views/Location/LocationManagementView.swift /Users/wesleykeetch/Documents/Developer/hatti/hatti/Models/WeatherTypes.swift /Users/wesleykeetch/Documents/Developer/hatti/hatti/Views/Onboarding/NotificationPermissionView.swift /Users/wesleykeetch/Documents/Developer/hatti/hatti/Views/Reminders/ComprehensiveReminderCreationView.swift /Users/wesleykeetch/Documents/Developer/hatti/hatti/Views/Components/DetailedReminderComponents.swift /Users/wesleykeetch/Documents/Developer/hatti/hatti/ViewModels/DetailedReminderViewModel.swift /Users/wesleykeetch/Documents/Developer/hatti/hatti/Views/Settings/DataExportOptionsView.swift /Users/wesleykeetch/Documents/Developer/hatti/hatti/Services/Trigger/TriggerEngine+SeasonalAnalysis.swift /Users/wesleykeetch/Documents/Developer/hatti/hatti/ViewModels/WeatherViewModel.swift /Users/wesleykeetch/Documents/Developer/hatti/hatti/Models/TriggerCondition.swift /Users/wesleykeetch/Documents/Developer/hatti/hatti/Services/Weather/WeatherError.swift /Users/wesleykeetch/Documents/Developer/hatti/hatti/Views/Location/LocationPermissionView.swift /Users/wesleykeetch/Documents/Developer/hatti/hatti/Views/Onboarding/UserPreferencesOnboardingView.swift /Users/wesleykeetch/Documents/Developer/hatti/hatti/Resources/Configuration/NotificationConfig.swift /Users/wesleykeetch/Documents/Developer/hatti/hatti/Views/Reminders/DetailedReminderView.swift /Users/wesleykeetch/Documents/Developer/hatti/hatti/Services/Location/LocationPermissionManager.swift /Users/wesleykeetch/Documents/Developer/hatti/hatti/Views/Components/FirstReminderCreationComponents.swift /Users/wesleykeetch/Documents/Developer/hatti/hatti/ViewModels/FirstReminderCreationViewModel.swift /Users/wesleykeetch/Documents/Developer/hatti/hatti/Views/Settings/DataPrivacyView.swift /Users/wesleykeetch/Documents/Developer/hatti/hatti/Models/Item.swift /Users/wesleykeetch/Documents/Developer/hatti/hatti/Services/Trigger/TriggerEngine+TrendAnalysis.swift /Users/wesleykeetch/Documents/Developer/hatti/hatti/Views/Dashboard/ContentView.swift /Users/wesleykeetch/Documents/Developer/hatti/hatti/Views/Weather/TemperatureTrendChart.swift /Users/wesleykeetch/Documents/Developer/hatti/hatti/Models/UserPreferences.swift /Users/wesleykeetch/Documents/Developer/hatti/hatti/Services/Weather/WeatherForecastIntegration.swift /Users/wesleykeetch/Documents/Developer/hatti/hatti/Views/Location/LocationPickerView.swift /Users/wesleykeetch/Documents/Developer/hatti/hatti/hattiApp.swift /Users/wesleykeetch/Documents/Developer/hatti/hatti/Views/Onboarding/UserPreferencesView.swift /Users/wesleykeetch/Documents/Developer/hatti/hatti/ViewModels/Settings/DataPrivacyViewModel.swift /Users/wesleykeetch/Documents/Developer/hatti/hatti/Views/Reminders/FirstReminderCreationView.swift /Users/wesleykeetch/Documents/Developer/hatti/hatti/Views/Components/ReminderCreationComponents.swift /Users/wesleykeetch/Documents/Developer/hatti/hatti/ViewModels/LocationManagementViewModel.swift /Users/wesleykeetch/Documents/Developer/hatti/hatti/Views/Settings/NotificationPreferencesView.swift /Users/wesleykeetch/Documents/Developer/hatti/hatti/Models/LocationData.swift /Users/wesleykeetch/Documents/Developer/hatti/hatti/Services/Trigger/TriggerEngineManager.swift /Users/wesleykeetch/Documents/Developer/hatti/hatti/Views/Dashboard/DashboardView.swift /Users/wesleykeetch/Documents/Developer/hatti/hatti/Views/Weather/WeatherAlertsView.swift /Users/wesleykeetch/Documents/Developer/hatti/hatti/Models/WeatherAlert.swift /Users/wesleykeetch/Documents/Developer/hatti/hatti/Services/Weather/WeatherService.swift /Users/wesleykeetch/Documents/Developer/hatti/hatti/Views/Location/ManualLocationEntryView.swift /Users/wesleykeetch/Documents/Developer/hatti/hatti/Utilities/Helpers/ButtonStyles.swift /Users/wesleykeetch/Documents/Developer/hatti/hatti/Views/Onboarding/WelcomeView.swift /Users/wesleykeetch/Library/Developer/Xcode/DerivedData/hatti-bvbyepqcuvplcsgfasreddgzbiti/Build/Intermediates.noindex/hatti.build/Debug-iphonesimulator/hatti.build/DerivedSources/GeneratedAssetSymbols.swift -supplementary-output-file-map /Users/wesleykeetch/Library/Developer/Xcode/DerivedData/hatti-bvbyepqcuvplcsgfasreddgzbiti/Build/Intermediates.noindex/hatti.build/Debug-iphonesimulator/hatti.build/Objects-normal/arm64/supplementaryOutputs-3 -emit-localized-strings -emit-localized-strings-path /Users/wesleykeetch/Library/Developer/Xcode/DerivedData/hatti-bvbyepqcuvplcsgfasreddgzbiti/Build/Intermediates.noindex/hatti.build/Debug-iphonesimulator/hatti.build/Objects-normal/arm64 -target arm64-apple-ios26.0-simulator -Xllvm -aarch64-use-tbi -enable-objc-interop -sdk /Applications/Xcode.app/Contents/Developer/Platforms/iPhoneSimulator.platform/Developer/SDKs/iPhoneSimulator18.5.sdk -I /Users/wesleykeetch/Library/Developer/Xcode/DerivedData/hatti-bvbyepqcuvplcsgfasreddgzbiti/Build/Products/Debug-iphonesimulator -F /Users/wesleykeetch/Library/Developer/Xcode/DerivedData/hatti-bvbyepqcuvplcsgfasreddgzbiti/Build/Products/Debug-iphonesimulator -no-color-diagnostics -enable-testing -g -debug-info-format\=dwarf -dwarf-version\=5 -module-cache-path /Users/wesleykeetch/Library/Developer/Xcode/DerivedData/ModuleCache.noindex -profile-generate -profile-coverage-mapping -swift-version 5 -enforce-exclusivity\=checked -Onone -D DEBUG -serialize-debugging-options -const-gather-protocols-file /Users/wesleykeetch/Library/Developer/Xcode/DerivedData/hatti-bvbyepqcuvplcsgfasreddgzbiti/Build/Intermediates.noindex/hatti.build/Debug-iphonesimulator/hatti.build/Objects-normal/arm64/hatti_const_extract_protocols.json -enable-upcoming-feature MemberImportVisibility -enable-experimental-feature DebugDescriptionMacro -enable-bare-slash-regex -empty-abi-descriptor -validate-clang-modules-once -clang-build-session-file /Users/wesleykeetch/Library/Developer/Xcode/DerivedData/ModuleCache.noindex/Session.modulevalidation -Xcc -working-directory -Xcc /Users/wesleykeetch/Documents/Developer/hatti -resource-dir /Applications/Xcode.app/Contents/Developer/Toolchains/XcodeDefault.xctoolchain/usr/lib/swift -enable-anonymous-context-mangled-names -file-compilation-dir /Users/wesleykeetch/Documents/Developer/hatti -Xcc -ivfsstatcache -Xcc /Users/wesleykeetch/Library/Developer/Xcode/DerivedData/SDKStatCaches.noindex/iphonesimulator18.5-22F76-d5fc8ad4295d2ef488fb7d0f804ce0c4.sdkstatcache -Xcc -I/Users/wesleykeetch/Library/Developer/Xcode/DerivedData/hatti-bvbyepqcuvplcsgfasreddgzbiti/Build/Intermediates.noindex/hatti.build/Debug-iphonesimulator/hatti.build/swift-overrides.hmap -Xcc -iquote -Xcc /Users/wesleykeetch/Library/Developer/Xcode/DerivedData/hatti-bvbyepqcuvplcsgfasreddgzbiti/Build/Intermediates.noindex/hatti.build/Debug-iphonesimulator/hatti.build/hatti-generated-files.hmap -Xcc -I/Users/wesleykeetch/Library/Developer/Xcode/DerivedData/hatti-bvbyepqcuvplcsgfasreddgzbiti/Build/Intermediates.noindex/hatti.build/Debug-iphonesimulator/hatti.build/hatti-own-target-headers.hmap -Xcc -I/Users/wesleykeetch/Library/Developer/Xcode/DerivedData/hatti-bvbyepqcuvplcsgfasreddgzbiti/Build/Intermediates.noindex/hatti.build/Debug-iphonesimulator/hatti.build/hatti-all-target-headers.hmap -Xcc -iquote -Xcc /Users/wesleykeetch/Library/Developer/Xcode/DerivedData/hatti-bvbyepqcuvplcsgfasreddgzbiti/Build/Intermediates.noindex/hatti.build/Debug-iphonesimulator/hatti.build/hatti-project-headers.hmap -Xcc -I/Users/wesleykeetch/Library/Developer/Xcode/DerivedData/hatti-bvbyepqcuvplcsgfasreddgzbiti/Build/Products/Debug-iphonesimulator/include -Xcc -I/Users/wesleykeetch/Library/Developer/Xcode/DerivedData/hatti-bvbyepqcuvplcsgfasreddgzbiti/Build/Intermediates.noindex/hatti.build/Debug-iphonesimulator/hatti.build/DerivedSources-normal/arm64 -Xcc -I/Users/wesleykeetch/Library/Developer/Xcode/DerivedData/hatti-bvbyepqcuvplcsgfasreddgzbiti/Build/Intermediates.noindex/hatti.build/Debug-iphonesimulator/hatti.build/DerivedSources/arm64 -Xcc -I/Users/wesleykeetch/Library/Developer/Xcode/DerivedData/hatti-bvbyepqcuvplcsgfasreddgzbiti/Build/Intermediates.noindex/hatti.build/Debug-iphonesimulator/hatti.build/DerivedSources -Xcc -DDEBUG\=1 -module-name hatti -frontend-parseable-output -disable-clang-spi -target-sdk-version 18.5 -target-sdk-name iphonesimulator18.5 -external-plugin-path /Applications/Xcode.app/Contents/Developer/Platforms/iPhoneOS.platform/Developer/usr/lib/swift/host/plugins\#/Applications/Xcode.app/Contents/Developer/Platforms/iPhoneOS.platform/Developer/usr/bin/swift-plugin-server -external-plugin-path /Applications/Xcode.app/Contents/Developer/Platforms/iPhoneOS.platform/Developer/usr/local/lib/swift/host/plugins\#/Applications/Xcode.app/Contents/Developer/Platforms/iPhoneOS.platform/Developer/usr/bin/swift-plugin-server -in-process-plugin-server-path /Applications/Xcode.app/Contents/Developer/Toolchains/XcodeDefault.xctoolchain/usr/lib/swift/host/libSwiftInProcPluginServer.dylib -plugin-path /Applications/Xcode.app/Contents/Developer/Toolchains/XcodeDefault.xctoolchain/usr/lib/swift/host/plugins -plugin-path /Applications/Xcode.app/Contents/Developer/Toolchains/XcodeDefault.xctoolchain/usr/local/lib/swift/host/plugins -o /Users/wesleykeetch/Library/Developer/Xcode/DerivedData/hatti-bvbyepqcuvplcsgfasreddgzbiti/Build/Intermediates.noindex/hatti.build/Debug-iphonesimulator/hatti.build/Objects-normal/arm64/WeatherViewComponents.o -o /Users/wesleykeetch/Library/Developer/Xcode/DerivedData/hatti-bvbyepqcuvplcsgfasreddgzbiti/Build/Intermediates.noindex/hatti.build/Debug-iphonesimulator/hatti.build/Objects-normal/arm64/WeatherReminder.o -o /Users/wesleykeetch/Library/Developer/Xcode/DerivedData/hatti-bvbyepqcuvplcsgfasreddgzbiti/Build/Intermediates.noindex/hatti.build/Debug-iphonesimulator/hatti.build/Objects-normal/arm64/CelebrationView.o -o /Users/wesleykeetch/Library/Developer/Xcode/DerivedData/hatti-bvbyepqcuvplcsgfasreddgzbiti/Build/Intermediates.noindex/hatti.build/Debug-iphonesimulator/hatti.build/Objects-normal/arm64/AllRemindersView.o -o /Users/wesleykeetch/Library/Developer/Xcode/DerivedData/hatti-bvbyepqcuvplcsgfasreddgzbiti/Build/Intermediates.noindex/hatti.build/Debug-iphonesimulator/hatti.build/Objects-normal/arm64/OnboardingCoordinator.o -o /Users/wesleykeetch/Library/Developer/Xcode/DerivedData/hatti-bvbyepqcuvplcsgfasreddgzbiti/Build/Intermediates.noindex/hatti.build/Debug-iphonesimulator/hatti.build/Objects-normal/arm64/ConditionBuilderView.o -o /Users/wesleykeetch/Library/Developer/Xcode/DerivedData/hatti-bvbyepqcuvplcsgfasreddgzbiti/Build/Intermediates.noindex/hatti.build/Debug-iphonesimulator/hatti.build/Objects-normal/arm64/DashboardViewModel.o -o /Users/wesleykeetch/Library/Developer/Xcode/DerivedData/hatti-bvbyepqcuvplcsgfasreddgzbiti/Build/Intermediates.noindex/hatti.build/Debug-iphonesimulator/hatti.build/Objects-normal/arm64/TriggerEngine+Performance.o -o /Users/wesleykeetch/Library/Developer/Xcode/DerivedData/hatti-bvbyepqcuvplcsgfasreddgzbiti/Build/Intermediates.noindex/hatti.build/Debug-iphonesimulator/hatti.build/Objects-normal/arm64/WelcomeViewComponents.o -o /Users/wesleykeetch/Library/Developer/Xcode/DerivedData/hatti-bvbyepqcuvplcsgfasreddgzbiti/Build/Intermediates.noindex/hatti.build/Debug-iphonesimulator/hatti.build/Objects-normal/arm64/UserPreferencesViewModel.o -index-unit-output-path /hatti.build/Debug-iphonesimulator/hatti.build/Objects-normal/arm64/WeatherViewComponents.o -index-unit-output-path /hatti.build/Debug-iphonesimulator/hatti.build/Objects-normal/arm64/WeatherReminder.o -index-unit-output-path /hatti.build/Debug-iphonesimulator/hatti.build/Objects-normal/arm64/CelebrationView.o -index-unit-output-path /hatti.build/Debug-iphonesimulator/hatti.build/Objects-normal/arm64/AllRemindersView.o -index-unit-output-path /hatti.build/Debug-iphonesimulator/hatti.build/Objects-normal/arm64/OnboardingCoordinator.o -index-unit-output-path /hatti.build/Debug-iphonesimulator/hatti.build/Objects-normal/arm64/ConditionBuilderView.o -index-unit-output-path /hatti.build/Debug-iphonesimulator/hatti.build/Objects-normal/arm64/DashboardViewModel.o -index-unit-output-path /hatti.build/Debug-iphonesimulator/hatti.build/Objects-normal/arm64/TriggerEngine+Performance.o -index-unit-output-path /hatti.build/Debug-iphonesimulator/hatti.build/Objects-normal/arm64/WelcomeViewComponents.o -index-unit-output-path /hatti.build/Debug-iphonesimulator/hatti.build/Objects-normal/arm64/UserPreferencesViewModel.o -index-store-path /Users/wesleykeetch/Library/Developer/Xcode/DerivedData/hatti-bvbyepqcuvplcsgfasreddgzbiti/Index.noindex/DataStore -index-system-modules

SwiftCompile normal arm64 /Users/wesleykeetch/Documents/Developer/hatti/hatti/Views/Weather/WeatherViewComponents.swift (in target 'hatti' from project 'hatti')
    cd /Users/wesleykeetch/Documents/Developer/hatti
    

SwiftCompile normal arm64 /Users/wesleykeetch/Documents/Developer/hatti/hatti/Models/WeatherReminder.swift (in target 'hatti' from project 'hatti')
    cd /Users/wesleykeetch/Documents/Developer/hatti
    

SwiftCompile normal arm64 /Users/wesleykeetch/Documents/Developer/hatti/hatti/Views/Onboarding/CelebrationView.swift (in target 'hatti' from project 'hatti')
    cd /Users/wesleykeetch/Documents/Developer/hatti
    

SwiftCompile normal arm64 /Users/wesleykeetch/Documents/Developer/hatti/hatti/Views/Reminders/AllRemindersView.swift (in target 'hatti' from project 'hatti')
    cd /Users/wesleykeetch/Documents/Developer/hatti
    

SwiftCompile normal arm64 /Users/wesleykeetch/Documents/Developer/hatti/hatti/Services/Background/OnboardingCoordinator.swift (in target 'hatti' from project 'hatti')
    cd /Users/wesleykeetch/Documents/Developer/hatti
    

SwiftCompile normal arm64 /Users/wesleykeetch/Documents/Developer/hatti/hatti/Views/Components/ConditionBuilderView.swift (in target 'hatti' from project 'hatti')
    cd /Users/wesleykeetch/Documents/Developer/hatti
    

SwiftCompile normal arm64 /Users/wesleykeetch/Documents/Developer/hatti/hatti/ViewModels/DashboardViewModel.swift (in target 'hatti' from project 'hatti')
    cd /Users/wesleykeetch/Documents/Developer/hatti
    
/Users/wesleykeetch/Documents/Developer/hatti/hatti/ViewModels/DashboardViewModel.swift:87:19: warning: value 'modelContext' was defined but never used; consider replacing with boolean test
        guard let modelContext = modelContext else {
              ~~~~^~~~~~~~~~~~~~~
                                              != nil
/Users/wesleykeetch/Documents/Developer/hatti/hatti/ViewModels/DashboardViewModel.swift:359:46: warning: 'usesMetricSystem' was deprecated in iOS 16: Use `measurementSystem` instead
            temperatureUnit = Locale.current.usesMetricSystem ? .celsius : .fahrenheit
                                             ^
/Users/wesleykeetch/Documents/Developer/hatti/hatti/ViewModels/DashboardViewModel.swift:367:85: warning: 'usesMetricSystem' was deprecated in iOS 16: Use `measurementSystem` instead
            temperatureUnit = preferences.first?.temperatureUnit ?? (Locale.current.usesMetricSystem ? .celsius : .fahrenheit)
                                                                                    ^
/Users/wesleykeetch/Documents/Developer/hatti/hatti/ViewModels/DashboardViewModel.swift:369:46: warning: 'usesMetricSystem' was deprecated in iOS 16: Use `measurementSystem` instead
            temperatureUnit = Locale.current.usesMetricSystem ? .celsius : .fahrenheit
                                             ^

SwiftCompile normal arm64 /Users/wesleykeetch/Documents/Developer/hatti/hatti/Services/Trigger/TriggerEngine+Performance.swift (in target 'hatti' from project 'hatti')
    cd /Users/wesleykeetch/Documents/Developer/hatti
    
/Users/wesleykeetch/Documents/Developer/hatti/hatti/Services/Trigger/TriggerEngine+Performance.swift:14:1: warning: extension declares a conformance of imported type 'CLLocationCoordinate2D' to imported protocols 'Hashable', 'Equatable'; this will not behave correctly if the owners of 'CoreLocation' introduce this conformance in the future
extension CLLocationCoordinate2D: Hashable {
^
/Users/wesleykeetch/Documents/Developer/hatti/hatti/Services/Trigger/TriggerEngine+Performance.swift:14:1: note: add '@retroactive' to silence this warning
extension CLLocationCoordinate2D: Hashable {
^                                 ~~~~~~~~
                                  @retroactive Hashable
/Users/wesleykeetch/Documents/Developer/hatti/hatti/Services/Trigger/TriggerEngine+Performance.swift:130:35: error: initializer 'init(uniqueKeysWithValues:)' requires the types 'PrefixSequence<[Dictionary<String, HistoricalWeatherContext>.Element]>.Element' (aka '(key: String, value: HistoricalWeatherContext)') and '(String, HistoricalWeatherContext)' be equivalent
            historicalDataCache = Dictionary(uniqueKeysWithValues: sortedEntries.prefix(30))
                                  ^
Swift.Dictionary.init:2:19: note: where 'S.Element' = 'PrefixSequence<[Dictionary<String, HistoricalWeatherContext>.Element]>.Element' (aka '(key: String, value: HistoricalWeatherContext)'), '(Key, Value)' = '(String, HistoricalWeatherContext)'
@inlinable public init<S>(uniqueKeysWithValues keysAndValues: __owned S) where S : Sequence, S.Element == (Key, Value)}
                  ^
/Users/wesleykeetch/Documents/Developer/hatti/hatti/Services/Trigger/TriggerEngine+Performance.swift:207:34: error: generic parameter 'Element' could not be inferred
            let locationGroups = Set(activeReminders.compactMap { reminder in
                                 ^
/Users/wesleykeetch/Documents/Developer/hatti/hatti/Services/Trigger/TriggerEngine+Performance.swift:207:34: note: explicitly specify the generic arguments to fix this issue
            let locationGroups = Set(activeReminders.compactMap { reminder in
                                 ^
                                    <<#Element: Hashable#>>

SwiftCompile normal arm64 /Users/wesleykeetch/Documents/Developer/hatti/hatti/Views/Components/WelcomeViewComponents.swift (in target 'hatti' from project 'hatti')
    cd /Users/wesleykeetch/Documents/Developer/hatti
    

SwiftCompile normal arm64 /Users/wesleykeetch/Documents/Developer/hatti/hatti/ViewModels/UserPreferencesViewModel.swift (in target 'hatti' from project 'hatti')
    cd /Users/wesleykeetch/Documents/Developer/hatti
    
/Users/wesleykeetch/Documents/Developer/hatti/hatti/ViewModels/UserPreferencesViewModel.swift:27:54: warning: 'usesMetricSystem' was deprecated in iOS 16: Use `measurementSystem` instead
        preferences.temperatureUnit = Locale.current.usesMetricSystem ? .celsius : .fahrenheit
                                                     ^
/Users/wesleykeetch/Documents/Developer/hatti/hatti/ViewModels/UserPreferencesViewModel.swift:360:39: warning: 'usesMetricSystem' was deprecated in iOS 16: Use `measurementSystem` instead
                return Locale.current.usesMetricSystem ? .celsius : .fahrenheit
                                      ^

SwiftDriverJobDiscovery normal arm64 Emitting module for hatti (in target 'hatti' from project 'hatti')

SwiftDriver\ Compilation\ Requirements hatti normal arm64 com.apple.xcode.tools.swift.compiler (in target 'hatti' from project 'hatti')
    cd /Users/wesleykeetch/Documents/Developer/hatti
    builtin-Swift-Compilation-Requirements -- /Applications/Xcode.app/Contents/Developer/Toolchains/XcodeDefault.xctoolchain/usr/bin/swiftc -module-name hatti -Onone -enforce-exclusivity\=checked @/Users/wesleykeetch/Library/Developer/Xcode/DerivedData/hatti-bvbyepqcuvplcsgfasreddgzbiti/Build/Intermediates.noindex/hatti.build/Debug-iphonesimulator/hatti.build/Objects-normal/arm64/hatti.SwiftFileList -DDEBUG -enable-bare-slash-regex -enable-upcoming-feature MemberImportVisibility -enable-experimental-feature DebugDescriptionMacro -sdk /Applications/Xcode.app/Contents/Developer/Platforms/iPhoneSimulator.platform/Developer/SDKs/iPhoneSimulator18.5.sdk -target arm64-apple-ios26.0-simulator -g -module-cache-path /Users/wesleykeetch/Library/Developer/Xcode/DerivedData/ModuleCache.noindex -Xfrontend -serialize-debugging-options -profile-coverage-mapping -profile-generate -enable-testing -index-store-path /Users/wesleykeetch/Library/Developer/Xcode/DerivedData/hatti-bvbyepqcuvplcsgfasreddgzbiti/Index.noindex/DataStore -swift-version 5 -I /Users/wesleykeetch/Library/Developer/Xcode/DerivedData/hatti-bvbyepqcuvplcsgfasreddgzbiti/Build/Products/Debug-iphonesimulator -F /Users/wesleykeetch/Library/Developer/Xcode/DerivedData/hatti-bvbyepqcuvplcsgfasreddgzbiti/Build/Products/Debug-iphonesimulator -emit-localized-strings -emit-localized-strings-path /Users/wesleykeetch/Library/Developer/Xcode/DerivedData/hatti-bvbyepqcuvplcsgfasreddgzbiti/Build/Intermediates.noindex/hatti.build/Debug-iphonesimulator/hatti.build/Objects-normal/arm64 -c -j8 -enable-batch-mode -incremental -Xcc -ivfsstatcache -Xcc /Users/wesleykeetch/Library/Developer/Xcode/DerivedData/SDKStatCaches.noindex/iphonesimulator18.5-22F76-d5fc8ad4295d2ef488fb7d0f804ce0c4.sdkstatcache -output-file-map /Users/wesleykeetch/Library/Developer/Xcode/DerivedData/hatti-bvbyepqcuvplcsgfasreddgzbiti/Build/Intermediates.noindex/hatti.build/Debug-iphonesimulator/hatti.build/Objects-normal/arm64/hatti-OutputFileMap.json -use-frontend-parseable-output -save-temps -no-color-diagnostics -serialize-diagnostics -emit-dependencies -emit-module -emit-module-path /Users/wesleykeetch/Library/Developer/Xcode/DerivedData/hatti-bvbyepqcuvplcsgfasreddgzbiti/Build/Intermediates.noindex/hatti.build/Debug-iphonesimulator/hatti.build/Objects-normal/arm64/hatti.swiftmodule -validate-clang-modules-once -clang-build-session-file /Users/wesleykeetch/Library/Developer/Xcode/DerivedData/ModuleCache.noindex/Session.modulevalidation -Xcc -I/Users/wesleykeetch/Library/Developer/Xcode/DerivedData/hatti-bvbyepqcuvplcsgfasreddgzbiti/Build/Intermediates.noindex/hatti.build/Debug-iphonesimulator/hatti.build/swift-overrides.hmap -emit-const-values -Xfrontend -const-gather-protocols-file -Xfrontend /Users/wesleykeetch/Library/Developer/Xcode/DerivedData/hatti-bvbyepqcuvplcsgfasreddgzbiti/Build/Intermediates.noindex/hatti.build/Debug-iphonesimulator/hatti.build/Objects-normal/arm64/hatti_const_extract_protocols.json -Xcc -iquote -Xcc /Users/wesleykeetch/Library/Developer/Xcode/DerivedData/hatti-bvbyepqcuvplcsgfasreddgzbiti/Build/Intermediates.noindex/hatti.build/Debug-iphonesimulator/hatti.build/hatti-generated-files.hmap -Xcc -I/Users/wesleykeetch/Library/Developer/Xcode/DerivedData/hatti-bvbyepqcuvplcsgfasreddgzbiti/Build/Intermediates.noindex/hatti.build/Debug-iphonesimulator/hatti.build/hatti-own-target-headers.hmap -Xcc -I/Users/wesleykeetch/Library/Developer/Xcode/DerivedData/hatti-bvbyepqcuvplcsgfasreddgzbiti/Build/Intermediates.noindex/hatti.build/Debug-iphonesimulator/hatti.build/hatti-all-target-headers.hmap -Xcc -iquote -Xcc /Users/wesleykeetch/Library/Developer/Xcode/DerivedData/hatti-bvbyepqcuvplcsgfasreddgzbiti/Build/Intermediates.noindex/hatti.build/Debug-iphonesimulator/hatti.build/hatti-project-headers.hmap -Xcc -I/Users/wesleykeetch/Library/Developer/Xcode/DerivedData/hatti-bvbyepqcuvplcsgfasreddgzbiti/Build/Products/Debug-iphonesimulator/include -Xcc -I/Users/wesleykeetch/Library/Developer/Xcode/DerivedData/hatti-bvbyepqcuvplcsgfasreddgzbiti/Build/Intermediates.noindex/hatti.build/Debug-iphonesimulator/hatti.build/DerivedSources-normal/arm64 -Xcc -I/Users/wesleykeetch/Library/Developer/Xcode/DerivedData/hatti-bvbyepqcuvplcsgfasreddgzbiti/Build/Intermediates.noindex/hatti.build/Debug-iphonesimulator/hatti.build/DerivedSources/arm64 -Xcc -I/Users/wesleykeetch/Library/Developer/Xcode/DerivedData/hatti-bvbyepqcuvplcsgfasreddgzbiti/Build/Intermediates.noindex/hatti.build/Debug-iphonesimulator/hatti.build/DerivedSources -Xcc -DDEBUG\=1 -emit-objc-header -emit-objc-header-path /Users/wesleykeetch/Library/Developer/Xcode/DerivedData/hatti-bvbyepqcuvplcsgfasreddgzbiti/Build/Intermediates.noindex/hatti.build/Debug-iphonesimulator/hatti.build/Objects-normal/arm64/hatti-Swift.h -working-directory /Users/wesleykeetch/Documents/Developer/hatti -experimental-emit-module-separately -disable-cmo

/Users/wesleykeetch/Documents/Developer/hatti/hatti.xcodeproj: warning: The iOS Simulator deployment target 'IPHONEOS_DEPLOYMENT_TARGET' is set to 26.0, but the range of supported deployment target versions is 12.0 to 18.5.99. (in target 'hatti' from project 'hatti')
** BUILD FAILED **


The following build commands failed:
	SwiftCompile normal arm64 Compiling\ WeatherViewComponents.swift,\ WeatherReminder.swift,\ CelebrationView.swift,\ AllRemindersView.swift,\ OnboardingCoordinator.swift,\ ConditionBuilderView.swift,\ DashboardViewModel.swift,\ TriggerEngine+Performance.swift,\ WelcomeViewComponents.swift,\ UserPreferencesViewModel.swift /Users/wesleykeetch/Documents/Developer/hatti/hatti/Views/Weather/WeatherViewComponents.swift /Users/wesleykeetch/Documents/Developer/hatti/hatti/Models/WeatherReminder.swift /Users/wesleykeetch/Documents/Developer/hatti/hatti/Views/Onboarding/CelebrationView.swift /Users/wesleykeetch/Documents/Developer/hatti/hatti/Views/Reminders/AllRemindersView.swift /Users/wesleykeetch/Documents/Developer/hatti/hatti/Services/Background/OnboardingCoordinator.swift /Users/wesleykeetch/Documents/Developer/hatti/hatti/Views/Components/ConditionBuilderView.swift /Users/wesleykeetch/Documents/Developer/hatti/hatti/ViewModels/DashboardViewModel.swift /Users/wesleykeetch/Documents/Developer/hatti/hatti/Services/Trigger/TriggerEngine+Performance.swift /Users/wesleykeetch/Documents/Developer/hatti/hatti/Views/Components/WelcomeViewComponents.swift /Users/wesleykeetch/Documents/Developer/hatti/hatti/ViewModels/UserPreferencesViewModel.swift (in target 'hatti' from project 'hatti')
	SwiftCompile normal arm64 /Users/wesleykeetch/Documents/Developer/hatti/hatti/Services/Trigger/TriggerEngine+Performance.swift (in target 'hatti' from project 'hatti')
	Building project hatti with scheme hatti and configuration Debug
(3 failures)
