Command line invocation:
    /Applications/Xcode.app/Contents/Developer/usr/bin/xcodebuild -project hatti.xcodeproj -scheme hatti -sdk iphonesimulator -destination "platform=iOS Simulator,name=iPhone 16,OS=26.0" -configuration Debug ONLY_ACTIVE_ARCH=YES ENABLE_PREVIEWS_BUILD=NO

Build settings from command line:
    ENABLE_PREVIEWS_BUILD = NO
    ONLY_ACTIVE_ARCH = YES
    SDKROOT = iphonesimulator18.5

--- xcodebuild: WARNING: Using the first of multiple matching destinations:
{ platform:iOS Simulator, arch:arm64, id:A7E33869-092A-4CF6-9122-3911E7C42DCC, OS:26.0, name:iPhone 16 }
{ platform:iOS Simulator, arch:x86_64, id:A7E33869-092A-4CF6-9122-3911E7C42DCC, OS:26.0, name:iPhone 16 }
ComputePackagePrebuildTargetDependencyGraph

Prepare packages

CreateBuildRequest

SendProjectDescription

CreateBuildOperation

ComputeTargetDependencyGraph
note: Building targets in dependency order
note: Target dependency graph (1 target)
    Target 'hatti' in project 'hatti' (no dependencies)

GatherProvisioningInputs

CreateBuildDescription

ExecuteExternalTool /Applications/Xcode.app/Contents/Developer/Toolchains/XcodeDefault.xctoolchain/usr/bin/clang -v -E -dM -isysroot /Applications/Xcode.app/Contents/Developer/Platforms/iPhoneSimulator.platform/Developer/SDKs/iPhoneSimulator18.5.sdk -x c -c /dev/null

ExecuteExternalTool /Applications/Xcode.app/Contents/Developer/usr/bin/actool --print-asset-tag-combinations --output-format xml1 /Users/wesleykeetch/Documents/Developer/hatti/hatti/Assets.xcassets

ExecuteExternalTool /Applications/Xcode.app/Contents/Developer/usr/bin/actool --version --output-format xml1

ExecuteExternalTool /Applications/Xcode.app/Contents/Developer/Toolchains/XcodeDefault.xctoolchain/usr/bin/swiftc --version

ExecuteExternalTool /Applications/Xcode.app/Contents/Developer/Toolchains/XcodeDefault.xctoolchain/usr/bin/ld -version_details

Build description signature: d4a8cfa459e09e0b3ab4f1879c2f07c3
Build description path: /Users/wesleykeetch/Library/Developer/Xcode/DerivedData/hatti-bvbyepqcuvplcsgfasreddgzbiti/Build/Intermediates.noindex/XCBuildData/d4a8cfa459e09e0b3ab4f1879c2f07c3.xcbuilddata
ClangStatCache /Applications/Xcode.app/Contents/Developer/Toolchains/XcodeDefault.xctoolchain/usr/bin/clang-stat-cache /Applications/Xcode.app/Contents/Developer/Platforms/iPhoneSimulator.platform/Developer/SDKs/iPhoneSimulator18.5.sdk /Users/wesleykeetch/Library/Developer/Xcode/DerivedData/SDKStatCaches.noindex/iphonesimulator18.5-22F76-d5fc8ad4295d2ef488fb7d0f804ce0c4.sdkstatcache
    cd /Users/wesleykeetch/Documents/Developer/hatti/hatti.xcodeproj
    /Applications/Xcode.app/Contents/Developer/Toolchains/XcodeDefault.xctoolchain/usr/bin/clang-stat-cache /Applications/Xcode.app/Contents/Developer/Platforms/iPhoneSimulator.platform/Developer/SDKs/iPhoneSimulator18.5.sdk -o /Users/wesleykeetch/Library/Developer/Xcode/DerivedData/SDKStatCaches.noindex/iphonesimulator18.5-22F76-d5fc8ad4295d2ef488fb7d0f804ce0c4.sdkstatcache

WriteAuxiliaryFile /Users/wesleykeetch/Library/Developer/Xcode/DerivedData/hatti-bvbyepqcuvplcsgfasreddgzbiti/Build/Intermediates.noindex/hatti.build/Debug-iphonesimulator/hatti.build/Objects-normal/arm64/hatti.SwiftFileList (in target 'hatti' from project 'hatti')
    cd /Users/wesleykeetch/Documents/Developer/hatti
    write-file /Users/wesleykeetch/Library/Developer/Xcode/DerivedData/hatti-bvbyepqcuvplcsgfasreddgzbiti/Build/Intermediates.noindex/hatti.build/Debug-iphonesimulator/hatti.build/Objects-normal/arm64/hatti.SwiftFileList

WriteAuxiliaryFile /Users/wesleykeetch/Library/Developer/Xcode/DerivedData/hatti-bvbyepqcuvplcsgfasreddgzbiti/Build/Intermediates.noindex/hatti.build/Debug-iphonesimulator/hatti.build/Objects-normal/arm64/hatti.SwiftConstValuesFileList (in target 'hatti' from project 'hatti')
    cd /Users/wesleykeetch/Documents/Developer/hatti
    write-file /Users/wesleykeetch/Library/Developer/Xcode/DerivedData/hatti-bvbyepqcuvplcsgfasreddgzbiti/Build/Intermediates.noindex/hatti.build/Debug-iphonesimulator/hatti.build/Objects-normal/arm64/hatti.SwiftConstValuesFileList

WriteAuxiliaryFile /Users/wesleykeetch/Library/Developer/Xcode/DerivedData/hatti-bvbyepqcuvplcsgfasreddgzbiti/Build/Intermediates.noindex/hatti.build/Debug-iphonesimulator/hatti.build/Objects-normal/arm64/hatti.LinkFileList (in target 'hatti' from project 'hatti')
    cd /Users/wesleykeetch/Documents/Developer/hatti
    write-file /Users/wesleykeetch/Library/Developer/Xcode/DerivedData/hatti-bvbyepqcuvplcsgfasreddgzbiti/Build/Intermediates.noindex/hatti.build/Debug-iphonesimulator/hatti.build/Objects-normal/arm64/hatti.LinkFileList

ProcessInfoPlistFile /Users/wesleykeetch/Library/Developer/Xcode/DerivedData/hatti-bvbyepqcuvplcsgfasreddgzbiti/Build/Products/Debug-iphonesimulator/hatti.app/Info.plist /Users/wesleykeetch/Documents/Developer/hatti/hatti/Info.plist (in target 'hatti' from project 'hatti')
    cd /Users/wesleykeetch/Documents/Developer/hatti
    builtin-infoPlistUtility /Users/wesleykeetch/Documents/Developer/hatti/hatti/Info.plist -producttype com.apple.product-type.application -genpkginfo /Users/wesleykeetch/Library/Developer/Xcode/DerivedData/hatti-bvbyepqcuvplcsgfasreddgzbiti/Build/Products/Debug-iphonesimulator/hatti.app/PkgInfo -expandbuildsettings -format binary -platform iphonesimulator -additionalcontentfile /Users/wesleykeetch/Library/Developer/Xcode/DerivedData/hatti-bvbyepqcuvplcsgfasreddgzbiti/Build/Intermediates.noindex/hatti.build/Debug-iphonesimulator/hatti.build/assetcatalog_generated_info.plist -o /Users/wesleykeetch/Library/Developer/Xcode/DerivedData/hatti-bvbyepqcuvplcsgfasreddgzbiti/Build/Products/Debug-iphonesimulator/hatti.app/Info.plist

SwiftDriver hatti normal arm64 com.apple.xcode.tools.swift.compiler (in target 'hatti' from project 'hatti')
    cd /Users/wesleykeetch/Documents/Developer/hatti
    builtin-SwiftDriver -- /Applications/Xcode.app/Contents/Developer/Toolchains/XcodeDefault.xctoolchain/usr/bin/swiftc -module-name hatti -Onone -enforce-exclusivity\=checked @/Users/wesleykeetch/Library/Developer/Xcode/DerivedData/hatti-bvbyepqcuvplcsgfasreddgzbiti/Build/Intermediates.noindex/hatti.build/Debug-iphonesimulator/hatti.build/Objects-normal/arm64/hatti.SwiftFileList -DDEBUG -enable-bare-slash-regex -enable-upcoming-feature MemberImportVisibility -enable-experimental-feature DebugDescriptionMacro -sdk /Applications/Xcode.app/Contents/Developer/Platforms/iPhoneSimulator.platform/Developer/SDKs/iPhoneSimulator18.5.sdk -target arm64-apple-ios26.0-simulator -g -module-cache-path /Users/wesleykeetch/Library/Developer/Xcode/DerivedData/ModuleCache.noindex -Xfrontend -serialize-debugging-options -profile-coverage-mapping -profile-generate -enable-testing -index-store-path /Users/wesleykeetch/Library/Developer/Xcode/DerivedData/hatti-bvbyepqcuvplcsgfasreddgzbiti/Index.noindex/DataStore -swift-version 5 -I /Users/wesleykeetch/Library/Developer/Xcode/DerivedData/hatti-bvbyepqcuvplcsgfasreddgzbiti/Build/Products/Debug-iphonesimulator -F /Users/wesleykeetch/Library/Developer/Xcode/DerivedData/hatti-bvbyepqcuvplcsgfasreddgzbiti/Build/Products/Debug-iphonesimulator -emit-localized-strings -emit-localized-strings-path /Users/wesleykeetch/Library/Developer/Xcode/DerivedData/hatti-bvbyepqcuvplcsgfasreddgzbiti/Build/Intermediates.noindex/hatti.build/Debug-iphonesimulator/hatti.build/Objects-normal/arm64 -c -j8 -enable-batch-mode -incremental -Xcc -ivfsstatcache -Xcc /Users/wesleykeetch/Library/Developer/Xcode/DerivedData/SDKStatCaches.noindex/iphonesimulator18.5-22F76-d5fc8ad4295d2ef488fb7d0f804ce0c4.sdkstatcache -output-file-map /Users/wesleykeetch/Library/Developer/Xcode/DerivedData/hatti-bvbyepqcuvplcsgfasreddgzbiti/Build/Intermediates.noindex/hatti.build/Debug-iphonesimulator/hatti.build/Objects-normal/arm64/hatti-OutputFileMap.json -use-frontend-parseable-output -save-temps -no-color-diagnostics -serialize-diagnostics -emit-dependencies -emit-module -emit-module-path /Users/wesleykeetch/Library/Developer/Xcode/DerivedData/hatti-bvbyepqcuvplcsgfasreddgzbiti/Build/Intermediates.noindex/hatti.build/Debug-iphonesimulator/hatti.build/Objects-normal/arm64/hatti.swiftmodule -validate-clang-modules-once -clang-build-session-file /Users/wesleykeetch/Library/Developer/Xcode/DerivedData/ModuleCache.noindex/Session.modulevalidation -Xcc -I/Users/wesleykeetch/Library/Developer/Xcode/DerivedData/hatti-bvbyepqcuvplcsgfasreddgzbiti/Build/Intermediates.noindex/hatti.build/Debug-iphonesimulator/hatti.build/swift-overrides.hmap -emit-const-values -Xfrontend -const-gather-protocols-file -Xfrontend /Users/wesleykeetch/Library/Developer/Xcode/DerivedData/hatti-bvbyepqcuvplcsgfasreddgzbiti/Build/Intermediates.noindex/hatti.build/Debug-iphonesimulator/hatti.build/Objects-normal/arm64/hatti_const_extract_protocols.json -Xcc -iquote -Xcc /Users/wesleykeetch/Library/Developer/Xcode/DerivedData/hatti-bvbyepqcuvplcsgfasreddgzbiti/Build/Intermediates.noindex/hatti.build/Debug-iphonesimulator/hatti.build/hatti-generated-files.hmap -Xcc -I/Users/wesleykeetch/Library/Developer/Xcode/DerivedData/hatti-bvbyepqcuvplcsgfasreddgzbiti/Build/Intermediates.noindex/hatti.build/Debug-iphonesimulator/hatti.build/hatti-own-target-headers.hmap -Xcc -I/Users/wesleykeetch/Library/Developer/Xcode/DerivedData/hatti-bvbyepqcuvplcsgfasreddgzbiti/Build/Intermediates.noindex/hatti.build/Debug-iphonesimulator/hatti.build/hatti-all-target-headers.hmap -Xcc -iquote -Xcc /Users/wesleykeetch/Library/Developer/Xcode/DerivedData/hatti-bvbyepqcuvplcsgfasreddgzbiti/Build/Intermediates.noindex/hatti.build/Debug-iphonesimulator/hatti.build/hatti-project-headers.hmap -Xcc -I/Users/wesleykeetch/Library/Developer/Xcode/DerivedData/hatti-bvbyepqcuvplcsgfasreddgzbiti/Build/Products/Debug-iphonesimulator/include -Xcc -I/Users/wesleykeetch/Library/Developer/Xcode/DerivedData/hatti-bvbyepqcuvplcsgfasreddgzbiti/Build/Intermediates.noindex/hatti.build/Debug-iphonesimulator/hatti.build/DerivedSources-normal/arm64 -Xcc -I/Users/wesleykeetch/Library/Developer/Xcode/DerivedData/hatti-bvbyepqcuvplcsgfasreddgzbiti/Build/Intermediates.noindex/hatti.build/Debug-iphonesimulator/hatti.build/DerivedSources/arm64 -Xcc -I/Users/wesleykeetch/Library/Developer/Xcode/DerivedData/hatti-bvbyepqcuvplcsgfasreddgzbiti/Build/Intermediates.noindex/hatti.build/Debug-iphonesimulator/hatti.build/DerivedSources -Xcc -DDEBUG\=1 -emit-objc-header -emit-objc-header-path /Users/wesleykeetch/Library/Developer/Xcode/DerivedData/hatti-bvbyepqcuvplcsgfasreddgzbiti/Build/Intermediates.noindex/hatti.build/Debug-iphonesimulator/hatti.build/Objects-normal/arm64/hatti-Swift.h -working-directory /Users/wesleykeetch/Documents/Developer/hatti -experimental-emit-module-separately -disable-cmo

SwiftCompile normal arm64 Compiling\ TriggerCondition.swift,\ ReminderManagementView.swift,\ WeatherServiceConfiguration.swift,\ ReminderSummaryCard.swift,\ SettingsSubViews.swift,\ LocationManagementComponents.swift,\ NotificationConfig.swift,\ WeatherViewComponents.swift,\ FirstReminderCreationViewModel.swift,\ CelebrationView.swift /Users/wesleykeetch/Documents/Developer/hatti/hatti/Models/TriggerCondition.swift /Users/wesleykeetch/Documents/Developer/hatti/hatti/Views/Reminders/ReminderManagementView.swift /Users/wesleykeetch/Documents/Developer/hatti/hatti/Services/Weather/WeatherServiceConfiguration.swift /Users/wesleykeetch/Documents/Developer/hatti/hatti/Views/Components/ReminderSummaryCard.swift /Users/wesleykeetch/Documents/Developer/hatti/hatti/Views/Settings/SettingsSubViews.swift /Users/wesleykeetch/Documents/Developer/hatti/hatti/Views/Location/LocationManagementComponents.swift /Users/wesleykeetch/Documents/Developer/hatti/hatti/Resources/Configuration/NotificationConfig.swift /Users/wesleykeetch/Documents/Developer/hatti/hatti/Views/Weather/WeatherViewComponents.swift /Users/wesleykeetch/Documents/Developer/hatti/hatti/ViewModels/FirstReminderCreationViewModel.swift /Users/wesleykeetch/Documents/Developer/hatti/hatti/Views/Onboarding/CelebrationView.swift (in target 'hatti' from project 'hatti')

SwiftCompile normal arm64 /Users/wesleykeetch/Documents/Developer/hatti/hatti/Models/TriggerCondition.swift (in target 'hatti' from project 'hatti')
    cd /Users/wesleykeetch/Documents/Developer/hatti
    

SwiftCompile normal arm64 /Users/wesleykeetch/Documents/Developer/hatti/hatti/Views/Reminders/ReminderManagementView.swift (in target 'hatti' from project 'hatti')
    cd /Users/wesleykeetch/Documents/Developer/hatti
    
/Users/wesleykeetch/Documents/Developer/hatti/hatti/Views/Reminders/ReminderManagementView.swift:278:62: error: result builder 'MapContentBuilder' does not implement any 'buildBlock' or a combination of 'buildPartialBlock(first:)' and 'buildPartialBlock(accumulated:next:)' with sufficient availability for this call site
                        ForEach(section.reminders, id: \.id) { reminder in
                                                             ^
/Users/wesleykeetch/Documents/Developer/hatti/hatti/Views/Reminders/ReminderManagementView.swift:278:62: error: result builder 'ChartContentBuilder' does not implement any 'buildBlock' or a combination of 'buildPartialBlock(first:)' and 'buildPartialBlock(accumulated:next:)' with sufficient availability for this call site
                        ForEach(section.reminders, id: \.id) { reminder in
                                                             ^
/Users/wesleykeetch/Documents/Developer/hatti/hatti/Views/Reminders/ReminderManagementView.swift:278:62: error: result builder 'MapContentBuilder' does not implement any 'buildBlock' or a combination of 'buildPartialBlock(first:)' and 'buildPartialBlock(accumulated:next:)' with sufficient availability for this call site
                        ForEach(section.reminders, id: \.id) { reminder in
                                                             ^
/Users/wesleykeetch/Documents/Developer/hatti/hatti/Views/Reminders/ReminderManagementView.swift:278:62: error: result builder 'ChartContentBuilder' does not implement any 'buildBlock' or a combination of 'buildPartialBlock(first:)' and 'buildPartialBlock(accumulated:next:)' with sufficient availability for this call site
                        ForEach(section.reminders, id: \.id) { reminder in
                                                             ^

SwiftCompile normal arm64 /Users/wesleykeetch/Documents/Developer/hatti/hatti/Services/Weather/WeatherServiceConfiguration.swift (in target 'hatti' from project 'hatti')
    cd /Users/wesleykeetch/Documents/Developer/hatti
    
/Users/wesleykeetch/Documents/Developer/hatti/hatti/Services/Weather/WeatherServiceConfiguration.swift:96:11: warning: 'catch' block is unreachable because no errors are thrown in 'do' block
        } catch {
          ^

SwiftCompile normal arm64 /Users/wesleykeetch/Documents/Developer/hatti/hatti/Views/Components/ReminderSummaryCard.swift (in target 'hatti' from project 'hatti')
    cd /Users/wesleykeetch/Documents/Developer/hatti
    

SwiftCompile normal arm64 /Users/wesleykeetch/Documents/Developer/hatti/hatti/Views/Settings/SettingsSubViews.swift (in target 'hatti' from project 'hatti')
    cd /Users/wesleykeetch/Documents/Developer/hatti
    

SwiftCompile normal arm64 /Users/wesleykeetch/Documents/Developer/hatti/hatti/Views/Location/LocationManagementComponents.swift (in target 'hatti' from project 'hatti')
    cd /Users/wesleykeetch/Documents/Developer/hatti
    
/Users/wesleykeetch/Documents/Developer/hatti/hatti/Views/Location/LocationManagementComponents.swift:497:13: warning: 'init(coordinateRegion:interactionModes:showsUserLocation:userTrackingMode:annotationItems:annotationContent:)' was deprecated in iOS 17.0: Use Map initializers that take a MapContentBuilder instead.
            Map(coordinateRegion: $region, annotationItems: mapAnnotations) { annotation in
            ^
/Users/wesleykeetch/Documents/Developer/hatti/hatti/Views/Location/LocationManagementComponents.swift:498:17: warning: 'MapAnnotation' was deprecated in iOS 17.0: Use Annotation along with Map initializers that take a MapContentBuilder instead.
                MapAnnotation(coordinate: annotation.coordinate) {
                ^

SwiftCompile normal arm64 /Users/wesleykeetch/Documents/Developer/hatti/hatti/Resources/Configuration/NotificationConfig.swift (in target 'hatti' from project 'hatti')
    cd /Users/wesleykeetch/Documents/Developer/hatti
    

SwiftCompile normal arm64 /Users/wesleykeetch/Documents/Developer/hatti/hatti/Views/Weather/WeatherViewComponents.swift (in target 'hatti' from project 'hatti')
    cd /Users/wesleykeetch/Documents/Developer/hatti
    

SwiftCompile normal arm64 /Users/wesleykeetch/Documents/Developer/hatti/hatti/ViewModels/FirstReminderCreationViewModel.swift (in target 'hatti' from project 'hatti')
    cd /Users/wesleykeetch/Documents/Developer/hatti
    
/Users/wesleykeetch/Documents/Developer/hatti/hatti/ViewModels/FirstReminderCreationViewModel.swift:58:15: warning: 'catch' block is unreachable because no errors are thrown in 'do' block
            } catch {
              ^

SwiftCompile normal arm64 /Users/wesleykeetch/Documents/Developer/hatti/hatti/Views/Onboarding/CelebrationView.swift (in target 'hatti' from project 'hatti')
    cd /Users/wesleykeetch/Documents/Developer/hatti
    

Failed frontend command:
/Applications/Xcode.app/Contents/Developer/Toolchains/XcodeDefault.xctoolchain/usr/bin/swift-frontend -frontend -c /Users/wesleykeetch/Documents/Developer/hatti/hatti/Services/Weather/WeatherService.swift /Users/wesleykeetch/Documents/Developer/hatti/hatti/Views/Components/ReminderManagementComponents.swift /Users/wesleykeetch/Documents/Developer/hatti/hatti/Models/WeatherTypes.swift /Users/wesleykeetch/Documents/Developer/hatti/hatti/Views/Settings/PrivacyContactView.swift /Users/wesleykeetch/Documents/Developer/hatti/hatti/Views/Weather/WeatherView.swift /Users/wesleykeetch/Documents/Developer/hatti/hatti/ViewModels/DetailedReminderViewModel.swift /Users/wesleykeetch/Documents/Developer/hatti/hatti/Services/Location/LocationPermissionManager.swift /Users/wesleykeetch/Documents/Developer/hatti/hatti/ViewModels/UserPreferencesViewModel.swift /Users/wesleykeetch/Documents/Developer/hatti/hatti/Services/Trigger/TriggerEngine+Performance.swift /Users/wesleykeetch/Documents/Developer/hatti/hatti/Views/Components/ComparisonCard.swift -primary-file /Users/wesleykeetch/Documents/Developer/hatti/hatti/Models/TriggerCondition.swift -primary-file /Users/wesleykeetch/Documents/Developer/hatti/hatti/Views/Reminders/ReminderManagementView.swift -primary-file /Users/wesleykeetch/Documents/Developer/hatti/hatti/Services/Weather/WeatherServiceConfiguration.swift -primary-file /Users/wesleykeetch/Documents/Developer/hatti/hatti/Views/Components/ReminderSummaryCard.swift -primary-file /Users/wesleykeetch/Documents/Developer/hatti/hatti/Views/Settings/SettingsSubViews.swift -primary-file /Users/wesleykeetch/Documents/Developer/hatti/hatti/Views/Location/LocationManagementComponents.swift -primary-file /Users/wesleykeetch/Documents/Developer/hatti/hatti/Resources/Configuration/NotificationConfig.swift -primary-file /Users/wesleykeetch/Documents/Developer/hatti/hatti/Views/Weather/WeatherViewComponents.swift -primary-file /Users/wesleykeetch/Documents/Developer/hatti/hatti/ViewModels/FirstReminderCreationViewModel.swift -primary-file /Users/wesleykeetch/Documents/Developer/hatti/hatti/Views/Onboarding/CelebrationView.swift /Users/wesleykeetch/Documents/Developer/hatti/hatti/ViewModels/WeatherViewModel.swift /Users/wesleykeetch/Documents/Developer/hatti/hatti/Models/Item.swift /Users/wesleykeetch/Documents/Developer/hatti/hatti/Views/Reminders/AllRemindersView.swift /Users/wesleykeetch/Documents/Developer/hatti/hatti/Services/Trigger/TriggerEngine+SeasonalAnalysis.swift /Users/wesleykeetch/Documents/Developer/hatti/hatti/Views/Components/ConditionBuilderView.swift /Users/wesleykeetch/Documents/Developer/hatti/hatti/Models/UserPreferences.swift /Users/wesleykeetch/Documents/Developer/hatti/hatti/Views/Components/WelcomeViewComponents.swift /Users/wesleykeetch/Documents/Developer/hatti/hatti/Views/Settings/SettingsView.swift /Users/wesleykeetch/Documents/Developer/hatti/hatti/ViewModels/Settings/DataPrivacyViewModel.swift /Users/wesleykeetch/Documents/Developer/hatti/hatti/Views/Location/LocationManagementView.swift /Users/wesleykeetch/Documents/Developer/hatti/hatti/ViewModels/LocationManagementViewModel.swift /Users/wesleykeetch/Documents/Developer/hatti/hatti/Views/Onboarding/NotificationPermissionView.swift /Users/wesleykeetch/Documents/Developer/hatti/hatti/Models/LocationData.swift /Users/wesleykeetch/Documents/Developer/hatti/hatti/Views/Reminders/ComprehensiveReminderCreationView.swift /Users/wesleykeetch/Documents/Developer/hatti/hatti/Services/Trigger/TriggerEngine+TrendAnalysis.swift /Users/wesleykeetch/Documents/Developer/hatti/hatti/Services/Weather/WeatherAPI.swift /Users/wesleykeetch/Documents/Developer/hatti/hatti/Views/Components/DetailedReminderComponents.swift /Users/wesleykeetch/Documents/Developer/hatti/hatti/Models/WeatherAlert.swift /Users/wesleykeetch/Documents/Developer/hatti/hatti/Views/Settings/DataExportOptionsView.swift /Users/wesleykeetch/Documents/Developer/hatti/hatti/ViewModels/Settings/NotificationPreferencesViewModel.swift /Users/wesleykeetch/Documents/Developer/hatti/hatti/Views/Location/LocationPermissionView.swift /Users/wesleykeetch/Documents/Developer/hatti/hatti/ViewModels/ReminderManagementViewModel.swift /Users/wesleykeetch/Documents/Developer/hatti/hatti/Views/Onboarding/UserPreferencesOnboardingView.swift /Users/wesleykeetch/Documents/Developer/hatti/hatti/Models/NotificationTiming.swift /Users/wesleykeetch/Documents/Developer/hatti/hatti/Views/Reminders/DetailedReminderView.swift /Users/wesleykeetch/Documents/Developer/hatti/hatti/Services/Trigger/TriggerEngineManager.swift /Users/wesleykeetch/Documents/Developer/hatti/hatti/Services/Weather/WeatherError.swift /Users/wesleykeetch/Documents/Developer/hatti/hatti/Views/Components/FirstReminderCreationComponents.swift /Users/wesleykeetch/Documents/Developer/hatti/hatti/Models/WeatherData.swift /Users/wesleykeetch/Documents/Developer/hatti/hatti/Views/Settings/DataPrivacyView.swift /Users/wesleykeetch/Documents/Developer/hatti/hatti/Views/Dashboard/ContentView.swift /Users/wesleykeetch/Documents/Developer/hatti/hatti/Views/Weather/TemperatureTrendChart.swift /Users/wesleykeetch/Documents/Developer/hatti/hatti/ViewModels/ComprehensiveReminderCreationViewModel.swift /Users/wesleykeetch/Documents/Developer/hatti/hatti/Views/Location/LocationPickerView.swift /Users/wesleykeetch/Documents/Developer/hatti/hatti/Services/Background/OnboardingCoordinator.swift /Users/wesleykeetch/Documents/Developer/hatti/hatti/hattiApp.swift /Users/wesleykeetch/Documents/Developer/hatti/hatti/ViewModels/SettingsViewModel.swift /Users/wesleykeetch/Documents/Developer/hatti/hatti/Views/Onboarding/UserPreferencesView.swift /Users/wesleykeetch/Documents/Developer/hatti/hatti/Services/Trigger/TriggerEngine.swift /Users/wesleykeetch/Documents/Developer/hatti/hatti/Models/ReminderLocation.swift /Users/wesleykeetch/Documents/Developer/hatti/hatti/Views/Reminders/FirstReminderCreationView.swift /Users/wesleykeetch/Documents/Developer/hatti/hatti/Services/Weather/WeatherForecastIntegration.swift /Users/wesleykeetch/Documents/Developer/hatti/hatti/Views/Components/ReminderCreationComponents.swift /Users/wesleykeetch/Documents/Developer/hatti/hatti/Models/WeatherReminder.swift /Users/wesleykeetch/Documents/Developer/hatti/hatti/Views/Settings/NotificationPreferencesView.swift /Users/wesleykeetch/Documents/Developer/hatti/hatti/Utilities/Helpers/ButtonStyles.swift /Users/wesleykeetch/Documents/Developer/hatti/hatti/Views/Dashboard/DashboardView.swift /Users/wesleykeetch/Documents/Developer/hatti/hatti/Views/Weather/WeatherAlertsView.swift /Users/wesleykeetch/Documents/Developer/hatti/hatti/ViewModels/DashboardViewModel.swift /Users/wesleykeetch/Documents/Developer/hatti/hatti/Views/Location/ManualLocationEntryView.swift /Users/wesleykeetch/Documents/Developer/hatti/hatti/Views/Onboarding/WelcomeView.swift /Users/wesleykeetch/Documents/Developer/hatti/hatti/Services/Trigger/TriggerEngine+ForecastAnalysis.swift /Users/wesleykeetch/Documents/Developer/hatti/hatti/Models/SavedLocation.swift /Users/wesleykeetch/Documents/Developer/hatti/hatti/Views/Reminders/QuickCreateReminderView.swift /Users/wesleykeetch/Documents/Developer/hatti/hatti/Services/Weather/BackgroundWeatherManager.swift /Users/wesleykeetch/Library/Developer/Xcode/DerivedData/hatti-bvbyepqcuvplcsgfasreddgzbiti/Build/Intermediates.noindex/hatti.build/Debug-iphonesimulator/hatti.build/DerivedSources/GeneratedAssetSymbols.swift -supplementary-output-file-map /Users/wesleykeetch/Library/Developer/Xcode/DerivedData/hatti-bvbyepqcuvplcsgfasreddgzbiti/Build/Intermediates.noindex/hatti.build/Debug-iphonesimulator/hatti.build/Objects-normal/arm64/supplementaryOutputs-2 -emit-localized-strings -emit-localized-strings-path /Users/wesleykeetch/Library/Developer/Xcode/DerivedData/hatti-bvbyepqcuvplcsgfasreddgzbiti/Build/Intermediates.noindex/hatti.build/Debug-iphonesimulator/hatti.build/Objects-normal/arm64 -target arm64-apple-ios26.0-simulator -Xllvm -aarch64-use-tbi -enable-objc-interop -sdk /Applications/Xcode.app/Contents/Developer/Platforms/iPhoneSimulator.platform/Developer/SDKs/iPhoneSimulator18.5.sdk -I /Users/wesleykeetch/Library/Developer/Xcode/DerivedData/hatti-bvbyepqcuvplcsgfasreddgzbiti/Build/Products/Debug-iphonesimulator -F /Users/wesleykeetch/Library/Developer/Xcode/DerivedData/hatti-bvbyepqcuvplcsgfasreddgzbiti/Build/Products/Debug-iphonesimulator -no-color-diagnostics -enable-testing -g -debug-info-format\=dwarf -dwarf-version\=5 -module-cache-path /Users/wesleykeetch/Library/Developer/Xcode/DerivedData/ModuleCache.noindex -profile-generate -profile-coverage-mapping -swift-version 5 -enforce-exclusivity\=checked -Onone -D DEBUG -serialize-debugging-options -const-gather-protocols-file /Users/wesleykeetch/Library/Developer/Xcode/DerivedData/hatti-bvbyepqcuvplcsgfasreddgzbiti/Build/Intermediates.noindex/hatti.build/Debug-iphonesimulator/hatti.build/Objects-normal/arm64/hatti_const_extract_protocols.json -enable-upcoming-feature MemberImportVisibility -enable-experimental-feature DebugDescriptionMacro -enable-bare-slash-regex -empty-abi-descriptor -validate-clang-modules-once -clang-build-session-file /Users/wesleykeetch/Library/Developer/Xcode/DerivedData/ModuleCache.noindex/Session.modulevalidation -Xcc -working-directory -Xcc /Users/wesleykeetch/Documents/Developer/hatti -resource-dir /Applications/Xcode.app/Contents/Developer/Toolchains/XcodeDefault.xctoolchain/usr/lib/swift -enable-anonymous-context-mangled-names -file-compilation-dir /Users/wesleykeetch/Documents/Developer/hatti -Xcc -ivfsstatcache -Xcc /Users/wesleykeetch/Library/Developer/Xcode/DerivedData/SDKStatCaches.noindex/iphonesimulator18.5-22F76-d5fc8ad4295d2ef488fb7d0f804ce0c4.sdkstatcache -Xcc -I/Users/wesleykeetch/Library/Developer/Xcode/DerivedData/hatti-bvbyepqcuvplcsgfasreddgzbiti/Build/Intermediates.noindex/hatti.build/Debug-iphonesimulator/hatti.build/swift-overrides.hmap -Xcc -iquote -Xcc /Users/wesleykeetch/Library/Developer/Xcode/DerivedData/hatti-bvbyepqcuvplcsgfasreddgzbiti/Build/Intermediates.noindex/hatti.build/Debug-iphonesimulator/hatti.build/hatti-generated-files.hmap -Xcc -I/Users/wesleykeetch/Library/Developer/Xcode/DerivedData/hatti-bvbyepqcuvplcsgfasreddgzbiti/Build/Intermediates.noindex/hatti.build/Debug-iphonesimulator/hatti.build/hatti-own-target-headers.hmap -Xcc -I/Users/wesleykeetch/Library/Developer/Xcode/DerivedData/hatti-bvbyepqcuvplcsgfasreddgzbiti/Build/Intermediates.noindex/hatti.build/Debug-iphonesimulator/hatti.build/hatti-all-target-headers.hmap -Xcc -iquote -Xcc /Users/wesleykeetch/Library/Developer/Xcode/DerivedData/hatti-bvbyepqcuvplcsgfasreddgzbiti/Build/Intermediates.noindex/hatti.build/Debug-iphonesimulator/hatti.build/hatti-project-headers.hmap -Xcc -I/Users/wesleykeetch/Library/Developer/Xcode/DerivedData/hatti-bvbyepqcuvplcsgfasreddgzbiti/Build/Products/Debug-iphonesimulator/include -Xcc -I/Users/wesleykeetch/Library/Developer/Xcode/DerivedData/hatti-bvbyepqcuvplcsgfasreddgzbiti/Build/Intermediates.noindex/hatti.build/Debug-iphonesimulator/hatti.build/DerivedSources-normal/arm64 -Xcc -I/Users/wesleykeetch/Library/Developer/Xcode/DerivedData/hatti-bvbyepqcuvplcsgfasreddgzbiti/Build/Intermediates.noindex/hatti.build/Debug-iphonesimulator/hatti.build/DerivedSources/arm64 -Xcc -I/Users/wesleykeetch/Library/Developer/Xcode/DerivedData/hatti-bvbyepqcuvplcsgfasreddgzbiti/Build/Intermediates.noindex/hatti.build/Debug-iphonesimulator/hatti.build/DerivedSources -Xcc -DDEBUG\=1 -module-name hatti -frontend-parseable-output -disable-clang-spi -target-sdk-version 18.5 -target-sdk-name iphonesimulator18.5 -external-plugin-path /Applications/Xcode.app/Contents/Developer/Platforms/iPhoneOS.platform/Developer/usr/lib/swift/host/plugins\#/Applications/Xcode.app/Contents/Developer/Platforms/iPhoneOS.platform/Developer/usr/bin/swift-plugin-server -external-plugin-path /Applications/Xcode.app/Contents/Developer/Platforms/iPhoneOS.platform/Developer/usr/local/lib/swift/host/plugins\#/Applications/Xcode.app/Contents/Developer/Platforms/iPhoneOS.platform/Developer/usr/bin/swift-plugin-server -in-process-plugin-server-path /Applications/Xcode.app/Contents/Developer/Toolchains/XcodeDefault.xctoolchain/usr/lib/swift/host/libSwiftInProcPluginServer.dylib -plugin-path /Applications/Xcode.app/Contents/Developer/Toolchains/XcodeDefault.xctoolchain/usr/lib/swift/host/plugins -plugin-path /Applications/Xcode.app/Contents/Developer/Toolchains/XcodeDefault.xctoolchain/usr/local/lib/swift/host/plugins -o /Users/wesleykeetch/Library/Developer/Xcode/DerivedData/hatti-bvbyepqcuvplcsgfasreddgzbiti/Build/Intermediates.noindex/hatti.build/Debug-iphonesimulator/hatti.build/Objects-normal/arm64/TriggerCondition.o -o /Users/wesleykeetch/Library/Developer/Xcode/DerivedData/hatti-bvbyepqcuvplcsgfasreddgzbiti/Build/Intermediates.noindex/hatti.build/Debug-iphonesimulator/hatti.build/Objects-normal/arm64/ReminderManagementView.o -o /Users/wesleykeetch/Library/Developer/Xcode/DerivedData/hatti-bvbyepqcuvplcsgfasreddgzbiti/Build/Intermediates.noindex/hatti.build/Debug-iphonesimulator/hatti.build/Objects-normal/arm64/WeatherServiceConfiguration.o -o /Users/wesleykeetch/Library/Developer/Xcode/DerivedData/hatti-bvbyepqcuvplcsgfasreddgzbiti/Build/Intermediates.noindex/hatti.build/Debug-iphonesimulator/hatti.build/Objects-normal/arm64/ReminderSummaryCard.o -o /Users/wesleykeetch/Library/Developer/Xcode/DerivedData/hatti-bvbyepqcuvplcsgfasreddgzbiti/Build/Intermediates.noindex/hatti.build/Debug-iphonesimulator/hatti.build/Objects-normal/arm64/SettingsSubViews.o -o /Users/wesleykeetch/Library/Developer/Xcode/DerivedData/hatti-bvbyepqcuvplcsgfasreddgzbiti/Build/Intermediates.noindex/hatti.build/Debug-iphonesimulator/hatti.build/Objects-normal/arm64/LocationManagementComponents.o -o /Users/wesleykeetch/Library/Developer/Xcode/DerivedData/hatti-bvbyepqcuvplcsgfasreddgzbiti/Build/Intermediates.noindex/hatti.build/Debug-iphonesimulator/hatti.build/Objects-normal/arm64/NotificationConfig.o -o /Users/wesleykeetch/Library/Developer/Xcode/DerivedData/hatti-bvbyepqcuvplcsgfasreddgzbiti/Build/Intermediates.noindex/hatti.build/Debug-iphonesimulator/hatti.build/Objects-normal/arm64/WeatherViewComponents.o -o /Users/wesleykeetch/Library/Developer/Xcode/DerivedData/hatti-bvbyepqcuvplcsgfasreddgzbiti/Build/Intermediates.noindex/hatti.build/Debug-iphonesimulator/hatti.build/Objects-normal/arm64/FirstReminderCreationViewModel.o -o /Users/wesleykeetch/Library/Developer/Xcode/DerivedData/hatti-bvbyepqcuvplcsgfasreddgzbiti/Build/Intermediates.noindex/hatti.build/Debug-iphonesimulator/hatti.build/Objects-normal/arm64/CelebrationView.o -index-unit-output-path /hatti.build/Debug-iphonesimulator/hatti.build/Objects-normal/arm64/TriggerCondition.o -index-unit-output-path /hatti.build/Debug-iphonesimulator/hatti.build/Objects-normal/arm64/ReminderManagementView.o -index-unit-output-path /hatti.build/Debug-iphonesimulator/hatti.build/Objects-normal/arm64/WeatherServiceConfiguration.o -index-unit-output-path /hatti.build/Debug-iphonesimulator/hatti.build/Objects-normal/arm64/ReminderSummaryCard.o -index-unit-output-path /hatti.build/Debug-iphonesimulator/hatti.build/Objects-normal/arm64/SettingsSubViews.o -index-unit-output-path /hatti.build/Debug-iphonesimulator/hatti.build/Objects-normal/arm64/LocationManagementComponents.o -index-unit-output-path /hatti.build/Debug-iphonesimulator/hatti.build/Objects-normal/arm64/NotificationConfig.o -index-unit-output-path /hatti.build/Debug-iphonesimulator/hatti.build/Objects-normal/arm64/WeatherViewComponents.o -index-unit-output-path /hatti.build/Debug-iphonesimulator/hatti.build/Objects-normal/arm64/FirstReminderCreationViewModel.o -index-unit-output-path /hatti.build/Debug-iphonesimulator/hatti.build/Objects-normal/arm64/CelebrationView.o -index-store-path /Users/wesleykeetch/Library/Developer/Xcode/DerivedData/hatti-bvbyepqcuvplcsgfasreddgzbiti/Index.noindex/DataStore -index-system-modules
SwiftCompile normal arm64 Compiling\ LocationPermissionView.swift,\ ReminderManagementViewModel.swift,\ UserPreferencesOnboardingView.swift,\ NotificationTiming.swift,\ DetailedReminderView.swift,\ TriggerEngineManager.swift,\ WeatherError.swift,\ FirstReminderCreationComponents.swift,\ WeatherData.swift /Users/wesleykeetch/Documents/Developer/hatti/hatti/Views/Location/LocationPermissionView.swift /Users/wesleykeetch/Documents/Developer/hatti/hatti/ViewModels/ReminderManagementViewModel.swift /Users/wesleykeetch/Documents/Developer/hatti/hatti/Views/Onboarding/UserPreferencesOnboardingView.swift /Users/wesleykeetch/Documents/Developer/hatti/hatti/Models/NotificationTiming.swift /Users/wesleykeetch/Documents/Developer/hatti/hatti/Views/Reminders/DetailedReminderView.swift /Users/wesleykeetch/Documents/Developer/hatti/hatti/Services/Trigger/TriggerEngineManager.swift /Users/wesleykeetch/Documents/Developer/hatti/hatti/Services/Weather/WeatherError.swift /Users/wesleykeetch/Documents/Developer/hatti/hatti/Views/Components/FirstReminderCreationComponents.swift /Users/wesleykeetch/Documents/Developer/hatti/hatti/Models/WeatherData.swift (in target 'hatti' from project 'hatti')
SwiftCompile normal arm64 /Users/wesleykeetch/Documents/Developer/hatti/hatti/Views/Location/LocationPermissionView.swift (in target 'hatti' from project 'hatti')
    cd /Users/wesleykeetch/Documents/Developer/hatti
    

SwiftCompile normal arm64 /Users/wesleykeetch/Documents/Developer/hatti/hatti/ViewModels/ReminderManagementViewModel.swift (in target 'hatti' from project 'hatti')
    cd /Users/wesleykeetch/Documents/Developer/hatti
    

SwiftCompile normal arm64 /Users/wesleykeetch/Documents/Developer/hatti/hatti/Views/Onboarding/UserPreferencesOnboardingView.swift (in target 'hatti' from project 'hatti')
    cd /Users/wesleykeetch/Documents/Developer/hatti
    

SwiftCompile normal arm64 /Users/wesleykeetch/Documents/Developer/hatti/hatti/Models/NotificationTiming.swift (in target 'hatti' from project 'hatti')
    cd /Users/wesleykeetch/Documents/Developer/hatti
    

SwiftCompile normal arm64 /Users/wesleykeetch/Documents/Developer/hatti/hatti/Views/Reminders/DetailedReminderView.swift (in target 'hatti' from project 'hatti')
    cd /Users/wesleykeetch/Documents/Developer/hatti
    

SwiftCompile normal arm64 /Users/wesleykeetch/Documents/Developer/hatti/hatti/Services/Trigger/TriggerEngineManager.swift (in target 'hatti' from project 'hatti')
    cd /Users/wesleykeetch/Documents/Developer/hatti
    

SwiftCompile normal arm64 /Users/wesleykeetch/Documents/Developer/hatti/hatti/Services/Weather/WeatherError.swift (in target 'hatti' from project 'hatti')
    cd /Users/wesleykeetch/Documents/Developer/hatti
    

SwiftCompile normal arm64 /Users/wesleykeetch/Documents/Developer/hatti/hatti/Views/Components/FirstReminderCreationComponents.swift (in target 'hatti' from project 'hatti')
    cd /Users/wesleykeetch/Documents/Developer/hatti
    

SwiftCompile normal arm64 /Users/wesleykeetch/Documents/Developer/hatti/hatti/Models/WeatherData.swift (in target 'hatti' from project 'hatti')
    cd /Users/wesleykeetch/Documents/Developer/hatti
    

SwiftEmitModule normal arm64 Emitting\ module\ for\ hatti (in target 'hatti' from project 'hatti')
EmitSwiftModule normal arm64 (in target 'hatti' from project 'hatti')
    cd /Users/wesleykeetch/Documents/Developer/hatti
    

SwiftCompile normal arm64 Compiling\ WeatherService.swift,\ ReminderManagementComponents.swift,\ WeatherTypes.swift,\ PrivacyContactView.swift,\ WeatherView.swift,\ DetailedReminderViewModel.swift,\ LocationPermissionManager.swift,\ UserPreferencesViewModel.swift,\ TriggerEngine+Performance.swift,\ ComparisonCard.swift /Users/wesleykeetch/Documents/Developer/hatti/hatti/Services/Weather/WeatherService.swift /Users/wesleykeetch/Documents/Developer/hatti/hatti/Views/Components/ReminderManagementComponents.swift /Users/wesleykeetch/Documents/Developer/hatti/hatti/Models/WeatherTypes.swift /Users/wesleykeetch/Documents/Developer/hatti/hatti/Views/Settings/PrivacyContactView.swift /Users/wesleykeetch/Documents/Developer/hatti/hatti/Views/Weather/WeatherView.swift /Users/wesleykeetch/Documents/Developer/hatti/hatti/ViewModels/DetailedReminderViewModel.swift /Users/wesleykeetch/Documents/Developer/hatti/hatti/Services/Location/LocationPermissionManager.swift /Users/wesleykeetch/Documents/Developer/hatti/hatti/ViewModels/UserPreferencesViewModel.swift /Users/wesleykeetch/Documents/Developer/hatti/hatti/Services/Trigger/TriggerEngine+Performance.swift /Users/wesleykeetch/Documents/Developer/hatti/hatti/Views/Components/ComparisonCard.swift (in target 'hatti' from project 'hatti')

SwiftCompile normal arm64 /Users/wesleykeetch/Documents/Developer/hatti/hatti/Services/Weather/WeatherService.swift (in target 'hatti' from project 'hatti')
    cd /Users/wesleykeetch/Documents/Developer/hatti
    

SwiftCompile normal arm64 /Users/wesleykeetch/Documents/Developer/hatti/hatti/Views/Components/ReminderManagementComponents.swift (in target 'hatti' from project 'hatti')
    cd /Users/wesleykeetch/Documents/Developer/hatti
    

SwiftCompile normal arm64 /Users/wesleykeetch/Documents/Developer/hatti/hatti/Models/WeatherTypes.swift (in target 'hatti' from project 'hatti')
    cd /Users/wesleykeetch/Documents/Developer/hatti
    

SwiftCompile normal arm64 /Users/wesleykeetch/Documents/Developer/hatti/hatti/Views/Settings/PrivacyContactView.swift (in target 'hatti' from project 'hatti')
    cd /Users/wesleykeetch/Documents/Developer/hatti
    

SwiftCompile normal arm64 /Users/wesleykeetch/Documents/Developer/hatti/hatti/Views/Weather/WeatherView.swift (in target 'hatti' from project 'hatti')
    cd /Users/wesleykeetch/Documents/Developer/hatti
    

SwiftCompile normal arm64 /Users/wesleykeetch/Documents/Developer/hatti/hatti/ViewModels/DetailedReminderViewModel.swift (in target 'hatti' from project 'hatti')
    cd /Users/wesleykeetch/Documents/Developer/hatti
    

SwiftCompile normal arm64 /Users/wesleykeetch/Documents/Developer/hatti/hatti/Services/Location/LocationPermissionManager.swift (in target 'hatti' from project 'hatti')
    cd /Users/wesleykeetch/Documents/Developer/hatti
    

SwiftCompile normal arm64 /Users/wesleykeetch/Documents/Developer/hatti/hatti/ViewModels/UserPreferencesViewModel.swift (in target 'hatti' from project 'hatti')
    cd /Users/wesleykeetch/Documents/Developer/hatti
    

SwiftCompile normal arm64 /Users/wesleykeetch/Documents/Developer/hatti/hatti/Services/Trigger/TriggerEngine+Performance.swift (in target 'hatti' from project 'hatti')
    cd /Users/wesleykeetch/Documents/Developer/hatti
    

SwiftCompile normal arm64 /Users/wesleykeetch/Documents/Developer/hatti/hatti/Views/Components/ComparisonCard.swift (in target 'hatti' from project 'hatti')
    cd /Users/wesleykeetch/Documents/Developer/hatti
    

SwiftCompile normal arm64 Compiling\ DataPrivacyView.swift,\ ContentView.swift,\ TemperatureTrendChart.swift,\ ComprehensiveReminderCreationViewModel.swift,\ LocationPickerView.swift,\ OnboardingCoordinator.swift,\ hattiApp.swift,\ SettingsViewModel.swift,\ UserPreferencesView.swift /Users/wesleykeetch/Documents/Developer/hatti/hatti/Views/Settings/DataPrivacyView.swift /Users/wesleykeetch/Documents/Developer/hatti/hatti/Views/Dashboard/ContentView.swift /Users/wesleykeetch/Documents/Developer/hatti/hatti/Views/Weather/TemperatureTrendChart.swift /Users/wesleykeetch/Documents/Developer/hatti/hatti/ViewModels/ComprehensiveReminderCreationViewModel.swift /Users/wesleykeetch/Documents/Developer/hatti/hatti/Views/Location/LocationPickerView.swift /Users/wesleykeetch/Documents/Developer/hatti/hatti/Services/Background/OnboardingCoordinator.swift /Users/wesleykeetch/Documents/Developer/hatti/hatti/hattiApp.swift /Users/wesleykeetch/Documents/Developer/hatti/hatti/ViewModels/SettingsViewModel.swift /Users/wesleykeetch/Documents/Developer/hatti/hatti/Views/Onboarding/UserPreferencesView.swift (in target 'hatti' from project 'hatti')
SwiftCompile normal arm64 /Users/wesleykeetch/Documents/Developer/hatti/hatti/Views/Settings/DataPrivacyView.swift (in target 'hatti' from project 'hatti')
    cd /Users/wesleykeetch/Documents/Developer/hatti
    

SwiftCompile normal arm64 /Users/wesleykeetch/Documents/Developer/hatti/hatti/Views/Dashboard/ContentView.swift (in target 'hatti' from project 'hatti')
    cd /Users/wesleykeetch/Documents/Developer/hatti
    

SwiftCompile normal arm64 /Users/wesleykeetch/Documents/Developer/hatti/hatti/Views/Weather/TemperatureTrendChart.swift (in target 'hatti' from project 'hatti')
    cd /Users/wesleykeetch/Documents/Developer/hatti
    

SwiftCompile normal arm64 /Users/wesleykeetch/Documents/Developer/hatti/hatti/ViewModels/ComprehensiveReminderCreationViewModel.swift (in target 'hatti' from project 'hatti')
    cd /Users/wesleykeetch/Documents/Developer/hatti
    

SwiftCompile normal arm64 /Users/wesleykeetch/Documents/Developer/hatti/hatti/Views/Location/LocationPickerView.swift (in target 'hatti' from project 'hatti')
    cd /Users/wesleykeetch/Documents/Developer/hatti
    

SwiftCompile normal arm64 /Users/wesleykeetch/Documents/Developer/hatti/hatti/Services/Background/OnboardingCoordinator.swift (in target 'hatti' from project 'hatti')
    cd /Users/wesleykeetch/Documents/Developer/hatti
    

SwiftCompile normal arm64 /Users/wesleykeetch/Documents/Developer/hatti/hatti/hattiApp.swift (in target 'hatti' from project 'hatti')
    cd /Users/wesleykeetch/Documents/Developer/hatti
    

SwiftCompile normal arm64 /Users/wesleykeetch/Documents/Developer/hatti/hatti/ViewModels/SettingsViewModel.swift (in target 'hatti' from project 'hatti')
    cd /Users/wesleykeetch/Documents/Developer/hatti
    

SwiftCompile normal arm64 /Users/wesleykeetch/Documents/Developer/hatti/hatti/Views/Onboarding/UserPreferencesView.swift (in target 'hatti' from project 'hatti')
    cd /Users/wesleykeetch/Documents/Developer/hatti
    

SwiftCompile normal arm64 Compiling\ LocationManagementViewModel.swift,\ NotificationPermissionView.swift,\ LocationData.swift,\ ComprehensiveReminderCreationView.swift,\ TriggerEngine+TrendAnalysis.swift,\ WeatherAPI.swift,\ DetailedReminderComponents.swift,\ WeatherAlert.swift,\ DataExportOptionsView.swift,\ NotificationPreferencesViewModel.swift /Users/wesleykeetch/Documents/Developer/hatti/hatti/ViewModels/LocationManagementViewModel.swift /Users/wesleykeetch/Documents/Developer/hatti/hatti/Views/Onboarding/NotificationPermissionView.swift /Users/wesleykeetch/Documents/Developer/hatti/hatti/Models/LocationData.swift /Users/wesleykeetch/Documents/Developer/hatti/hatti/Views/Reminders/ComprehensiveReminderCreationView.swift /Users/wesleykeetch/Documents/Developer/hatti/hatti/Services/Trigger/TriggerEngine+TrendAnalysis.swift /Users/wesleykeetch/Documents/Developer/hatti/hatti/Services/Weather/WeatherAPI.swift /Users/wesleykeetch/Documents/Developer/hatti/hatti/Views/Components/DetailedReminderComponents.swift /Users/wesleykeetch/Documents/Developer/hatti/hatti/Models/WeatherAlert.swift /Users/wesleykeetch/Documents/Developer/hatti/hatti/Views/Settings/DataExportOptionsView.swift /Users/wesleykeetch/Documents/Developer/hatti/hatti/ViewModels/Settings/NotificationPreferencesViewModel.swift (in target 'hatti' from project 'hatti')
SwiftCompile normal arm64 /Users/wesleykeetch/Documents/Developer/hatti/hatti/ViewModels/LocationManagementViewModel.swift (in target 'hatti' from project 'hatti')
    cd /Users/wesleykeetch/Documents/Developer/hatti
    

SwiftCompile normal arm64 /Users/wesleykeetch/Documents/Developer/hatti/hatti/Views/Onboarding/NotificationPermissionView.swift (in target 'hatti' from project 'hatti')
    cd /Users/wesleykeetch/Documents/Developer/hatti
    

SwiftCompile normal arm64 /Users/wesleykeetch/Documents/Developer/hatti/hatti/Models/LocationData.swift (in target 'hatti' from project 'hatti')
    cd /Users/wesleykeetch/Documents/Developer/hatti
    

SwiftCompile normal arm64 /Users/wesleykeetch/Documents/Developer/hatti/hatti/Views/Reminders/ComprehensiveReminderCreationView.swift (in target 'hatti' from project 'hatti')
    cd /Users/wesleykeetch/Documents/Developer/hatti
    

SwiftCompile normal arm64 /Users/wesleykeetch/Documents/Developer/hatti/hatti/Services/Trigger/TriggerEngine+TrendAnalysis.swift (in target 'hatti' from project 'hatti')
    cd /Users/wesleykeetch/Documents/Developer/hatti
    

SwiftCompile normal arm64 /Users/wesleykeetch/Documents/Developer/hatti/hatti/Services/Weather/WeatherAPI.swift (in target 'hatti' from project 'hatti')
    cd /Users/wesleykeetch/Documents/Developer/hatti
    

SwiftCompile normal arm64 /Users/wesleykeetch/Documents/Developer/hatti/hatti/Views/Components/DetailedReminderComponents.swift (in target 'hatti' from project 'hatti')
    cd /Users/wesleykeetch/Documents/Developer/hatti
    

SwiftCompile normal arm64 /Users/wesleykeetch/Documents/Developer/hatti/hatti/Models/WeatherAlert.swift (in target 'hatti' from project 'hatti')
    cd /Users/wesleykeetch/Documents/Developer/hatti
    

SwiftCompile normal arm64 /Users/wesleykeetch/Documents/Developer/hatti/hatti/Views/Settings/DataExportOptionsView.swift (in target 'hatti' from project 'hatti')
    cd /Users/wesleykeetch/Documents/Developer/hatti
    

SwiftCompile normal arm64 /Users/wesleykeetch/Documents/Developer/hatti/hatti/ViewModels/Settings/NotificationPreferencesViewModel.swift (in target 'hatti' from project 'hatti')
    cd /Users/wesleykeetch/Documents/Developer/hatti
    

SwiftCompile normal arm64 Compiling\ TriggerEngine.swift,\ ReminderLocation.swift,\ FirstReminderCreationView.swift,\ WeatherForecastIntegration.swift,\ ReminderCreationComponents.swift,\ WeatherReminder.swift,\ NotificationPreferencesView.swift,\ ButtonStyles.swift,\ DashboardView.swift /Users/wesleykeetch/Documents/Developer/hatti/hatti/Services/Trigger/TriggerEngine.swift /Users/wesleykeetch/Documents/Developer/hatti/hatti/Models/ReminderLocation.swift /Users/wesleykeetch/Documents/Developer/hatti/hatti/Views/Reminders/FirstReminderCreationView.swift /Users/wesleykeetch/Documents/Developer/hatti/hatti/Services/Weather/WeatherForecastIntegration.swift /Users/wesleykeetch/Documents/Developer/hatti/hatti/Views/Components/ReminderCreationComponents.swift /Users/wesleykeetch/Documents/Developer/hatti/hatti/Models/WeatherReminder.swift /Users/wesleykeetch/Documents/Developer/hatti/hatti/Views/Settings/NotificationPreferencesView.swift /Users/wesleykeetch/Documents/Developer/hatti/hatti/Utilities/Helpers/ButtonStyles.swift /Users/wesleykeetch/Documents/Developer/hatti/hatti/Views/Dashboard/DashboardView.swift (in target 'hatti' from project 'hatti')

SwiftCompile normal arm64 /Users/wesleykeetch/Documents/Developer/hatti/hatti/Services/Trigger/TriggerEngine.swift (in target 'hatti' from project 'hatti')
    cd /Users/wesleykeetch/Documents/Developer/hatti
    

SwiftCompile normal arm64 /Users/wesleykeetch/Documents/Developer/hatti/hatti/Models/ReminderLocation.swift (in target 'hatti' from project 'hatti')
    cd /Users/wesleykeetch/Documents/Developer/hatti
    

SwiftCompile normal arm64 /Users/wesleykeetch/Documents/Developer/hatti/hatti/Views/Reminders/FirstReminderCreationView.swift (in target 'hatti' from project 'hatti')
    cd /Users/wesleykeetch/Documents/Developer/hatti
    

SwiftCompile normal arm64 /Users/wesleykeetch/Documents/Developer/hatti/hatti/Services/Weather/WeatherForecastIntegration.swift (in target 'hatti' from project 'hatti')
    cd /Users/wesleykeetch/Documents/Developer/hatti
    

SwiftCompile normal arm64 /Users/wesleykeetch/Documents/Developer/hatti/hatti/Views/Components/ReminderCreationComponents.swift (in target 'hatti' from project 'hatti')
    cd /Users/wesleykeetch/Documents/Developer/hatti
    

SwiftCompile normal arm64 /Users/wesleykeetch/Documents/Developer/hatti/hatti/Models/WeatherReminder.swift (in target 'hatti' from project 'hatti')
    cd /Users/wesleykeetch/Documents/Developer/hatti
    

SwiftCompile normal arm64 /Users/wesleykeetch/Documents/Developer/hatti/hatti/Views/Settings/NotificationPreferencesView.swift (in target 'hatti' from project 'hatti')
    cd /Users/wesleykeetch/Documents/Developer/hatti
    

SwiftCompile normal arm64 /Users/wesleykeetch/Documents/Developer/hatti/hatti/Utilities/Helpers/ButtonStyles.swift (in target 'hatti' from project 'hatti')
    cd /Users/wesleykeetch/Documents/Developer/hatti
    

SwiftCompile normal arm64 /Users/wesleykeetch/Documents/Developer/hatti/hatti/Views/Dashboard/DashboardView.swift (in target 'hatti' from project 'hatti')
    cd /Users/wesleykeetch/Documents/Developer/hatti
    

SwiftCompile normal arm64 Compiling\ WeatherAlertsView.swift,\ DashboardViewModel.swift,\ ManualLocationEntryView.swift,\ WelcomeView.swift,\ TriggerEngine+ForecastAnalysis.swift,\ SavedLocation.swift,\ QuickCreateReminderView.swift,\ BackgroundWeatherManager.swift,\ GeneratedAssetSymbols.swift /Users/wesleykeetch/Documents/Developer/hatti/hatti/Views/Weather/WeatherAlertsView.swift /Users/wesleykeetch/Documents/Developer/hatti/hatti/ViewModels/DashboardViewModel.swift /Users/wesleykeetch/Documents/Developer/hatti/hatti/Views/Location/ManualLocationEntryView.swift /Users/wesleykeetch/Documents/Developer/hatti/hatti/Views/Onboarding/WelcomeView.swift /Users/wesleykeetch/Documents/Developer/hatti/hatti/Services/Trigger/TriggerEngine+ForecastAnalysis.swift /Users/wesleykeetch/Documents/Developer/hatti/hatti/Models/SavedLocation.swift /Users/wesleykeetch/Documents/Developer/hatti/hatti/Views/Reminders/QuickCreateReminderView.swift /Users/wesleykeetch/Documents/Developer/hatti/hatti/Services/Weather/BackgroundWeatherManager.swift /Users/wesleykeetch/Library/Developer/Xcode/DerivedData/hatti-bvbyepqcuvplcsgfasreddgzbiti/Build/Intermediates.noindex/hatti.build/Debug-iphonesimulator/hatti.build/DerivedSources/GeneratedAssetSymbols.swift (in target 'hatti' from project 'hatti')

SwiftCompile normal arm64 /Users/wesleykeetch/Documents/Developer/hatti/hatti/Views/Weather/WeatherAlertsView.swift (in target 'hatti' from project 'hatti')
    cd /Users/wesleykeetch/Documents/Developer/hatti
    

SwiftCompile normal arm64 /Users/wesleykeetch/Documents/Developer/hatti/hatti/ViewModels/DashboardViewModel.swift (in target 'hatti' from project 'hatti')
    cd /Users/wesleykeetch/Documents/Developer/hatti
    

SwiftCompile normal arm64 /Users/wesleykeetch/Documents/Developer/hatti/hatti/Views/Location/ManualLocationEntryView.swift (in target 'hatti' from project 'hatti')
    cd /Users/wesleykeetch/Documents/Developer/hatti
    

SwiftCompile normal arm64 /Users/wesleykeetch/Documents/Developer/hatti/hatti/Views/Onboarding/WelcomeView.swift (in target 'hatti' from project 'hatti')
    cd /Users/wesleykeetch/Documents/Developer/hatti
    

SwiftCompile normal arm64 /Users/wesleykeetch/Documents/Developer/hatti/hatti/Services/Trigger/TriggerEngine+ForecastAnalysis.swift (in target 'hatti' from project 'hatti')
    cd /Users/wesleykeetch/Documents/Developer/hatti
    

SwiftCompile normal arm64 /Users/wesleykeetch/Documents/Developer/hatti/hatti/Models/SavedLocation.swift (in target 'hatti' from project 'hatti')
    cd /Users/wesleykeetch/Documents/Developer/hatti
    

SwiftCompile normal arm64 /Users/wesleykeetch/Documents/Developer/hatti/hatti/Views/Reminders/QuickCreateReminderView.swift (in target 'hatti' from project 'hatti')
    cd /Users/wesleykeetch/Documents/Developer/hatti
    

SwiftCompile normal arm64 /Users/wesleykeetch/Documents/Developer/hatti/hatti/Services/Weather/BackgroundWeatherManager.swift (in target 'hatti' from project 'hatti')
    cd /Users/wesleykeetch/Documents/Developer/hatti
    

SwiftCompile normal arm64 /Users/wesleykeetch/Library/Developer/Xcode/DerivedData/hatti-bvbyepqcuvplcsgfasreddgzbiti/Build/Intermediates.noindex/hatti.build/Debug-iphonesimulator/hatti.build/DerivedSources/GeneratedAssetSymbols.swift (in target 'hatti' from project 'hatti')
    cd /Users/wesleykeetch/Documents/Developer/hatti
    

/Users/wesleykeetch/Documents/Developer/hatti/hatti.xcodeproj: warning: The iOS Simulator deployment target 'IPHONEOS_DEPLOYMENT_TARGET' is set to 26.0, but the range of supported deployment target versions is 12.0 to 18.5.99. (in target 'hatti' from project 'hatti')
** BUILD FAILED **


The following build commands failed:
	SwiftCompile normal arm64 /Users/wesleykeetch/Documents/Developer/hatti/hatti/Views/Reminders/ReminderManagementView.swift (in target 'hatti' from project 'hatti')
	SwiftCompile normal arm64 Compiling\ TriggerCondition.swift,\ ReminderManagementView.swift,\ WeatherServiceConfiguration.swift,\ ReminderSummaryCard.swift,\ SettingsSubViews.swift,\ LocationManagementComponents.swift,\ NotificationConfig.swift,\ WeatherViewComponents.swift,\ FirstReminderCreationViewModel.swift,\ CelebrationView.swift /Users/wesleykeetch/Documents/Developer/hatti/hatti/Models/TriggerCondition.swift /Users/wesleykeetch/Documents/Developer/hatti/hatti/Views/Reminders/ReminderManagementView.swift /Users/wesleykeetch/Documents/Developer/hatti/hatti/Services/Weather/WeatherServiceConfiguration.swift /Users/wesleykeetch/Documents/Developer/hatti/hatti/Views/Components/ReminderSummaryCard.swift /Users/wesleykeetch/Documents/Developer/hatti/hatti/Views/Settings/SettingsSubViews.swift /Users/wesleykeetch/Documents/Developer/hatti/hatti/Views/Location/LocationManagementComponents.swift /Users/wesleykeetch/Documents/Developer/hatti/hatti/Resources/Configuration/NotificationConfig.swift /Users/wesleykeetch/Documents/Developer/hatti/hatti/Views/Weather/WeatherViewComponents.swift /Users/wesleykeetch/Documents/Developer/hatti/hatti/ViewModels/FirstReminderCreationViewModel.swift /Users/wesleykeetch/Documents/Developer/hatti/hatti/Views/Onboarding/CelebrationView.swift (in target 'hatti' from project 'hatti')
	Building project hatti with scheme hatti and configuration Debug
(3 failures)
