Command line invocation:
    /Applications/Xcode.app/Contents/Developer/usr/bin/xcodebuild -project hatti.xcodeproj -scheme hatti -sdk iphonesimulator -destination "platform=iOS Simulator,name=iPhone 16,OS=26.0" -configuration Debug ONLY_ACTIVE_ARCH=YES ENABLE_PREVIEWS_BUILD=NO

Build settings from command line:
    ENABLE_PREVIEWS_BUILD = NO
    ONLY_ACTIVE_ARCH = YES
    SDKROOT = iphonesimulator18.5

--- xcodebuild: WARNING: Using the first of multiple matching destinations:
{ platform:iOS Simulator, arch:arm64, id:A7E33869-092A-4CF6-9122-3911E7C42DCC, OS:26.0, name:iPhone 16 }
{ platform:iOS Simulator, arch:x86_64, id:A7E33869-092A-4CF6-9122-3911E7C42DCC, OS:26.0, name:iPhone 16 }
ComputePackagePrebuildTargetDependencyGraph

Prepare packages

CreateBuildRequest

SendProjectDescription

CreateBuildOperation

ComputeTargetDependencyGraph
note: Building targets in dependency order
note: Target dependency graph (1 target)
    Target 'hatti' in project 'hatti' (no dependencies)

GatherProvisioningInputs

CreateBuildDescription

ExecuteExternalTool /Applications/Xcode.app/Contents/Developer/Toolchains/XcodeDefault.xctoolchain/usr/bin/clang -v -E -dM -isysroot /Applications/Xcode.app/Contents/Developer/Platforms/iPhoneSimulator.platform/Developer/SDKs/iPhoneSimulator18.5.sdk -x c -c /dev/null

ExecuteExternalTool /Applications/Xcode.app/Contents/Developer/usr/bin/actool --print-asset-tag-combinations --output-format xml1 /Users/wesleykeetch/Documents/Developer/hatti/hatti/Assets.xcassets

ExecuteExternalTool /Applications/Xcode.app/Contents/Developer/usr/bin/actool --version --output-format xml1

ExecuteExternalTool /Applications/Xcode.app/Contents/Developer/Toolchains/XcodeDefault.xctoolchain/usr/bin/swiftc --version

ExecuteExternalTool /Applications/Xcode.app/Contents/Developer/Toolchains/XcodeDefault.xctoolchain/usr/bin/ld -version_details

Build description signature: 8c6de1c5672e0603021b0e762b2f98a9
Build description path: /Users/wesleykeetch/Library/Developer/Xcode/DerivedData/hatti-bvbyepqcuvplcsgfasreddgzbiti/Build/Intermediates.noindex/XCBuildData/8c6de1c5672e0603021b0e762b2f98a9.xcbuilddata
ClangStatCache /Applications/Xcode.app/Contents/Developer/Toolchains/XcodeDefault.xctoolchain/usr/bin/clang-stat-cache /Applications/Xcode.app/Contents/Developer/Platforms/iPhoneSimulator.platform/Developer/SDKs/iPhoneSimulator18.5.sdk /Users/wesleykeetch/Library/Developer/Xcode/DerivedData/SDKStatCaches.noindex/iphonesimulator18.5-22F76-d5fc8ad4295d2ef488fb7d0f804ce0c4.sdkstatcache
    cd /Users/wesleykeetch/Documents/Developer/hatti/hatti.xcodeproj
    /Applications/Xcode.app/Contents/Developer/Toolchains/XcodeDefault.xctoolchain/usr/bin/clang-stat-cache /Applications/Xcode.app/Contents/Developer/Platforms/iPhoneSimulator.platform/Developer/SDKs/iPhoneSimulator18.5.sdk -o /Users/wesleykeetch/Library/Developer/Xcode/DerivedData/SDKStatCaches.noindex/iphonesimulator18.5-22F76-d5fc8ad4295d2ef488fb7d0f804ce0c4.sdkstatcache

WriteAuxiliaryFile /Users/wesleykeetch/Library/Developer/Xcode/DerivedData/hatti-bvbyepqcuvplcsgfasreddgzbiti/Build/Intermediates.noindex/hatti.build/Debug-iphonesimulator/hatti.build/Objects-normal/arm64/hatti.SwiftConstValuesFileList (in target 'hatti' from project 'hatti')
    cd /Users/wesleykeetch/Documents/Developer/hatti
    write-file /Users/wesleykeetch/Library/Developer/Xcode/DerivedData/hatti-bvbyepqcuvplcsgfasreddgzbiti/Build/Intermediates.noindex/hatti.build/Debug-iphonesimulator/hatti.build/Objects-normal/arm64/hatti.SwiftConstValuesFileList

WriteAuxiliaryFile /Users/wesleykeetch/Library/Developer/Xcode/DerivedData/hatti-bvbyepqcuvplcsgfasreddgzbiti/Build/Intermediates.noindex/hatti.build/Debug-iphonesimulator/hatti.build/Objects-normal/arm64/hatti-OutputFileMap.json (in target 'hatti' from project 'hatti')
    cd /Users/wesleykeetch/Documents/Developer/hatti
    write-file /Users/wesleykeetch/Library/Developer/Xcode/DerivedData/hatti-bvbyepqcuvplcsgfasreddgzbiti/Build/Intermediates.noindex/hatti.build/Debug-iphonesimulator/hatti.build/Objects-normal/arm64/hatti-OutputFileMap.json

WriteAuxiliaryFile /Users/wesleykeetch/Library/Developer/Xcode/DerivedData/hatti-bvbyepqcuvplcsgfasreddgzbiti/Build/Intermediates.noindex/hatti.build/Debug-iphonesimulator/hatti.build/Objects-normal/arm64/hatti.SwiftFileList (in target 'hatti' from project 'hatti')
    cd /Users/wesleykeetch/Documents/Developer/hatti
    write-file /Users/wesleykeetch/Library/Developer/Xcode/DerivedData/hatti-bvbyepqcuvplcsgfasreddgzbiti/Build/Intermediates.noindex/hatti.build/Debug-iphonesimulator/hatti.build/Objects-normal/arm64/hatti.SwiftFileList

WriteAuxiliaryFile /Users/wesleykeetch/Library/Developer/Xcode/DerivedData/hatti-bvbyepqcuvplcsgfasreddgzbiti/Build/Intermediates.noindex/hatti.build/Debug-iphonesimulator/hatti.build/Objects-normal/arm64/hatti_const_extract_protocols.json (in target 'hatti' from project 'hatti')
    cd /Users/wesleykeetch/Documents/Developer/hatti
    write-file /Users/wesleykeetch/Library/Developer/Xcode/DerivedData/hatti-bvbyepqcuvplcsgfasreddgzbiti/Build/Intermediates.noindex/hatti.build/Debug-iphonesimulator/hatti.build/Objects-normal/arm64/hatti_const_extract_protocols.json

WriteAuxiliaryFile /Users/wesleykeetch/Library/Developer/Xcode/DerivedData/hatti-bvbyepqcuvplcsgfasreddgzbiti/Build/Intermediates.noindex/hatti.build/Debug-iphonesimulator/hatti.build/Objects-normal/arm64/hatti.LinkFileList (in target 'hatti' from project 'hatti')
    cd /Users/wesleykeetch/Documents/Developer/hatti
    write-file /Users/wesleykeetch/Library/Developer/Xcode/DerivedData/hatti-bvbyepqcuvplcsgfasreddgzbiti/Build/Intermediates.noindex/hatti.build/Debug-iphonesimulator/hatti.build/Objects-normal/arm64/hatti.LinkFileList

ProcessProductPackaging /Users/wesleykeetch/Documents/Developer/hatti/hatti/hatti.entitlements /Users/wesleykeetch/Library/Developer/Xcode/DerivedData/hatti-bvbyepqcuvplcsgfasreddgzbiti/Build/Intermediates.noindex/hatti.build/Debug-iphonesimulator/hatti.build/hatti.app-Simulated.xcent (in target 'hatti' from project 'hatti')
    cd /Users/wesleykeetch/Documents/Developer/hatti
    
    Entitlements:
    
    {
    "application-identifier" = "HD39MR492X.org.wesley.hatti";
    "aps-environment" = development;
    "com.apple.developer.icloud-container-identifiers" =     (
    );
    "com.apple.developer.icloud-services" =     (
        CloudKit
    );
    "com.apple.developer.weatherkit" = 1;
}
    
    builtin-productPackagingUtility /Users/wesleykeetch/Documents/Developer/hatti/hatti/hatti.entitlements -entitlements -format xml -o /Users/wesleykeetch/Library/Developer/Xcode/DerivedData/hatti-bvbyepqcuvplcsgfasreddgzbiti/Build/Intermediates.noindex/hatti.build/Debug-iphonesimulator/hatti.build/hatti.app-Simulated.xcent

ProcessProductPackaging /Users/wesleykeetch/Documents/Developer/hatti/hatti/hatti.entitlements /Users/wesleykeetch/Library/Developer/Xcode/DerivedData/hatti-bvbyepqcuvplcsgfasreddgzbiti/Build/Intermediates.noindex/hatti.build/Debug-iphonesimulator/hatti.build/hatti.app.xcent (in target 'hatti' from project 'hatti')
    cd /Users/wesleykeetch/Documents/Developer/hatti
    
    Entitlements:
    
    {
}
    
    builtin-productPackagingUtility /Users/wesleykeetch/Documents/Developer/hatti/hatti/hatti.entitlements -entitlements -format xml -o /Users/wesleykeetch/Library/Developer/Xcode/DerivedData/hatti-bvbyepqcuvplcsgfasreddgzbiti/Build/Intermediates.noindex/hatti.build/Debug-iphonesimulator/hatti.build/hatti.app.xcent

ProcessProductPackagingDER /Users/wesleykeetch/Library/Developer/Xcode/DerivedData/hatti-bvbyepqcuvplcsgfasreddgzbiti/Build/Intermediates.noindex/hatti.build/Debug-iphonesimulator/hatti.build/hatti.app.xcent /Users/wesleykeetch/Library/Developer/Xcode/DerivedData/hatti-bvbyepqcuvplcsgfasreddgzbiti/Build/Intermediates.noindex/hatti.build/Debug-iphonesimulator/hatti.build/hatti.app.xcent.der (in target 'hatti' from project 'hatti')
    cd /Users/wesleykeetch/Documents/Developer/hatti
    /usr/bin/derq query -f xml -i /Users/wesleykeetch/Library/Developer/Xcode/DerivedData/hatti-bvbyepqcuvplcsgfasreddgzbiti/Build/Intermediates.noindex/hatti.build/Debug-iphonesimulator/hatti.build/hatti.app.xcent -o /Users/wesleykeetch/Library/Developer/Xcode/DerivedData/hatti-bvbyepqcuvplcsgfasreddgzbiti/Build/Intermediates.noindex/hatti.build/Debug-iphonesimulator/hatti.build/hatti.app.xcent.der --raw

ProcessProductPackagingDER /Users/wesleykeetch/Library/Developer/Xcode/DerivedData/hatti-bvbyepqcuvplcsgfasreddgzbiti/Build/Intermediates.noindex/hatti.build/Debug-iphonesimulator/hatti.build/hatti.app-Simulated.xcent /Users/wesleykeetch/Library/Developer/Xcode/DerivedData/hatti-bvbyepqcuvplcsgfasreddgzbiti/Build/Intermediates.noindex/hatti.build/Debug-iphonesimulator/hatti.build/hatti.app-Simulated.xcent.der (in target 'hatti' from project 'hatti')
    cd /Users/wesleykeetch/Documents/Developer/hatti
    /usr/bin/derq query -f xml -i /Users/wesleykeetch/Library/Developer/Xcode/DerivedData/hatti-bvbyepqcuvplcsgfasreddgzbiti/Build/Intermediates.noindex/hatti.build/Debug-iphonesimulator/hatti.build/hatti.app-Simulated.xcent -o /Users/wesleykeetch/Library/Developer/Xcode/DerivedData/hatti-bvbyepqcuvplcsgfasreddgzbiti/Build/Intermediates.noindex/hatti.build/Debug-iphonesimulator/hatti.build/hatti.app-Simulated.xcent.der --raw

Ld /Users/wesleykeetch/Library/Developer/Xcode/DerivedData/hatti-bvbyepqcuvplcsgfasreddgzbiti/Build/Products/Debug-iphonesimulator/hatti.app/__preview.dylib normal (in target 'hatti' from project 'hatti')
    cd /Users/wesleykeetch/Documents/Developer/hatti
    /Applications/Xcode.app/Contents/Developer/Toolchains/XcodeDefault.xctoolchain/usr/bin/clang -Xlinker -reproducible -target arm64-apple-ios26.0-simulator -dynamiclib -isysroot /Applications/Xcode.app/Contents/Developer/Platforms/iPhoneSimulator.platform/Developer/SDKs/iPhoneSimulator18.5.sdk -O0 -L/Users/wesleykeetch/Library/Developer/Xcode/DerivedData/hatti-bvbyepqcuvplcsgfasreddgzbiti/Build/Products/Debug-iphonesimulator -F/Users/wesleykeetch/Library/Developer/Xcode/DerivedData/hatti-bvbyepqcuvplcsgfasreddgzbiti/Build/Products/Debug-iphonesimulator -install_name @rpath/hatti.debug.dylib -dead_strip -rdynamic -Xlinker -no_deduplicate -Xlinker -objc_abi_version -Xlinker 2 -Xlinker -debug_variant -Xlinker -dependency_info -Xlinker /Users/wesleykeetch/Library/Developer/Xcode/DerivedData/hatti-bvbyepqcuvplcsgfasreddgzbiti/Build/Intermediates.noindex/hatti.build/Debug-iphonesimulator/hatti.build/Objects-normal/arm64/hatti_dependency_info.dat -Xlinker -sectcreate -Xlinker __TEXT -Xlinker __entitlements -Xlinker /Users/wesleykeetch/Library/Developer/Xcode/DerivedData/hatti-bvbyepqcuvplcsgfasreddgzbiti/Build/Intermediates.noindex/hatti.build/Debug-iphonesimulator/hatti.build/hatti.app-Simulated.xcent -Xlinker -sectcreate -Xlinker __TEXT -Xlinker __ents_der -Xlinker /Users/wesleykeetch/Library/Developer/Xcode/DerivedData/hatti-bvbyepqcuvplcsgfasreddgzbiti/Build/Intermediates.noindex/hatti.build/Debug-iphonesimulator/hatti.build/hatti.app-Simulated.xcent.der -Xlinker -no_adhoc_codesign -o /Users/wesleykeetch/Library/Developer/Xcode/DerivedData/hatti-bvbyepqcuvplcsgfasreddgzbiti/Build/Products/Debug-iphonesimulator/hatti.app/__preview.dylib

GenerateAssetSymbols /Users/wesleykeetch/Documents/Developer/hatti/hatti/Assets.xcassets (in target 'hatti' from project 'hatti')
    cd /Users/wesleykeetch/Documents/Developer/hatti
    /Applications/Xcode.app/Contents/Developer/usr/bin/actool /Users/wesleykeetch/Documents/Developer/hatti/hatti/Assets.xcassets --compile /Users/wesleykeetch/Library/Developer/Xcode/DerivedData/hatti-bvbyepqcuvplcsgfasreddgzbiti/Build/Products/Debug-iphonesimulator/hatti.app --output-format human-readable-text --notices --warnings --export-dependency-info /Users/wesleykeetch/Library/Developer/Xcode/DerivedData/hatti-bvbyepqcuvplcsgfasreddgzbiti/Build/Intermediates.noindex/hatti.build/Debug-iphonesimulator/hatti.build/assetcatalog_dependencies --output-partial-info-plist /Users/wesleykeetch/Library/Developer/Xcode/DerivedData/hatti-bvbyepqcuvplcsgfasreddgzbiti/Build/Intermediates.noindex/hatti.build/Debug-iphonesimulator/hatti.build/assetcatalog_generated_info.plist --app-icon AppIcon --accent-color AccentColor --compress-pngs --enable-on-demand-resources YES --development-region en --target-device iphone --target-device ipad --minimum-deployment-target 26.0 --platform iphonesimulator --bundle-identifier org.wesley.hatti --generate-swift-asset-symbols /Users/wesleykeetch/Library/Developer/Xcode/DerivedData/hatti-bvbyepqcuvplcsgfasreddgzbiti/Build/Intermediates.noindex/hatti.build/Debug-iphonesimulator/hatti.build/DerivedSources/GeneratedAssetSymbols.swift --generate-objc-asset-symbols /Users/wesleykeetch/Library/Developer/Xcode/DerivedData/hatti-bvbyepqcuvplcsgfasreddgzbiti/Build/Intermediates.noindex/hatti.build/Debug-iphonesimulator/hatti.build/DerivedSources/GeneratedAssetSymbols.h --generate-asset-symbol-index /Users/wesleykeetch/Library/Developer/Xcode/DerivedData/hatti-bvbyepqcuvplcsgfasreddgzbiti/Build/Intermediates.noindex/hatti.build/Debug-iphonesimulator/hatti.build/DerivedSources/GeneratedAssetSymbols-Index.plist
/* com.apple.actool.compilation-results */
/Users/wesleykeetch/Library/Developer/Xcode/DerivedData/hatti-bvbyepqcuvplcsgfasreddgzbiti/Build/Intermediates.noindex/hatti.build/Debug-iphonesimulator/hatti.build/DerivedSources/GeneratedAssetSymbols-Index.plist
/Users/wesleykeetch/Library/Developer/Xcode/DerivedData/hatti-bvbyepqcuvplcsgfasreddgzbiti/Build/Intermediates.noindex/hatti.build/Debug-iphonesimulator/hatti.build/DerivedSources/GeneratedAssetSymbols.h
/Users/wesleykeetch/Library/Developer/Xcode/DerivedData/hatti-bvbyepqcuvplcsgfasreddgzbiti/Build/Intermediates.noindex/hatti.build/Debug-iphonesimulator/hatti.build/DerivedSources/GeneratedAssetSymbols.swift


CpResource /Users/wesleykeetch/Library/Developer/Xcode/DerivedData/hatti-bvbyepqcuvplcsgfasreddgzbiti/Build/Products/Debug-iphonesimulator/hatti.app/APIKeys.plist.example /Users/wesleykeetch/Documents/Developer/hatti/hatti/Resources/Configuration/APIKeys.plist.example (in target 'hatti' from project 'hatti')
    cd /Users/wesleykeetch/Documents/Developer/hatti
    builtin-copy -exclude .DS_Store -exclude CVS -exclude .svn -exclude .git -exclude .hg -resolve-src-symlinks /Users/wesleykeetch/Documents/Developer/hatti/hatti/Resources/Configuration/APIKeys.plist.example /Users/wesleykeetch/Library/Developer/Xcode/DerivedData/hatti-bvbyepqcuvplcsgfasreddgzbiti/Build/Products/Debug-iphonesimulator/hatti.app

CompileAssetCatalogVariant thinned /Users/wesleykeetch/Library/Developer/Xcode/DerivedData/hatti-bvbyepqcuvplcsgfasreddgzbiti/Build/Products/Debug-iphonesimulator/hatti.app /Users/wesleykeetch/Documents/Developer/hatti/hatti/Assets.xcassets (in target 'hatti' from project 'hatti')
    cd /Users/wesleykeetch/Documents/Developer/hatti
    /Applications/Xcode.app/Contents/Developer/usr/bin/actool /Users/wesleykeetch/Documents/Developer/hatti/hatti/Assets.xcassets --compile /Users/wesleykeetch/Library/Developer/Xcode/DerivedData/hatti-bvbyepqcuvplcsgfasreddgzbiti/Build/Intermediates.noindex/hatti.build/Debug-iphonesimulator/hatti.build/assetcatalog_output/thinned --output-format human-readable-text --notices --warnings --export-dependency-info /Users/wesleykeetch/Library/Developer/Xcode/DerivedData/hatti-bvbyepqcuvplcsgfasreddgzbiti/Build/Intermediates.noindex/hatti.build/Debug-iphonesimulator/hatti.build/assetcatalog_dependencies_thinned --output-partial-info-plist /Users/wesleykeetch/Library/Developer/Xcode/DerivedData/hatti-bvbyepqcuvplcsgfasreddgzbiti/Build/Intermediates.noindex/hatti.build/Debug-iphonesimulator/hatti.build/assetcatalog_generated_info.plist_thinned --app-icon AppIcon --accent-color AccentColor --compress-pngs --enable-on-demand-resources YES --filter-for-thinning-device-configuration iPhone17,3 --filter-for-device-os-version 26.0 --development-region en --target-device iphone --target-device ipad --minimum-deployment-target 26.0 --platform iphonesimulator
/* com.apple.actool.document.warnings */
/Users/wesleykeetch/Documents/Developer/hatti/hatti/Assets.xcassets:.: warning: The minimum deployment target is set to 26.0, but the platform only knows how to compile for iOS 18.5
/* com.apple.actool.compilation-results */
/Users/wesleykeetch/Library/Developer/Xcode/DerivedData/hatti-bvbyepqcuvplcsgfasreddgzbiti/Build/Intermediates.noindex/hatti.build/Debug-iphonesimulator/hatti.build/assetcatalog_generated_info.plist_thinned


SwiftDriver hatti normal arm64 com.apple.xcode.tools.swift.compiler (in target 'hatti' from project 'hatti')
    cd /Users/wesleykeetch/Documents/Developer/hatti
    builtin-SwiftDriver -- /Applications/Xcode.app/Contents/Developer/Toolchains/XcodeDefault.xctoolchain/usr/bin/swiftc -module-name hatti -Onone -enforce-exclusivity\=checked @/Users/wesleykeetch/Library/Developer/Xcode/DerivedData/hatti-bvbyepqcuvplcsgfasreddgzbiti/Build/Intermediates.noindex/hatti.build/Debug-iphonesimulator/hatti.build/Objects-normal/arm64/hatti.SwiftFileList -DDEBUG -enable-bare-slash-regex -enable-upcoming-feature MemberImportVisibility -enable-experimental-feature DebugDescriptionMacro -sdk /Applications/Xcode.app/Contents/Developer/Platforms/iPhoneSimulator.platform/Developer/SDKs/iPhoneSimulator18.5.sdk -target arm64-apple-ios26.0-simulator -g -module-cache-path /Users/wesleykeetch/Library/Developer/Xcode/DerivedData/ModuleCache.noindex -Xfrontend -serialize-debugging-options -profile-coverage-mapping -profile-generate -enable-testing -index-store-path /Users/wesleykeetch/Library/Developer/Xcode/DerivedData/hatti-bvbyepqcuvplcsgfasreddgzbiti/Index.noindex/DataStore -swift-version 5 -I /Users/wesleykeetch/Library/Developer/Xcode/DerivedData/hatti-bvbyepqcuvplcsgfasreddgzbiti/Build/Products/Debug-iphonesimulator -F /Users/wesleykeetch/Library/Developer/Xcode/DerivedData/hatti-bvbyepqcuvplcsgfasreddgzbiti/Build/Products/Debug-iphonesimulator -emit-localized-strings -emit-localized-strings-path /Users/wesleykeetch/Library/Developer/Xcode/DerivedData/hatti-bvbyepqcuvplcsgfasreddgzbiti/Build/Intermediates.noindex/hatti.build/Debug-iphonesimulator/hatti.build/Objects-normal/arm64 -c -j8 -enable-batch-mode -incremental -Xcc -ivfsstatcache -Xcc /Users/wesleykeetch/Library/Developer/Xcode/DerivedData/SDKStatCaches.noindex/iphonesimulator18.5-22F76-d5fc8ad4295d2ef488fb7d0f804ce0c4.sdkstatcache -output-file-map /Users/wesleykeetch/Library/Developer/Xcode/DerivedData/hatti-bvbyepqcuvplcsgfasreddgzbiti/Build/Intermediates.noindex/hatti.build/Debug-iphonesimulator/hatti.build/Objects-normal/arm64/hatti-OutputFileMap.json -use-frontend-parseable-output -save-temps -no-color-diagnostics -serialize-diagnostics -emit-dependencies -emit-module -emit-module-path /Users/wesleykeetch/Library/Developer/Xcode/DerivedData/hatti-bvbyepqcuvplcsgfasreddgzbiti/Build/Intermediates.noindex/hatti.build/Debug-iphonesimulator/hatti.build/Objects-normal/arm64/hatti.swiftmodule -validate-clang-modules-once -clang-build-session-file /Users/wesleykeetch/Library/Developer/Xcode/DerivedData/ModuleCache.noindex/Session.modulevalidation -Xcc -I/Users/wesleykeetch/Library/Developer/Xcode/DerivedData/hatti-bvbyepqcuvplcsgfasreddgzbiti/Build/Intermediates.noindex/hatti.build/Debug-iphonesimulator/hatti.build/swift-overrides.hmap -emit-const-values -Xfrontend -const-gather-protocols-file -Xfrontend /Users/wesleykeetch/Library/Developer/Xcode/DerivedData/hatti-bvbyepqcuvplcsgfasreddgzbiti/Build/Intermediates.noindex/hatti.build/Debug-iphonesimulator/hatti.build/Objects-normal/arm64/hatti_const_extract_protocols.json -Xcc -iquote -Xcc /Users/wesleykeetch/Library/Developer/Xcode/DerivedData/hatti-bvbyepqcuvplcsgfasreddgzbiti/Build/Intermediates.noindex/hatti.build/Debug-iphonesimulator/hatti.build/hatti-generated-files.hmap -Xcc -I/Users/wesleykeetch/Library/Developer/Xcode/DerivedData/hatti-bvbyepqcuvplcsgfasreddgzbiti/Build/Intermediates.noindex/hatti.build/Debug-iphonesimulator/hatti.build/hatti-own-target-headers.hmap -Xcc -I/Users/wesleykeetch/Library/Developer/Xcode/DerivedData/hatti-bvbyepqcuvplcsgfasreddgzbiti/Build/Intermediates.noindex/hatti.build/Debug-iphonesimulator/hatti.build/hatti-all-target-headers.hmap -Xcc -iquote -Xcc /Users/wesleykeetch/Library/Developer/Xcode/DerivedData/hatti-bvbyepqcuvplcsgfasreddgzbiti/Build/Intermediates.noindex/hatti.build/Debug-iphonesimulator/hatti.build/hatti-project-headers.hmap -Xcc -I/Users/wesleykeetch/Library/Developer/Xcode/DerivedData/hatti-bvbyepqcuvplcsgfasreddgzbiti/Build/Products/Debug-iphonesimulator/include -Xcc -I/Users/wesleykeetch/Library/Developer/Xcode/DerivedData/hatti-bvbyepqcuvplcsgfasreddgzbiti/Build/Intermediates.noindex/hatti.build/Debug-iphonesimulator/hatti.build/DerivedSources-normal/arm64 -Xcc -I/Users/wesleykeetch/Library/Developer/Xcode/DerivedData/hatti-bvbyepqcuvplcsgfasreddgzbiti/Build/Intermediates.noindex/hatti.build/Debug-iphonesimulator/hatti.build/DerivedSources/arm64 -Xcc -I/Users/wesleykeetch/Library/Developer/Xcode/DerivedData/hatti-bvbyepqcuvplcsgfasreddgzbiti/Build/Intermediates.noindex/hatti.build/Debug-iphonesimulator/hatti.build/DerivedSources -Xcc -DDEBUG\=1 -emit-objc-header -emit-objc-header-path /Users/wesleykeetch/Library/Developer/Xcode/DerivedData/hatti-bvbyepqcuvplcsgfasreddgzbiti/Build/Intermediates.noindex/hatti.build/Debug-iphonesimulator/hatti.build/Objects-normal/arm64/hatti-Swift.h -working-directory /Users/wesleykeetch/Documents/Developer/hatti -experimental-emit-module-separately -disable-cmo

SwiftCompile normal arm64 Compiling\ WeatherForecastIntegration.swift,\ FirstReminderCreationComponents.swift,\ ButtonStyles.swift,\ ContentView.swift,\ SavedLocation.swift,\ ComprehensiveReminderCreationViewModel.swift,\ LocationPickerView.swift,\ TemperatureTrendChart.swift,\ WeatherTypes.swift,\ SettingsViewModel.swift /Users/wesleykeetch/Documents/Developer/hatti/hatti/Services/Weather/WeatherForecastIntegration.swift /Users/wesleykeetch/Documents/Developer/hatti/hatti/Views/Components/FirstReminderCreationComponents.swift /Users/wesleykeetch/Documents/Developer/hatti/hatti/Utilities/Helpers/ButtonStyles.swift /Users/wesleykeetch/Documents/Developer/hatti/hatti/Views/Dashboard/ContentView.swift /Users/wesleykeetch/Documents/Developer/hatti/hatti/Models/SavedLocation.swift /Users/wesleykeetch/Documents/Developer/hatti/hatti/ViewModels/ComprehensiveReminderCreationViewModel.swift /Users/wesleykeetch/Documents/Developer/hatti/hatti/Views/Location/LocationPickerView.swift /Users/wesleykeetch/Documents/Developer/hatti/hatti/Views/Weather/TemperatureTrendChart.swift /Users/wesleykeetch/Documents/Developer/hatti/hatti/Models/WeatherTypes.swift /Users/wesleykeetch/Documents/Developer/hatti/hatti/ViewModels/SettingsViewModel.swift (in target 'hatti' from project 'hatti')
SwiftCompile normal arm64 /Users/wesleykeetch/Documents/Developer/hatti/hatti/Services/Weather/WeatherForecastIntegration.swift (in target 'hatti' from project 'hatti')
    cd /Users/wesleykeetch/Documents/Developer/hatti
    

SwiftCompile normal arm64 /Users/wesleykeetch/Documents/Developer/hatti/hatti/Views/Components/FirstReminderCreationComponents.swift (in target 'hatti' from project 'hatti')
    cd /Users/wesleykeetch/Documents/Developer/hatti
    

SwiftCompile normal arm64 /Users/wesleykeetch/Documents/Developer/hatti/hatti/Utilities/Helpers/ButtonStyles.swift (in target 'hatti' from project 'hatti')
    cd /Users/wesleykeetch/Documents/Developer/hatti
    

SwiftCompile normal arm64 /Users/wesleykeetch/Documents/Developer/hatti/hatti/Views/Dashboard/ContentView.swift (in target 'hatti' from project 'hatti')
    cd /Users/wesleykeetch/Documents/Developer/hatti
    

SwiftCompile normal arm64 /Users/wesleykeetch/Documents/Developer/hatti/hatti/Models/SavedLocation.swift (in target 'hatti' from project 'hatti')
    cd /Users/wesleykeetch/Documents/Developer/hatti
    

SwiftCompile normal arm64 /Users/wesleykeetch/Documents/Developer/hatti/hatti/ViewModels/ComprehensiveReminderCreationViewModel.swift (in target 'hatti' from project 'hatti')
    cd /Users/wesleykeetch/Documents/Developer/hatti
    

SwiftCompile normal arm64 /Users/wesleykeetch/Documents/Developer/hatti/hatti/Views/Location/LocationPickerView.swift (in target 'hatti' from project 'hatti')
    cd /Users/wesleykeetch/Documents/Developer/hatti
    

SwiftCompile normal arm64 /Users/wesleykeetch/Documents/Developer/hatti/hatti/Views/Weather/TemperatureTrendChart.swift (in target 'hatti' from project 'hatti')
    cd /Users/wesleykeetch/Documents/Developer/hatti
    

SwiftCompile normal arm64 /Users/wesleykeetch/Documents/Developer/hatti/hatti/Models/WeatherTypes.swift (in target 'hatti' from project 'hatti')
    cd /Users/wesleykeetch/Documents/Developer/hatti
    

SwiftCompile normal arm64 /Users/wesleykeetch/Documents/Developer/hatti/hatti/ViewModels/SettingsViewModel.swift (in target 'hatti' from project 'hatti')
    cd /Users/wesleykeetch/Documents/Developer/hatti
    

SwiftCompile normal arm64 Compiling\ DataExportOptionsView.swift,\ PrivacyContactView.swift,\ UserPreferences.swift,\ DetailedReminderViewModel.swift,\ WeatherView.swift,\ TriggerEngine+ForecastAnalysis.swift,\ WeatherViewModel.swift,\ BackgroundWeatherManager.swift,\ ComparisonCard.swift /Users/wesleykeetch/Documents/Developer/hatti/hatti/Views/Settings/DataExportOptionsView.swift /Users/wesleykeetch/Documents/Developer/hatti/hatti/Views/Settings/PrivacyContactView.swift /Users/wesleykeetch/Documents/Developer/hatti/hatti/Models/UserPreferences.swift /Users/wesleykeetch/Documents/Developer/hatti/hatti/ViewModels/DetailedReminderViewModel.swift /Users/wesleykeetch/Documents/Developer/hatti/hatti/Views/Weather/WeatherView.swift /Users/wesleykeetch/Documents/Developer/hatti/hatti/Services/Trigger/TriggerEngine+ForecastAnalysis.swift /Users/wesleykeetch/Documents/Developer/hatti/hatti/ViewModels/WeatherViewModel.swift /Users/wesleykeetch/Documents/Developer/hatti/hatti/Services/Weather/BackgroundWeatherManager.swift /Users/wesleykeetch/Documents/Developer/hatti/hatti/Views/Components/ComparisonCard.swift (in target 'hatti' from project 'hatti')
SwiftCompile normal arm64 /Users/wesleykeetch/Documents/Developer/hatti/hatti/Views/Settings/DataExportOptionsView.swift (in target 'hatti' from project 'hatti')
    cd /Users/wesleykeetch/Documents/Developer/hatti
    

SwiftCompile normal arm64 /Users/wesleykeetch/Documents/Developer/hatti/hatti/Views/Settings/PrivacyContactView.swift (in target 'hatti' from project 'hatti')
    cd /Users/wesleykeetch/Documents/Developer/hatti
    

SwiftCompile normal arm64 /Users/wesleykeetch/Documents/Developer/hatti/hatti/Models/UserPreferences.swift (in target 'hatti' from project 'hatti')
    cd /Users/wesleykeetch/Documents/Developer/hatti
    

SwiftCompile normal arm64 /Users/wesleykeetch/Documents/Developer/hatti/hatti/ViewModels/DetailedReminderViewModel.swift (in target 'hatti' from project 'hatti')
    cd /Users/wesleykeetch/Documents/Developer/hatti
    

SwiftCompile normal arm64 /Users/wesleykeetch/Documents/Developer/hatti/hatti/Views/Weather/WeatherView.swift (in target 'hatti' from project 'hatti')
    cd /Users/wesleykeetch/Documents/Developer/hatti
    

SwiftCompile normal arm64 /Users/wesleykeetch/Documents/Developer/hatti/hatti/Services/Trigger/TriggerEngine+ForecastAnalysis.swift (in target 'hatti' from project 'hatti')
    cd /Users/wesleykeetch/Documents/Developer/hatti
    

SwiftCompile normal arm64 /Users/wesleykeetch/Documents/Developer/hatti/hatti/ViewModels/WeatherViewModel.swift (in target 'hatti' from project 'hatti')
    cd /Users/wesleykeetch/Documents/Developer/hatti
    

SwiftCompile normal arm64 /Users/wesleykeetch/Documents/Developer/hatti/hatti/Services/Weather/BackgroundWeatherManager.swift (in target 'hatti' from project 'hatti')
    cd /Users/wesleykeetch/Documents/Developer/hatti
    

SwiftCompile normal arm64 /Users/wesleykeetch/Documents/Developer/hatti/hatti/Views/Components/ComparisonCard.swift (in target 'hatti' from project 'hatti')
    cd /Users/wesleykeetch/Documents/Developer/hatti
    

SwiftCompile normal arm64 Compiling\ UserPreferencesView.swift,\ hattiApp.swift,\ TriggerEngineManager.swift,\ DetailedReminderView.swift,\ OnboardingCoordinator.swift,\ WeatherService.swift,\ ReminderCreationComponents.swift,\ DashboardView.swift,\ NotificationPreferencesView.swift,\ TriggerCondition.swift /Users/wesleykeetch/Documents/Developer/hatti/hatti/Views/Onboarding/UserPreferencesView.swift /Users/wesleykeetch/Documents/Developer/hatti/hatti/hattiApp.swift /Users/wesleykeetch/Documents/Developer/hatti/hatti/Services/Trigger/TriggerEngineManager.swift /Users/wesleykeetch/Documents/Developer/hatti/hatti/Views/Reminders/DetailedReminderView.swift /Users/wesleykeetch/Documents/Developer/hatti/hatti/Services/Background/OnboardingCoordinator.swift /Users/wesleykeetch/Documents/Developer/hatti/hatti/Services/Weather/WeatherService.swift /Users/wesleykeetch/Documents/Developer/hatti/hatti/Views/Components/ReminderCreationComponents.swift /Users/wesleykeetch/Documents/Developer/hatti/hatti/Views/Dashboard/DashboardView.swift /Users/wesleykeetch/Documents/Developer/hatti/hatti/Views/Settings/NotificationPreferencesView.swift /Users/wesleykeetch/Documents/Developer/hatti/hatti/Models/TriggerCondition.swift (in target 'hatti' from project 'hatti')

SwiftCompile normal arm64 /Users/wesleykeetch/Documents/Developer/hatti/hatti/Views/Onboarding/UserPreferencesView.swift (in target 'hatti' from project 'hatti')
    cd /Users/wesleykeetch/Documents/Developer/hatti
    

SwiftCompile normal arm64 /Users/wesleykeetch/Documents/Developer/hatti/hatti/hattiApp.swift (in target 'hatti' from project 'hatti')
    cd /Users/wesleykeetch/Documents/Developer/hatti
    

SwiftCompile normal arm64 /Users/wesleykeetch/Documents/Developer/hatti/hatti/Services/Trigger/TriggerEngineManager.swift (in target 'hatti' from project 'hatti')
    cd /Users/wesleykeetch/Documents/Developer/hatti
    

SwiftCompile normal arm64 /Users/wesleykeetch/Documents/Developer/hatti/hatti/Views/Reminders/DetailedReminderView.swift (in target 'hatti' from project 'hatti')
    cd /Users/wesleykeetch/Documents/Developer/hatti
    

SwiftCompile normal arm64 /Users/wesleykeetch/Documents/Developer/hatti/hatti/Services/Background/OnboardingCoordinator.swift (in target 'hatti' from project 'hatti')
    cd /Users/wesleykeetch/Documents/Developer/hatti
    

SwiftCompile normal arm64 /Users/wesleykeetch/Documents/Developer/hatti/hatti/Services/Weather/WeatherService.swift (in target 'hatti' from project 'hatti')
    cd /Users/wesleykeetch/Documents/Developer/hatti
    

SwiftCompile normal arm64 /Users/wesleykeetch/Documents/Developer/hatti/hatti/Views/Components/ReminderCreationComponents.swift (in target 'hatti' from project 'hatti')
    cd /Users/wesleykeetch/Documents/Developer/hatti
    

SwiftCompile normal arm64 /Users/wesleykeetch/Documents/Developer/hatti/hatti/Views/Dashboard/DashboardView.swift (in target 'hatti' from project 'hatti')
    cd /Users/wesleykeetch/Documents/Developer/hatti
    

SwiftCompile normal arm64 /Users/wesleykeetch/Documents/Developer/hatti/hatti/Views/Settings/NotificationPreferencesView.swift (in target 'hatti' from project 'hatti')
    cd /Users/wesleykeetch/Documents/Developer/hatti
    

SwiftCompile normal arm64 /Users/wesleykeetch/Documents/Developer/hatti/hatti/Models/TriggerCondition.swift (in target 'hatti' from project 'hatti')
    cd /Users/wesleykeetch/Documents/Developer/hatti
    

SwiftCompile normal arm64 Compiling\ DashboardViewModel.swift,\ ManualLocationEntryView.swift,\ WeatherAlertsView.swift,\ TriggerEngine.swift,\ UserPreferencesViewModel.swift,\ WelcomeView.swift,\ FirstReminderCreationView.swift,\ WeatherServiceConfiguration.swift,\ ReminderManagementComponents.swift,\ Item.swift /Users/wesleykeetch/Documents/Developer/hatti/hatti/ViewModels/DashboardViewModel.swift /Users/wesleykeetch/Documents/Developer/hatti/hatti/Views/Location/ManualLocationEntryView.swift /Users/wesleykeetch/Documents/Developer/hatti/hatti/Views/Weather/WeatherAlertsView.swift /Users/wesleykeetch/Documents/Developer/hatti/hatti/Services/Trigger/TriggerEngine.swift /Users/wesleykeetch/Documents/Developer/hatti/hatti/ViewModels/UserPreferencesViewModel.swift /Users/wesleykeetch/Documents/Developer/hatti/hatti/Views/Onboarding/WelcomeView.swift /Users/wesleykeetch/Documents/Developer/hatti/hatti/Views/Reminders/FirstReminderCreationView.swift /Users/wesleykeetch/Documents/Developer/hatti/hatti/Services/Weather/WeatherServiceConfiguration.swift /Users/wesleykeetch/Documents/Developer/hatti/hatti/Views/Components/ReminderManagementComponents.swift /Users/wesleykeetch/Documents/Developer/hatti/hatti/Models/Item.swift (in target 'hatti' from project 'hatti')
Failed frontend command:
/Applications/Xcode.app/Contents/Developer/Toolchains/XcodeDefault.xctoolchain/usr/bin/swift-frontend -frontend -c /Users/wesleykeetch/Documents/Developer/hatti/hatti/Views/Reminders/ReminderManagementView.swift /Users/wesleykeetch/Documents/Developer/hatti/hatti/Models/ReminderLocation.swift /Users/wesleykeetch/Documents/Developer/hatti/hatti/ViewModels/Settings/NotificationPreferencesViewModel.swift /Users/wesleykeetch/Documents/Developer/hatti/hatti/Views/Location/LocationPermissionView.swift /Users/wesleykeetch/Documents/Developer/hatti/hatti/Models/WeatherReminder.swift /Users/wesleykeetch/Documents/Developer/hatti/hatti/ViewModels/ReminderManagementViewModel.swift /Users/wesleykeetch/Documents/Developer/hatti/hatti/Views/Onboarding/UserPreferencesOnboardingView.swift /Users/wesleykeetch/Documents/Developer/hatti/hatti/Resources/Configuration/NotificationConfig.swift /Users/wesleykeetch/Documents/Developer/hatti/hatti/Services/Trigger/TriggerEngine+TrendAnalysis.swift /Users/wesleykeetch/Documents/Developer/hatti/hatti/Views/Reminders/ComprehensiveReminderCreationView.swift /Users/wesleykeetch/Documents/Developer/hatti/hatti/Services/Weather/WeatherForecastIntegration.swift /Users/wesleykeetch/Documents/Developer/hatti/hatti/Views/Components/FirstReminderCreationComponents.swift /Users/wesleykeetch/Documents/Developer/hatti/hatti/Utilities/Helpers/ButtonStyles.swift /Users/wesleykeetch/Documents/Developer/hatti/hatti/Views/Dashboard/ContentView.swift /Users/wesleykeetch/Documents/Developer/hatti/hatti/Models/SavedLocation.swift /Users/wesleykeetch/Documents/Developer/hatti/hatti/ViewModels/ComprehensiveReminderCreationViewModel.swift /Users/wesleykeetch/Documents/Developer/hatti/hatti/Views/Location/LocationPickerView.swift /Users/wesleykeetch/Documents/Developer/hatti/hatti/Views/Weather/TemperatureTrendChart.swift /Users/wesleykeetch/Documents/Developer/hatti/hatti/Models/WeatherTypes.swift /Users/wesleykeetch/Documents/Developer/hatti/hatti/ViewModels/SettingsViewModel.swift /Users/wesleykeetch/Documents/Developer/hatti/hatti/Views/Onboarding/UserPreferencesView.swift /Users/wesleykeetch/Documents/Developer/hatti/hatti/hattiApp.swift /Users/wesleykeetch/Documents/Developer/hatti/hatti/Services/Trigger/TriggerEngineManager.swift /Users/wesleykeetch/Documents/Developer/hatti/hatti/Views/Reminders/DetailedReminderView.swift /Users/wesleykeetch/Documents/Developer/hatti/hatti/Services/Background/OnboardingCoordinator.swift /Users/wesleykeetch/Documents/Developer/hatti/hatti/Services/Weather/WeatherService.swift /Users/wesleykeetch/Documents/Developer/hatti/hatti/Views/Components/ReminderCreationComponents.swift /Users/wesleykeetch/Documents/Developer/hatti/hatti/Views/Dashboard/DashboardView.swift /Users/wesleykeetch/Documents/Developer/hatti/hatti/Views/Settings/NotificationPreferencesView.swift /Users/wesleykeetch/Documents/Developer/hatti/hatti/Models/TriggerCondition.swift -primary-file /Users/wesleykeetch/Documents/Developer/hatti/hatti/ViewModels/DashboardViewModel.swift -primary-file /Users/wesleykeetch/Documents/Developer/hatti/hatti/Views/Location/ManualLocationEntryView.swift -primary-file /Users/wesleykeetch/Documents/Developer/hatti/hatti/Views/Weather/WeatherAlertsView.swift -primary-file /Users/wesleykeetch/Documents/Developer/hatti/hatti/Services/Trigger/TriggerEngine.swift -primary-file /Users/wesleykeetch/Documents/Developer/hatti/hatti/ViewModels/UserPreferencesViewModel.swift -primary-file /Users/wesleykeetch/Documents/Developer/hatti/hatti/Views/Onboarding/WelcomeView.swift -primary-file /Users/wesleykeetch/Documents/Developer/hatti/hatti/Views/Reminders/FirstReminderCreationView.swift -primary-file /Users/wesleykeetch/Documents/Developer/hatti/hatti/Services/Weather/WeatherServiceConfiguration.swift -primary-file /Users/wesleykeetch/Documents/Developer/hatti/hatti/Views/Components/ReminderManagementComponents.swift -primary-file /Users/wesleykeetch/Documents/Developer/hatti/hatti/Models/Item.swift /Users/wesleykeetch/Documents/Developer/hatti/hatti/Views/Settings/DataExportOptionsView.swift /Users/wesleykeetch/Documents/Developer/hatti/hatti/Views/Settings/PrivacyContactView.swift /Users/wesleykeetch/Documents/Developer/hatti/hatti/Models/UserPreferences.swift /Users/wesleykeetch/Documents/Developer/hatti/hatti/ViewModels/DetailedReminderViewModel.swift /Users/wesleykeetch/Documents/Developer/hatti/hatti/Views/Weather/WeatherView.swift /Users/wesleykeetch/Documents/Developer/hatti/hatti/Services/Trigger/TriggerEngine+ForecastAnalysis.swift /Users/wesleykeetch/Documents/Developer/hatti/hatti/ViewModels/WeatherViewModel.swift /Users/wesleykeetch/Documents/Developer/hatti/hatti/Services/Weather/BackgroundWeatherManager.swift /Users/wesleykeetch/Documents/Developer/hatti/hatti/Views/Components/ComparisonCard.swift /Users/wesleykeetch/Documents/Developer/hatti/hatti/Views/Reminders/QuickCreateReminderView.swift /Users/wesleykeetch/Documents/Developer/hatti/hatti/Services/Location/LocationPermissionManager.swift /Users/wesleykeetch/Documents/Developer/hatti/hatti/Views/Components/ReminderSummaryCard.swift /Users/wesleykeetch/Documents/Developer/hatti/hatti/Models/LocationData.swift /Users/wesleykeetch/Documents/Developer/hatti/hatti/Views/Settings/DataPrivacyView.swift /Users/wesleykeetch/Documents/Developer/hatti/hatti/Views/Location/LocationManagementComponents.swift /Users/wesleykeetch/Documents/Developer/hatti/hatti/Views/Settings/SettingsSubViews.swift /Users/wesleykeetch/Documents/Developer/hatti/hatti/Models/WeatherAlert.swift /Users/wesleykeetch/Documents/Developer/hatti/hatti/ViewModels/FirstReminderCreationViewModel.swift /Users/wesleykeetch/Documents/Developer/hatti/hatti/Views/Onboarding/CelebrationView.swift /Users/wesleykeetch/Documents/Developer/hatti/hatti/Views/Weather/WeatherViewComponents.swift /Users/wesleykeetch/Documents/Developer/hatti/hatti/Services/Trigger/TriggerEngine+Performance.swift /Users/wesleykeetch/Documents/Developer/hatti/hatti/Services/Weather/WeatherAPI.swift /Users/wesleykeetch/Documents/Developer/hatti/hatti/Views/Components/ConditionBuilderView.swift /Users/wesleykeetch/Documents/Developer/hatti/hatti/Views/Components/WelcomeViewComponents.swift /Users/wesleykeetch/Documents/Developer/hatti/hatti/Models/NotificationTiming.swift /Users/wesleykeetch/Documents/Developer/hatti/hatti/ViewModels/Settings/DataPrivacyViewModel.swift /Users/wesleykeetch/Documents/Developer/hatti/hatti/Views/Location/LocationManagementView.swift /Users/wesleykeetch/Documents/Developer/hatti/hatti/Views/Settings/SettingsView.swift /Users/wesleykeetch/Documents/Developer/hatti/hatti/Models/WeatherData.swift /Users/wesleykeetch/Documents/Developer/hatti/hatti/ViewModels/LocationManagementViewModel.swift /Users/wesleykeetch/Documents/Developer/hatti/hatti/Views/Onboarding/NotificationPermissionView.swift /Users/wesleykeetch/Documents/Developer/hatti/hatti/Services/Trigger/TriggerEngine+SeasonalAnalysis.swift /Users/wesleykeetch/Documents/Developer/hatti/hatti/Views/Reminders/AllRemindersView.swift /Users/wesleykeetch/Documents/Developer/hatti/hatti/Services/Weather/WeatherError.swift /Users/wesleykeetch/Documents/Developer/hatti/hatti/Views/Components/DetailedReminderComponents.swift /Users/wesleykeetch/Library/Developer/Xcode/DerivedData/hatti-bvbyepqcuvplcsgfasreddgzbiti/Build/Intermediates.noindex/hatti.build/Debug-iphonesimulator/hatti.build/DerivedSources/GeneratedAssetSymbols.swift -supplementary-output-file-map /Users/wesleykeetch/Library/Developer/Xcode/DerivedData/hatti-bvbyepqcuvplcsgfasreddgzbiti/Build/Intermediates.noindex/hatti.build/Debug-iphonesimulator/hatti.build/Objects-normal/arm64/supplementaryOutputs-4 -emit-localized-strings -emit-localized-strings-path /Users/wesleykeetch/Library/Developer/Xcode/DerivedData/hatti-bvbyepqcuvplcsgfasreddgzbiti/Build/Intermediates.noindex/hatti.build/Debug-iphonesimulator/hatti.build/Objects-normal/arm64 -target arm64-apple-ios26.0-simulator -Xllvm -aarch64-use-tbi -enable-objc-interop -sdk /Applications/Xcode.app/Contents/Developer/Platforms/iPhoneSimulator.platform/Developer/SDKs/iPhoneSimulator18.5.sdk -I /Users/wesleykeetch/Library/Developer/Xcode/DerivedData/hatti-bvbyepqcuvplcsgfasreddgzbiti/Build/Products/Debug-iphonesimulator -F /Users/wesleykeetch/Library/Developer/Xcode/DerivedData/hatti-bvbyepqcuvplcsgfasreddgzbiti/Build/Products/Debug-iphonesimulator -no-color-diagnostics -enable-testing -g -debug-info-format\=dwarf -dwarf-version\=5 -module-cache-path /Users/wesleykeetch/Library/Developer/Xcode/DerivedData/ModuleCache.noindex -profile-generate -profile-coverage-mapping -swift-version 5 -enforce-exclusivity\=checked -Onone -D DEBUG -serialize-debugging-options -const-gather-protocols-file /Users/wesleykeetch/Library/Developer/Xcode/DerivedData/hatti-bvbyepqcuvplcsgfasreddgzbiti/Build/Intermediates.noindex/hatti.build/Debug-iphonesimulator/hatti.build/Objects-normal/arm64/hatti_const_extract_protocols.json -enable-upcoming-feature MemberImportVisibility -enable-experimental-feature DebugDescriptionMacro -enable-bare-slash-regex -empty-abi-descriptor -validate-clang-modules-once -clang-build-session-file /Users/wesleykeetch/Library/Developer/Xcode/DerivedData/ModuleCache.noindex/Session.modulevalidation -Xcc -working-directory -Xcc /Users/wesleykeetch/Documents/Developer/hatti -resource-dir /Applications/Xcode.app/Contents/Developer/Toolchains/XcodeDefault.xctoolchain/usr/lib/swift -enable-anonymous-context-mangled-names -file-compilation-dir /Users/wesleykeetch/Documents/Developer/hatti -Xcc -ivfsstatcache -Xcc /Users/wesleykeetch/Library/Developer/Xcode/DerivedData/SDKStatCaches.noindex/iphonesimulator18.5-22F76-d5fc8ad4295d2ef488fb7d0f804ce0c4.sdkstatcache -Xcc -I/Users/wesleykeetch/Library/Developer/Xcode/DerivedData/hatti-bvbyepqcuvplcsgfasreddgzbiti/Build/Intermediates.noindex/hatti.build/Debug-iphonesimulator/hatti.build/swift-overrides.hmap -Xcc -iquote -Xcc /Users/wesleykeetch/Library/Developer/Xcode/DerivedData/hatti-bvbyepqcuvplcsgfasreddgzbiti/Build/Intermediates.noindex/hatti.build/Debug-iphonesimulator/hatti.build/hatti-generated-files.hmap -Xcc -I/Users/wesleykeetch/Library/Developer/Xcode/DerivedData/hatti-bvbyepqcuvplcsgfasreddgzbiti/Build/Intermediates.noindex/hatti.build/Debug-iphonesimulator/hatti.build/hatti-own-target-headers.hmap -Xcc -I/Users/wesleykeetch/Library/Developer/Xcode/DerivedData/hatti-bvbyepqcuvplcsgfasreddgzbiti/Build/Intermediates.noindex/hatti.build/Debug-iphonesimulator/hatti.build/hatti-all-target-headers.hmap -Xcc -iquote -Xcc /Users/wesleykeetch/Library/Developer/Xcode/DerivedData/hatti-bvbyepqcuvplcsgfasreddgzbiti/Build/Intermediates.noindex/hatti.build/Debug-iphonesimulator/hatti.build/hatti-project-headers.hmap -Xcc -I/Users/wesleykeetch/Library/Developer/Xcode/DerivedData/hatti-bvbyepqcuvplcsgfasreddgzbiti/Build/Products/Debug-iphonesimulator/include -Xcc -I/Users/wesleykeetch/Library/Developer/Xcode/DerivedData/hatti-bvbyepqcuvplcsgfasreddgzbiti/Build/Intermediates.noindex/hatti.build/Debug-iphonesimulator/hatti.build/DerivedSources-normal/arm64 -Xcc -I/Users/wesleykeetch/Library/Developer/Xcode/DerivedData/hatti-bvbyepqcuvplcsgfasreddgzbiti/Build/Intermediates.noindex/hatti.build/Debug-iphonesimulator/hatti.build/DerivedSources/arm64 -Xcc -I/Users/wesleykeetch/Library/Developer/Xcode/DerivedData/hatti-bvbyepqcuvplcsgfasreddgzbiti/Build/Intermediates.noindex/hatti.build/Debug-iphonesimulator/hatti.build/DerivedSources -Xcc -DDEBUG\=1 -module-name hatti -frontend-parseable-output -disable-clang-spi -target-sdk-version 18.5 -target-sdk-name iphonesimulator18.5 -external-plugin-path /Applications/Xcode.app/Contents/Developer/Platforms/iPhoneOS.platform/Developer/usr/lib/swift/host/plugins\#/Applications/Xcode.app/Contents/Developer/Platforms/iPhoneOS.platform/Developer/usr/bin/swift-plugin-server -external-plugin-path /Applications/Xcode.app/Contents/Developer/Platforms/iPhoneOS.platform/Developer/usr/local/lib/swift/host/plugins\#/Applications/Xcode.app/Contents/Developer/Platforms/iPhoneOS.platform/Developer/usr/bin/swift-plugin-server -in-process-plugin-server-path /Applications/Xcode.app/Contents/Developer/Toolchains/XcodeDefault.xctoolchain/usr/lib/swift/host/libSwiftInProcPluginServer.dylib -plugin-path /Applications/Xcode.app/Contents/Developer/Toolchains/XcodeDefault.xctoolchain/usr/lib/swift/host/plugins -plugin-path /Applications/Xcode.app/Contents/Developer/Toolchains/XcodeDefault.xctoolchain/usr/local/lib/swift/host/plugins -o /Users/wesleykeetch/Library/Developer/Xcode/DerivedData/hatti-bvbyepqcuvplcsgfasreddgzbiti/Build/Intermediates.noindex/hatti.build/Debug-iphonesimulator/hatti.build/Objects-normal/arm64/DashboardViewModel.o -o /Users/wesleykeetch/Library/Developer/Xcode/DerivedData/hatti-bvbyepqcuvplcsgfasreddgzbiti/Build/Intermediates.noindex/hatti.build/Debug-iphonesimulator/hatti.build/Objects-normal/arm64/ManualLocationEntryView.o -o /Users/wesleykeetch/Library/Developer/Xcode/DerivedData/hatti-bvbyepqcuvplcsgfasreddgzbiti/Build/Intermediates.noindex/hatti.build/Debug-iphonesimulator/hatti.build/Objects-normal/arm64/WeatherAlertsView.o -o /Users/wesleykeetch/Library/Developer/Xcode/DerivedData/hatti-bvbyepqcuvplcsgfasreddgzbiti/Build/Intermediates.noindex/hatti.build/Debug-iphonesimulator/hatti.build/Objects-normal/arm64/TriggerEngine.o -o /Users/wesleykeetch/Library/Developer/Xcode/DerivedData/hatti-bvbyepqcuvplcsgfasreddgzbiti/Build/Intermediates.noindex/hatti.build/Debug-iphonesimulator/hatti.build/Objects-normal/arm64/UserPreferencesViewModel.o -o /Users/wesleykeetch/Library/Developer/Xcode/DerivedData/hatti-bvbyepqcuvplcsgfasreddgzbiti/Build/Intermediates.noindex/hatti.build/Debug-iphonesimulator/hatti.build/Objects-normal/arm64/WelcomeView.o -o /Users/wesleykeetch/Library/Developer/Xcode/DerivedData/hatti-bvbyepqcuvplcsgfasreddgzbiti/Build/Intermediates.noindex/hatti.build/Debug-iphonesimulator/hatti.build/Objects-normal/arm64/FirstReminderCreationView.o -o /Users/wesleykeetch/Library/Developer/Xcode/DerivedData/hatti-bvbyepqcuvplcsgfasreddgzbiti/Build/Intermediates.noindex/hatti.build/Debug-iphonesimulator/hatti.build/Objects-normal/arm64/WeatherServiceConfiguration.o -o /Users/wesleykeetch/Library/Developer/Xcode/DerivedData/hatti-bvbyepqcuvplcsgfasreddgzbiti/Build/Intermediates.noindex/hatti.build/Debug-iphonesimulator/hatti.build/Objects-normal/arm64/ReminderManagementComponents.o -o /Users/wesleykeetch/Library/Developer/Xcode/DerivedData/hatti-bvbyepqcuvplcsgfasreddgzbiti/Build/Intermediates.noindex/hatti.build/Debug-iphonesimulator/hatti.build/Objects-normal/arm64/Item.o -index-unit-output-path /hatti.build/Debug-iphonesimulator/hatti.build/Objects-normal/arm64/DashboardViewModel.o -index-unit-output-path /hatti.build/Debug-iphonesimulator/hatti.build/Objects-normal/arm64/ManualLocationEntryView.o -index-unit-output-path /hatti.build/Debug-iphonesimulator/hatti.build/Objects-normal/arm64/WeatherAlertsView.o -index-unit-output-path /hatti.build/Debug-iphonesimulator/hatti.build/Objects-normal/arm64/TriggerEngine.o -index-unit-output-path /hatti.build/Debug-iphonesimulator/hatti.build/Objects-normal/arm64/UserPreferencesViewModel.o -index-unit-output-path /hatti.build/Debug-iphonesimulator/hatti.build/Objects-normal/arm64/WelcomeView.o -index-unit-output-path /hatti.build/Debug-iphonesimulator/hatti.build/Objects-normal/arm64/FirstReminderCreationView.o -index-unit-output-path /hatti.build/Debug-iphonesimulator/hatti.build/Objects-normal/arm64/WeatherServiceConfiguration.o -index-unit-output-path /hatti.build/Debug-iphonesimulator/hatti.build/Objects-normal/arm64/ReminderManagementComponents.o -index-unit-output-path /hatti.build/Debug-iphonesimulator/hatti.build/Objects-normal/arm64/Item.o -index-store-path /Users/wesleykeetch/Library/Developer/Xcode/DerivedData/hatti-bvbyepqcuvplcsgfasreddgzbiti/Index.noindex/DataStore -index-system-modules

SwiftCompile normal arm64 /Users/wesleykeetch/Documents/Developer/hatti/hatti/ViewModels/DashboardViewModel.swift (in target 'hatti' from project 'hatti')
    cd /Users/wesleykeetch/Documents/Developer/hatti
    
/Users/wesleykeetch/Documents/Developer/hatti/hatti/ViewModels/DashboardViewModel.swift:87:19: warning: value 'modelContext' was defined but never used; consider replacing with boolean test
        guard let modelContext = modelContext else {
              ~~~~^~~~~~~~~~~~~~~
                                              != nil
/Users/wesleykeetch/Documents/Developer/hatti/hatti/ViewModels/DashboardViewModel.swift:359:46: warning: 'usesMetricSystem' was deprecated in iOS 16: Use `measurementSystem` instead
            temperatureUnit = Locale.current.usesMetricSystem ? .celsius : .fahrenheit
                                             ^
/Users/wesleykeetch/Documents/Developer/hatti/hatti/ViewModels/DashboardViewModel.swift:367:85: warning: 'usesMetricSystem' was deprecated in iOS 16: Use `measurementSystem` instead
            temperatureUnit = preferences.first?.temperatureUnit ?? (Locale.current.usesMetricSystem ? .celsius : .fahrenheit)
                                                                                    ^
/Users/wesleykeetch/Documents/Developer/hatti/hatti/ViewModels/DashboardViewModel.swift:369:46: warning: 'usesMetricSystem' was deprecated in iOS 16: Use `measurementSystem` instead
            temperatureUnit = Locale.current.usesMetricSystem ? .celsius : .fahrenheit
                                             ^

SwiftCompile normal arm64 /Users/wesleykeetch/Documents/Developer/hatti/hatti/Views/Location/ManualLocationEntryView.swift (in target 'hatti' from project 'hatti')
    cd /Users/wesleykeetch/Documents/Developer/hatti
    

SwiftCompile normal arm64 /Users/wesleykeetch/Documents/Developer/hatti/hatti/Views/Weather/WeatherAlertsView.swift (in target 'hatti' from project 'hatti')
    cd /Users/wesleykeetch/Documents/Developer/hatti
    

SwiftCompile normal arm64 /Users/wesleykeetch/Documents/Developer/hatti/hatti/Services/Trigger/TriggerEngine.swift (in target 'hatti' from project 'hatti')
    cd /Users/wesleykeetch/Documents/Developer/hatti
    
/Users/wesleykeetch/Documents/Developer/hatti/hatti/Services/Trigger/TriggerEngine.swift:19:9: warning: stored property 'condition' of 'Sendable'-conforming struct 'TriggerEvaluationResult' has non-sendable type 'TriggerCondition'; this is an error in the Swift 6 language mode
    let condition: TriggerCondition
        ^
/Users/wesleykeetch/Documents/Developer/hatti/hatti/Models/TriggerCondition.swift:12:13: note: class 'TriggerCondition' does not conform to the 'Sendable' protocol
final class TriggerCondition {
            ^
/Users/wesleykeetch/Documents/Developer/hatti/hatti/Services/Trigger/TriggerEngine.swift:23:9: warning: stored property 'weatherData' of 'Sendable'-conforming struct 'TriggerEvaluationResult' has non-sendable type 'WeatherData?'; this is an error in the Swift 6 language mode
    let weatherData: WeatherData?
        ^
Swift.Optional:1:21: note: generic enum 'Optional' does not conform to the 'Sendable' protocol
@frozen public enum Optional<Wrapped> : ~Copyable where Wrapped : ~Copyable {
                    ^
/Users/wesleykeetch/Documents/Developer/hatti/hatti/Services/Trigger/TriggerEngine.swift:55:9: warning: stored property 'historicalData' of 'Sendable'-conforming struct 'HistoricalWeatherContext' has non-sendable type '[WeatherData]'; this is an error in the Swift 6 language mode
    let historicalData: [WeatherData]
        ^
Swift.Array:1:23: note: generic struct 'Array' does not conform to the 'Sendable' protocol
@frozen public struct Array<Element> : _DestructorSafeContainer {
                      ^
/Users/wesleykeetch/Documents/Developer/hatti/hatti/Services/Trigger/TriggerEngine.swift:186:63: warning: non-sendable result type 'WeatherData' cannot be sent from main actor-isolated context in call to instance method 'fetchWeatherData(for:forceRefresh:)'; this is an error in the Swift 6 language mode
            let weatherData = try await WeatherService.shared.fetchWeatherData(for: location)
                                                              ^
/Users/wesleykeetch/Documents/Developer/hatti/hatti/Models/WeatherData.swift:12:7: note: class 'WeatherData' does not conform to the 'Sendable' protocol
class WeatherData {
      ^
/Users/wesleykeetch/Documents/Developer/hatti/hatti/Services/Trigger/TriggerEngine.swift:226:70: warning: non-sendable result type 'WeatherData' cannot be sent from main actor-isolated context in call to instance method 'fetchWeatherData(for:forceRefresh:)'; this is an error in the Swift 6 language mode
                currentWeatherData = try await WeatherService.shared.fetchWeatherData(for: location)
                                                                     ^
/Users/wesleykeetch/Documents/Developer/hatti/hatti/Models/WeatherData.swift:12:7: note: class 'WeatherData' does not conform to the 'Sendable' protocol
class WeatherData {
      ^

SwiftCompile normal arm64 /Users/wesleykeetch/Documents/Developer/hatti/hatti/ViewModels/UserPreferencesViewModel.swift (in target 'hatti' from project 'hatti')
    cd /Users/wesleykeetch/Documents/Developer/hatti
    
/Users/wesleykeetch/Documents/Developer/hatti/hatti/ViewModels/UserPreferencesViewModel.swift:27:54: warning: 'usesMetricSystem' was deprecated in iOS 16: Use `measurementSystem` instead
        preferences.temperatureUnit = Locale.current.usesMetricSystem ? .celsius : .fahrenheit
                                                     ^
/Users/wesleykeetch/Documents/Developer/hatti/hatti/ViewModels/UserPreferencesViewModel.swift:360:39: warning: 'usesMetricSystem' was deprecated in iOS 16: Use `measurementSystem` instead
                return Locale.current.usesMetricSystem ? .celsius : .fahrenheit
                                      ^

SwiftCompile normal arm64 /Users/wesleykeetch/Documents/Developer/hatti/hatti/Views/Onboarding/WelcomeView.swift (in target 'hatti' from project 'hatti')
    cd /Users/wesleykeetch/Documents/Developer/hatti
    
/Users/wesleykeetch/Documents/Developer/hatti/hatti/Views/Onboarding/WelcomeView.swift:84:72: error: result values in '? :' expression have mismatching types 'Color' and 'LinearGradient'
                    .foregroundStyle(differentiateWithoutColor ? Color.primary : primaryTextGradient)
                                                                 ~~~~~~^~~~~~~
/Users/wesleykeetch/Documents/Developer/hatti/hatti/Views/Onboarding/WelcomeView.swift:178:10: error: value of type 'ModifiedContent<some View, AccessibilityAttachmentModifier>' has no member 'accessibilityRespondsToInversion'
        .accessibilityRespondsToInversion(false)
         ^~~~~~~~~~~~~~~~~~~~~~~~~~~~~~~~

SwiftCompile normal arm64 /Users/wesleykeetch/Documents/Developer/hatti/hatti/Views/Reminders/FirstReminderCreationView.swift (in target 'hatti' from project 'hatti')
    cd /Users/wesleykeetch/Documents/Developer/hatti
    

SwiftCompile normal arm64 /Users/wesleykeetch/Documents/Developer/hatti/hatti/Services/Weather/WeatherServiceConfiguration.swift (in target 'hatti' from project 'hatti')
    cd /Users/wesleykeetch/Documents/Developer/hatti
    
/Users/wesleykeetch/Documents/Developer/hatti/hatti/Services/Weather/WeatherServiceConfiguration.swift:96:11: warning: 'catch' block is unreachable because no errors are thrown in 'do' block
        } catch {
          ^

SwiftCompile normal arm64 /Users/wesleykeetch/Documents/Developer/hatti/hatti/Views/Components/ReminderManagementComponents.swift (in target 'hatti' from project 'hatti')
    cd /Users/wesleykeetch/Documents/Developer/hatti
    

SwiftCompile normal arm64 /Users/wesleykeetch/Documents/Developer/hatti/hatti/Models/Item.swift (in target 'hatti' from project 'hatti')
    cd /Users/wesleykeetch/Documents/Developer/hatti
    

SwiftCompile normal arm64 Compiling\ ReminderManagementView.swift,\ ReminderLocation.swift,\ NotificationPreferencesViewModel.swift,\ LocationPermissionView.swift,\ WeatherReminder.swift,\ ReminderManagementViewModel.swift,\ UserPreferencesOnboardingView.swift,\ NotificationConfig.swift,\ TriggerEngine+TrendAnalysis.swift,\ ComprehensiveReminderCreationView.swift /Users/wesleykeetch/Documents/Developer/hatti/hatti/Views/Reminders/ReminderManagementView.swift /Users/wesleykeetch/Documents/Developer/hatti/hatti/Models/ReminderLocation.swift /Users/wesleykeetch/Documents/Developer/hatti/hatti/ViewModels/Settings/NotificationPreferencesViewModel.swift /Users/wesleykeetch/Documents/Developer/hatti/hatti/Views/Location/LocationPermissionView.swift /Users/wesleykeetch/Documents/Developer/hatti/hatti/Models/WeatherReminder.swift /Users/wesleykeetch/Documents/Developer/hatti/hatti/ViewModels/ReminderManagementViewModel.swift /Users/wesleykeetch/Documents/Developer/hatti/hatti/Views/Onboarding/UserPreferencesOnboardingView.swift /Users/wesleykeetch/Documents/Developer/hatti/hatti/Resources/Configuration/NotificationConfig.swift /Users/wesleykeetch/Documents/Developer/hatti/hatti/Services/Trigger/TriggerEngine+TrendAnalysis.swift /Users/wesleykeetch/Documents/Developer/hatti/hatti/Views/Reminders/ComprehensiveReminderCreationView.swift (in target 'hatti' from project 'hatti')

SwiftCompile normal arm64 /Users/wesleykeetch/Documents/Developer/hatti/hatti/Views/Reminders/ReminderManagementView.swift (in target 'hatti' from project 'hatti')
    cd /Users/wesleykeetch/Documents/Developer/hatti
    

SwiftCompile normal arm64 /Users/wesleykeetch/Documents/Developer/hatti/hatti/Models/ReminderLocation.swift (in target 'hatti' from project 'hatti')
    cd /Users/wesleykeetch/Documents/Developer/hatti
    

SwiftCompile normal arm64 /Users/wesleykeetch/Documents/Developer/hatti/hatti/ViewModels/Settings/NotificationPreferencesViewModel.swift (in target 'hatti' from project 'hatti')
    cd /Users/wesleykeetch/Documents/Developer/hatti
    

SwiftCompile normal arm64 /Users/wesleykeetch/Documents/Developer/hatti/hatti/Views/Location/LocationPermissionView.swift (in target 'hatti' from project 'hatti')
    cd /Users/wesleykeetch/Documents/Developer/hatti
    

SwiftCompile normal arm64 /Users/wesleykeetch/Documents/Developer/hatti/hatti/Models/WeatherReminder.swift (in target 'hatti' from project 'hatti')
    cd /Users/wesleykeetch/Documents/Developer/hatti
    

SwiftCompile normal arm64 /Users/wesleykeetch/Documents/Developer/hatti/hatti/ViewModels/ReminderManagementViewModel.swift (in target 'hatti' from project 'hatti')
    cd /Users/wesleykeetch/Documents/Developer/hatti
    

SwiftCompile normal arm64 /Users/wesleykeetch/Documents/Developer/hatti/hatti/Views/Onboarding/UserPreferencesOnboardingView.swift (in target 'hatti' from project 'hatti')
    cd /Users/wesleykeetch/Documents/Developer/hatti
    

SwiftCompile normal arm64 /Users/wesleykeetch/Documents/Developer/hatti/hatti/Resources/Configuration/NotificationConfig.swift (in target 'hatti' from project 'hatti')
    cd /Users/wesleykeetch/Documents/Developer/hatti
    

SwiftCompile normal arm64 /Users/wesleykeetch/Documents/Developer/hatti/hatti/Services/Trigger/TriggerEngine+TrendAnalysis.swift (in target 'hatti' from project 'hatti')
    cd /Users/wesleykeetch/Documents/Developer/hatti
    

SwiftCompile normal arm64 /Users/wesleykeetch/Documents/Developer/hatti/hatti/Views/Reminders/ComprehensiveReminderCreationView.swift (in target 'hatti' from project 'hatti')
    cd /Users/wesleykeetch/Documents/Developer/hatti
    

SwiftEmitModule normal arm64 Emitting\ module\ for\ hatti (in target 'hatti' from project 'hatti')

EmitSwiftModule normal arm64 (in target 'hatti' from project 'hatti')
    cd /Users/wesleykeetch/Documents/Developer/hatti
    
/Users/wesleykeetch/Documents/Developer/hatti/hatti/Services/Trigger/TriggerEngine.swift:19:9: warning: stored property 'condition' of 'Sendable'-conforming struct 'TriggerEvaluationResult' has non-sendable type 'TriggerCondition'; this is an error in the Swift 6 language mode
    let condition: TriggerCondition
        ^
/Users/wesleykeetch/Documents/Developer/hatti/hatti/Models/TriggerCondition.swift:12:13: note: class 'TriggerCondition' does not conform to the 'Sendable' protocol
final class TriggerCondition {
            ^
/Users/wesleykeetch/Documents/Developer/hatti/hatti/Services/Trigger/TriggerEngine.swift:23:9: warning: stored property 'weatherData' of 'Sendable'-conforming struct 'TriggerEvaluationResult' has non-sendable type 'WeatherData?'; this is an error in the Swift 6 language mode
    let weatherData: WeatherData?
        ^
Swift.Optional:1:21: note: generic enum 'Optional' does not conform to the 'Sendable' protocol
@frozen public enum Optional<Wrapped> : ~Copyable where Wrapped : ~Copyable {
                    ^
/Users/wesleykeetch/Documents/Developer/hatti/hatti/Services/Trigger/TriggerEngine.swift:55:9: warning: stored property 'historicalData' of 'Sendable'-conforming struct 'HistoricalWeatherContext' has non-sendable type '[WeatherData]'; this is an error in the Swift 6 language mode
    let historicalData: [WeatherData]
        ^
Swift.Array:1:23: note: generic struct 'Array' does not conform to the 'Sendable' protocol
@frozen public struct Array<Element> : _DestructorSafeContainer {
                      ^
/Users/wesleykeetch/Documents/Developer/hatti/hatti/Services/Trigger/TriggerEngine+Performance.swift:14:1: warning: extension declares a conformance of imported type 'CLLocationCoordinate2D' to imported protocols 'Hashable', 'Equatable'; this will not behave correctly if the owners of 'CoreLocation' introduce this conformance in the future
extension CLLocationCoordinate2D: Hashable {
^
/Users/wesleykeetch/Documents/Developer/hatti/hatti/Services/Trigger/TriggerEngine+Performance.swift:14:1: note: add '@retroactive' to silence this warning
extension CLLocationCoordinate2D: Hashable {
^                                 ~~~~~~~~
                                  @retroactive Hashable

SwiftCompile normal arm64 Compiling\ QuickCreateReminderView.swift,\ LocationPermissionManager.swift,\ ReminderSummaryCard.swift,\ LocationData.swift,\ DataPrivacyView.swift,\ LocationManagementComponents.swift,\ SettingsSubViews.swift,\ WeatherAlert.swift,\ FirstReminderCreationViewModel.swift /Users/wesleykeetch/Documents/Developer/hatti/hatti/Views/Reminders/QuickCreateReminderView.swift /Users/wesleykeetch/Documents/Developer/hatti/hatti/Services/Location/LocationPermissionManager.swift /Users/wesleykeetch/Documents/Developer/hatti/hatti/Views/Components/ReminderSummaryCard.swift /Users/wesleykeetch/Documents/Developer/hatti/hatti/Models/LocationData.swift /Users/wesleykeetch/Documents/Developer/hatti/hatti/Views/Settings/DataPrivacyView.swift /Users/wesleykeetch/Documents/Developer/hatti/hatti/Views/Location/LocationManagementComponents.swift /Users/wesleykeetch/Documents/Developer/hatti/hatti/Views/Settings/SettingsSubViews.swift /Users/wesleykeetch/Documents/Developer/hatti/hatti/Models/WeatherAlert.swift /Users/wesleykeetch/Documents/Developer/hatti/hatti/ViewModels/FirstReminderCreationViewModel.swift (in target 'hatti' from project 'hatti')
SwiftCompile normal arm64 /Users/wesleykeetch/Documents/Developer/hatti/hatti/Views/Reminders/QuickCreateReminderView.swift (in target 'hatti' from project 'hatti')
    cd /Users/wesleykeetch/Documents/Developer/hatti
    

SwiftCompile normal arm64 /Users/wesleykeetch/Documents/Developer/hatti/hatti/Services/Location/LocationPermissionManager.swift (in target 'hatti' from project 'hatti')
    cd /Users/wesleykeetch/Documents/Developer/hatti
    

SwiftCompile normal arm64 /Users/wesleykeetch/Documents/Developer/hatti/hatti/Views/Components/ReminderSummaryCard.swift (in target 'hatti' from project 'hatti')
    cd /Users/wesleykeetch/Documents/Developer/hatti
    

SwiftCompile normal arm64 /Users/wesleykeetch/Documents/Developer/hatti/hatti/Models/LocationData.swift (in target 'hatti' from project 'hatti')
    cd /Users/wesleykeetch/Documents/Developer/hatti
    

SwiftCompile normal arm64 /Users/wesleykeetch/Documents/Developer/hatti/hatti/Views/Settings/DataPrivacyView.swift (in target 'hatti' from project 'hatti')
    cd /Users/wesleykeetch/Documents/Developer/hatti
    

SwiftCompile normal arm64 /Users/wesleykeetch/Documents/Developer/hatti/hatti/Views/Location/LocationManagementComponents.swift (in target 'hatti' from project 'hatti')
    cd /Users/wesleykeetch/Documents/Developer/hatti
    

SwiftCompile normal arm64 /Users/wesleykeetch/Documents/Developer/hatti/hatti/Views/Settings/SettingsSubViews.swift (in target 'hatti' from project 'hatti')
    cd /Users/wesleykeetch/Documents/Developer/hatti
    

SwiftCompile normal arm64 /Users/wesleykeetch/Documents/Developer/hatti/hatti/Models/WeatherAlert.swift (in target 'hatti' from project 'hatti')
    cd /Users/wesleykeetch/Documents/Developer/hatti
    

SwiftCompile normal arm64 /Users/wesleykeetch/Documents/Developer/hatti/hatti/ViewModels/FirstReminderCreationViewModel.swift (in target 'hatti' from project 'hatti')
    cd /Users/wesleykeetch/Documents/Developer/hatti
    

SwiftCompile normal arm64 Compiling\ SettingsView.swift,\ WeatherData.swift,\ LocationManagementViewModel.swift,\ NotificationPermissionView.swift,\ TriggerEngine+SeasonalAnalysis.swift,\ AllRemindersView.swift,\ WeatherError.swift,\ DetailedReminderComponents.swift,\ GeneratedAssetSymbols.swift /Users/wesleykeetch/Documents/Developer/hatti/hatti/Views/Settings/SettingsView.swift /Users/wesleykeetch/Documents/Developer/hatti/hatti/Models/WeatherData.swift /Users/wesleykeetch/Documents/Developer/hatti/hatti/ViewModels/LocationManagementViewModel.swift /Users/wesleykeetch/Documents/Developer/hatti/hatti/Views/Onboarding/NotificationPermissionView.swift /Users/wesleykeetch/Documents/Developer/hatti/hatti/Services/Trigger/TriggerEngine+SeasonalAnalysis.swift /Users/wesleykeetch/Documents/Developer/hatti/hatti/Views/Reminders/AllRemindersView.swift /Users/wesleykeetch/Documents/Developer/hatti/hatti/Services/Weather/WeatherError.swift /Users/wesleykeetch/Documents/Developer/hatti/hatti/Views/Components/DetailedReminderComponents.swift /Users/wesleykeetch/Library/Developer/Xcode/DerivedData/hatti-bvbyepqcuvplcsgfasreddgzbiti/Build/Intermediates.noindex/hatti.build/Debug-iphonesimulator/hatti.build/DerivedSources/GeneratedAssetSymbols.swift (in target 'hatti' from project 'hatti')

SwiftCompile normal arm64 /Users/wesleykeetch/Documents/Developer/hatti/hatti/Views/Settings/SettingsView.swift (in target 'hatti' from project 'hatti')
    cd /Users/wesleykeetch/Documents/Developer/hatti
    

SwiftCompile normal arm64 /Users/wesleykeetch/Documents/Developer/hatti/hatti/Models/WeatherData.swift (in target 'hatti' from project 'hatti')
    cd /Users/wesleykeetch/Documents/Developer/hatti
    

SwiftCompile normal arm64 /Users/wesleykeetch/Documents/Developer/hatti/hatti/ViewModels/LocationManagementViewModel.swift (in target 'hatti' from project 'hatti')
    cd /Users/wesleykeetch/Documents/Developer/hatti
    

SwiftCompile normal arm64 /Users/wesleykeetch/Documents/Developer/hatti/hatti/Views/Onboarding/NotificationPermissionView.swift (in target 'hatti' from project 'hatti')
    cd /Users/wesleykeetch/Documents/Developer/hatti
    

SwiftCompile normal arm64 /Users/wesleykeetch/Documents/Developer/hatti/hatti/Services/Trigger/TriggerEngine+SeasonalAnalysis.swift (in target 'hatti' from project 'hatti')
    cd /Users/wesleykeetch/Documents/Developer/hatti
    

SwiftCompile normal arm64 /Users/wesleykeetch/Documents/Developer/hatti/hatti/Views/Reminders/AllRemindersView.swift (in target 'hatti' from project 'hatti')
    cd /Users/wesleykeetch/Documents/Developer/hatti
    

SwiftCompile normal arm64 /Users/wesleykeetch/Documents/Developer/hatti/hatti/Services/Weather/WeatherError.swift (in target 'hatti' from project 'hatti')
    cd /Users/wesleykeetch/Documents/Developer/hatti
    

SwiftCompile normal arm64 /Users/wesleykeetch/Documents/Developer/hatti/hatti/Views/Components/DetailedReminderComponents.swift (in target 'hatti' from project 'hatti')
    cd /Users/wesleykeetch/Documents/Developer/hatti
    

SwiftCompile normal arm64 /Users/wesleykeetch/Library/Developer/Xcode/DerivedData/hatti-bvbyepqcuvplcsgfasreddgzbiti/Build/Intermediates.noindex/hatti.build/Debug-iphonesimulator/hatti.build/DerivedSources/GeneratedAssetSymbols.swift (in target 'hatti' from project 'hatti')
    cd /Users/wesleykeetch/Documents/Developer/hatti
    

ProcessInfoPlistFile /Users/wesleykeetch/Library/Developer/Xcode/DerivedData/hatti-bvbyepqcuvplcsgfasreddgzbiti/Build/Products/Debug-iphonesimulator/hatti.app/Info.plist /Users/wesleykeetch/Documents/Developer/hatti/hatti/Info.plist (in target 'hatti' from project 'hatti')
    cd /Users/wesleykeetch/Documents/Developer/hatti
    builtin-infoPlistUtility /Users/wesleykeetch/Documents/Developer/hatti/hatti/Info.plist -producttype com.apple.product-type.application -genpkginfo /Users/wesleykeetch/Library/Developer/Xcode/DerivedData/hatti-bvbyepqcuvplcsgfasreddgzbiti/Build/Products/Debug-iphonesimulator/hatti.app/PkgInfo -expandbuildsettings -format binary -platform iphonesimulator -additionalcontentfile /Users/wesleykeetch/Library/Developer/Xcode/DerivedData/hatti-bvbyepqcuvplcsgfasreddgzbiti/Build/Intermediates.noindex/hatti.build/Debug-iphonesimulator/hatti.build/assetcatalog_generated_info.plist -o /Users/wesleykeetch/Library/Developer/Xcode/DerivedData/hatti-bvbyepqcuvplcsgfasreddgzbiti/Build/Products/Debug-iphonesimulator/hatti.app/Info.plist

SwiftDriverJobDiscovery normal arm64 Emitting module for hatti (in target 'hatti' from project 'hatti')

SwiftDriver\ Compilation\ Requirements hatti normal arm64 com.apple.xcode.tools.swift.compiler (in target 'hatti' from project 'hatti')
    cd /Users/wesleykeetch/Documents/Developer/hatti
    builtin-Swift-Compilation-Requirements -- /Applications/Xcode.app/Contents/Developer/Toolchains/XcodeDefault.xctoolchain/usr/bin/swiftc -module-name hatti -Onone -enforce-exclusivity\=checked @/Users/wesleykeetch/Library/Developer/Xcode/DerivedData/hatti-bvbyepqcuvplcsgfasreddgzbiti/Build/Intermediates.noindex/hatti.build/Debug-iphonesimulator/hatti.build/Objects-normal/arm64/hatti.SwiftFileList -DDEBUG -enable-bare-slash-regex -enable-upcoming-feature MemberImportVisibility -enable-experimental-feature DebugDescriptionMacro -sdk /Applications/Xcode.app/Contents/Developer/Platforms/iPhoneSimulator.platform/Developer/SDKs/iPhoneSimulator18.5.sdk -target arm64-apple-ios26.0-simulator -g -module-cache-path /Users/wesleykeetch/Library/Developer/Xcode/DerivedData/ModuleCache.noindex -Xfrontend -serialize-debugging-options -profile-coverage-mapping -profile-generate -enable-testing -index-store-path /Users/wesleykeetch/Library/Developer/Xcode/DerivedData/hatti-bvbyepqcuvplcsgfasreddgzbiti/Index.noindex/DataStore -swift-version 5 -I /Users/wesleykeetch/Library/Developer/Xcode/DerivedData/hatti-bvbyepqcuvplcsgfasreddgzbiti/Build/Products/Debug-iphonesimulator -F /Users/wesleykeetch/Library/Developer/Xcode/DerivedData/hatti-bvbyepqcuvplcsgfasreddgzbiti/Build/Products/Debug-iphonesimulator -emit-localized-strings -emit-localized-strings-path /Users/wesleykeetch/Library/Developer/Xcode/DerivedData/hatti-bvbyepqcuvplcsgfasreddgzbiti/Build/Intermediates.noindex/hatti.build/Debug-iphonesimulator/hatti.build/Objects-normal/arm64 -c -j8 -enable-batch-mode -incremental -Xcc -ivfsstatcache -Xcc /Users/wesleykeetch/Library/Developer/Xcode/DerivedData/SDKStatCaches.noindex/iphonesimulator18.5-22F76-d5fc8ad4295d2ef488fb7d0f804ce0c4.sdkstatcache -output-file-map /Users/wesleykeetch/Library/Developer/Xcode/DerivedData/hatti-bvbyepqcuvplcsgfasreddgzbiti/Build/Intermediates.noindex/hatti.build/Debug-iphonesimulator/hatti.build/Objects-normal/arm64/hatti-OutputFileMap.json -use-frontend-parseable-output -save-temps -no-color-diagnostics -serialize-diagnostics -emit-dependencies -emit-module -emit-module-path /Users/wesleykeetch/Library/Developer/Xcode/DerivedData/hatti-bvbyepqcuvplcsgfasreddgzbiti/Build/Intermediates.noindex/hatti.build/Debug-iphonesimulator/hatti.build/Objects-normal/arm64/hatti.swiftmodule -validate-clang-modules-once -clang-build-session-file /Users/wesleykeetch/Library/Developer/Xcode/DerivedData/ModuleCache.noindex/Session.modulevalidation -Xcc -I/Users/wesleykeetch/Library/Developer/Xcode/DerivedData/hatti-bvbyepqcuvplcsgfasreddgzbiti/Build/Intermediates.noindex/hatti.build/Debug-iphonesimulator/hatti.build/swift-overrides.hmap -emit-const-values -Xfrontend -const-gather-protocols-file -Xfrontend /Users/wesleykeetch/Library/Developer/Xcode/DerivedData/hatti-bvbyepqcuvplcsgfasreddgzbiti/Build/Intermediates.noindex/hatti.build/Debug-iphonesimulator/hatti.build/Objects-normal/arm64/hatti_const_extract_protocols.json -Xcc -iquote -Xcc /Users/wesleykeetch/Library/Developer/Xcode/DerivedData/hatti-bvbyepqcuvplcsgfasreddgzbiti/Build/Intermediates.noindex/hatti.build/Debug-iphonesimulator/hatti.build/hatti-generated-files.hmap -Xcc -I/Users/wesleykeetch/Library/Developer/Xcode/DerivedData/hatti-bvbyepqcuvplcsgfasreddgzbiti/Build/Intermediates.noindex/hatti.build/Debug-iphonesimulator/hatti.build/hatti-own-target-headers.hmap -Xcc -I/Users/wesleykeetch/Library/Developer/Xcode/DerivedData/hatti-bvbyepqcuvplcsgfasreddgzbiti/Build/Intermediates.noindex/hatti.build/Debug-iphonesimulator/hatti.build/hatti-all-target-headers.hmap -Xcc -iquote -Xcc /Users/wesleykeetch/Library/Developer/Xcode/DerivedData/hatti-bvbyepqcuvplcsgfasreddgzbiti/Build/Intermediates.noindex/hatti.build/Debug-iphonesimulator/hatti.build/hatti-project-headers.hmap -Xcc -I/Users/wesleykeetch/Library/Developer/Xcode/DerivedData/hatti-bvbyepqcuvplcsgfasreddgzbiti/Build/Products/Debug-iphonesimulator/include -Xcc -I/Users/wesleykeetch/Library/Developer/Xcode/DerivedData/hatti-bvbyepqcuvplcsgfasreddgzbiti/Build/Intermediates.noindex/hatti.build/Debug-iphonesimulator/hatti.build/DerivedSources-normal/arm64 -Xcc -I/Users/wesleykeetch/Library/Developer/Xcode/DerivedData/hatti-bvbyepqcuvplcsgfasreddgzbiti/Build/Intermediates.noindex/hatti.build/Debug-iphonesimulator/hatti.build/DerivedSources/arm64 -Xcc -I/Users/wesleykeetch/Library/Developer/Xcode/DerivedData/hatti-bvbyepqcuvplcsgfasreddgzbiti/Build/Intermediates.noindex/hatti.build/Debug-iphonesimulator/hatti.build/DerivedSources -Xcc -DDEBUG\=1 -emit-objc-header -emit-objc-header-path /Users/wesleykeetch/Library/Developer/Xcode/DerivedData/hatti-bvbyepqcuvplcsgfasreddgzbiti/Build/Intermediates.noindex/hatti.build/Debug-iphonesimulator/hatti.build/Objects-normal/arm64/hatti-Swift.h -working-directory /Users/wesleykeetch/Documents/Developer/hatti -experimental-emit-module-separately -disable-cmo

SwiftCompile normal arm64 Compiling\ CelebrationView.swift,\ WeatherViewComponents.swift,\ TriggerEngine+Performance.swift,\ WeatherAPI.swift,\ ConditionBuilderView.swift,\ WelcomeViewComponents.swift,\ NotificationTiming.swift,\ DataPrivacyViewModel.swift,\ LocationManagementView.swift /Users/wesleykeetch/Documents/Developer/hatti/hatti/Views/Onboarding/CelebrationView.swift /Users/wesleykeetch/Documents/Developer/hatti/hatti/Views/Weather/WeatherViewComponents.swift /Users/wesleykeetch/Documents/Developer/hatti/hatti/Services/Trigger/TriggerEngine+Performance.swift /Users/wesleykeetch/Documents/Developer/hatti/hatti/Services/Weather/WeatherAPI.swift /Users/wesleykeetch/Documents/Developer/hatti/hatti/Views/Components/ConditionBuilderView.swift /Users/wesleykeetch/Documents/Developer/hatti/hatti/Views/Components/WelcomeViewComponents.swift /Users/wesleykeetch/Documents/Developer/hatti/hatti/Models/NotificationTiming.swift /Users/wesleykeetch/Documents/Developer/hatti/hatti/ViewModels/Settings/DataPrivacyViewModel.swift /Users/wesleykeetch/Documents/Developer/hatti/hatti/Views/Location/LocationManagementView.swift (in target 'hatti' from project 'hatti')

SwiftCompile normal arm64 /Users/wesleykeetch/Documents/Developer/hatti/hatti/Views/Onboarding/CelebrationView.swift (in target 'hatti' from project 'hatti')
    cd /Users/wesleykeetch/Documents/Developer/hatti
    

SwiftCompile normal arm64 /Users/wesleykeetch/Documents/Developer/hatti/hatti/Views/Weather/WeatherViewComponents.swift (in target 'hatti' from project 'hatti')
    cd /Users/wesleykeetch/Documents/Developer/hatti
    

SwiftCompile normal arm64 /Users/wesleykeetch/Documents/Developer/hatti/hatti/Services/Trigger/TriggerEngine+Performance.swift (in target 'hatti' from project 'hatti')
    cd /Users/wesleykeetch/Documents/Developer/hatti
    

SwiftCompile normal arm64 /Users/wesleykeetch/Documents/Developer/hatti/hatti/Services/Weather/WeatherAPI.swift (in target 'hatti' from project 'hatti')
    cd /Users/wesleykeetch/Documents/Developer/hatti
    

SwiftCompile normal arm64 /Users/wesleykeetch/Documents/Developer/hatti/hatti/Views/Components/ConditionBuilderView.swift (in target 'hatti' from project 'hatti')
    cd /Users/wesleykeetch/Documents/Developer/hatti
    

SwiftCompile normal arm64 /Users/wesleykeetch/Documents/Developer/hatti/hatti/Views/Components/WelcomeViewComponents.swift (in target 'hatti' from project 'hatti')
    cd /Users/wesleykeetch/Documents/Developer/hatti
    

SwiftCompile normal arm64 /Users/wesleykeetch/Documents/Developer/hatti/hatti/Models/NotificationTiming.swift (in target 'hatti' from project 'hatti')
    cd /Users/wesleykeetch/Documents/Developer/hatti
    

SwiftCompile normal arm64 /Users/wesleykeetch/Documents/Developer/hatti/hatti/ViewModels/Settings/DataPrivacyViewModel.swift (in target 'hatti' from project 'hatti')
    cd /Users/wesleykeetch/Documents/Developer/hatti
    

SwiftCompile normal arm64 /Users/wesleykeetch/Documents/Developer/hatti/hatti/Views/Location/LocationManagementView.swift (in target 'hatti' from project 'hatti')
    cd /Users/wesleykeetch/Documents/Developer/hatti
    

SwiftMergeGeneratedHeaders /Users/wesleykeetch/Library/Developer/Xcode/DerivedData/hatti-bvbyepqcuvplcsgfasreddgzbiti/Build/Intermediates.noindex/hatti.build/Debug-iphonesimulator/hatti.build/DerivedSources/hatti-Swift.h /Users/wesleykeetch/Library/Developer/Xcode/DerivedData/hatti-bvbyepqcuvplcsgfasreddgzbiti/Build/Intermediates.noindex/hatti.build/Debug-iphonesimulator/hatti.build/Objects-normal/arm64/hatti-Swift.h (in target 'hatti' from project 'hatti')
    cd /Users/wesleykeetch/Documents/Developer/hatti
    builtin-swiftHeaderTool -arch arm64 /Users/wesleykeetch/Library/Developer/Xcode/DerivedData/hatti-bvbyepqcuvplcsgfasreddgzbiti/Build/Intermediates.noindex/hatti.build/Debug-iphonesimulator/hatti.build/Objects-normal/arm64/hatti-Swift.h -o /Users/wesleykeetch/Library/Developer/Xcode/DerivedData/hatti-bvbyepqcuvplcsgfasreddgzbiti/Build/Intermediates.noindex/hatti.build/Debug-iphonesimulator/hatti.build/DerivedSources/hatti-Swift.h

note: Removed stale file '/Users/wesleykeetch/Library/Developer/Xcode/DerivedData/hatti-bvbyepqcuvplcsgfasreddgzbiti/Build/Intermediates.noindex/hatti.build/Debug-iphonesimulator/hatti.build/Objects-normal/arm64/hatti-linker-args.resp'

/Users/wesleykeetch/Documents/Developer/hatti/hatti.xcodeproj: warning: The iOS Simulator deployment target 'IPHONEOS_DEPLOYMENT_TARGET' is set to 26.0, but the range of supported deployment target versions is 12.0 to 18.5.99. (in target 'hatti' from project 'hatti')
** BUILD FAILED **


The following build commands failed:
	SwiftCompile normal arm64 Compiling\ DashboardViewModel.swift,\ ManualLocationEntryView.swift,\ WeatherAlertsView.swift,\ TriggerEngine.swift,\ UserPreferencesViewModel.swift,\ WelcomeView.swift,\ FirstReminderCreationView.swift,\ WeatherServiceConfiguration.swift,\ ReminderManagementComponents.swift,\ Item.swift /Users/wesleykeetch/Documents/Developer/hatti/hatti/ViewModels/DashboardViewModel.swift /Users/wesleykeetch/Documents/Developer/hatti/hatti/Views/Location/ManualLocationEntryView.swift /Users/wesleykeetch/Documents/Developer/hatti/hatti/Views/Weather/WeatherAlertsView.swift /Users/wesleykeetch/Documents/Developer/hatti/hatti/Services/Trigger/TriggerEngine.swift /Users/wesleykeetch/Documents/Developer/hatti/hatti/ViewModels/UserPreferencesViewModel.swift /Users/wesleykeetch/Documents/Developer/hatti/hatti/Views/Onboarding/WelcomeView.swift /Users/wesleykeetch/Documents/Developer/hatti/hatti/Views/Reminders/FirstReminderCreationView.swift /Users/wesleykeetch/Documents/Developer/hatti/hatti/Services/Weather/WeatherServiceConfiguration.swift /Users/wesleykeetch/Documents/Developer/hatti/hatti/Views/Components/ReminderManagementComponents.swift /Users/wesleykeetch/Documents/Developer/hatti/hatti/Models/Item.swift (in target 'hatti' from project 'hatti')
	SwiftCompile normal arm64 /Users/wesleykeetch/Documents/Developer/hatti/hatti/Views/Onboarding/WelcomeView.swift (in target 'hatti' from project 'hatti')
	Building project hatti with scheme hatti and configuration Debug
(3 failures)
